Archive member included to satisfy reference by file (symbol)

/usr/lib/gcc/arm-none-eabi/9.2.1/thumb/v6-m/nofp/libgcc.a(_thumb1_case_sqi.o)
                              build/Default/production/main.o (__gnu_thumb1_case_sqi)
/usr/lib/gcc/arm-none-eabi/9.2.1/thumb/v6-m/nofp/libgcc.a(_aeabi_ldivmod.o)
                              build/Default/production/hpl/sercom/hpl_sercom.o (__aeabi_ldivmod)
/usr/lib/gcc/arm-none-eabi/9.2.1/thumb/v6-m/nofp/libgcc.a(_aeabi_uldivmod.o)
                              build/Default/production/hpl/sercom/hpl_sercom.o (__aeabi_uldivmod)
/usr/lib/gcc/arm-none-eabi/9.2.1/thumb/v6-m/nofp/libgcc.a(_muldi3.o)
                              build/Default/production/hpl/sercom/hpl_sercom.o (__aeabi_lmul)
/usr/lib/gcc/arm-none-eabi/9.2.1/thumb/v6-m/nofp/libgcc.a(_fixunsdfsi.o)
                              build/Default/production/hpl/sercom/hpl_sercom.o (__aeabi_d2uiz)
/usr/lib/gcc/arm-none-eabi/9.2.1/thumb/v6-m/nofp/libgcc.a(_udivmoddi4.o)
                              /usr/lib/gcc/arm-none-eabi/9.2.1/thumb/v6-m/nofp/libgcc.a(_aeabi_uldivmod.o) (__udivmoddi4)
/usr/lib/gcc/arm-none-eabi/9.2.1/thumb/v6-m/nofp/libgcc.a(bpabi.o)
                              /usr/lib/gcc/arm-none-eabi/9.2.1/thumb/v6-m/nofp/libgcc.a(_aeabi_ldivmod.o) (__gnu_ldivmod_helper)
/usr/lib/gcc/arm-none-eabi/9.2.1/thumb/v6-m/nofp/libgcc.a(divdf3.o)
                              build/Default/production/hpl/sercom/hpl_sercom.o (__aeabi_ddiv)
/usr/lib/gcc/arm-none-eabi/9.2.1/thumb/v6-m/nofp/libgcc.a(muldf3.o)
                              build/Default/production/hpl/sercom/hpl_sercom.o (__aeabi_dmul)
/usr/lib/gcc/arm-none-eabi/9.2.1/thumb/v6-m/nofp/libgcc.a(subdf3.o)
                              build/Default/production/hpl/sercom/hpl_sercom.o (__aeabi_dsub)
/usr/lib/gcc/arm-none-eabi/9.2.1/thumb/v6-m/nofp/libgcc.a(fixdfsi.o)
                              /usr/lib/gcc/arm-none-eabi/9.2.1/thumb/v6-m/nofp/libgcc.a(_fixunsdfsi.o) (__aeabi_d2iz)
/usr/lib/gcc/arm-none-eabi/9.2.1/thumb/v6-m/nofp/libgcc.a(floatsidf.o)
                              build/Default/production/hpl/sercom/hpl_sercom.o (__aeabi_i2d)
/usr/lib/gcc/arm-none-eabi/9.2.1/thumb/v6-m/nofp/libgcc.a(floatunsidf.o)
                              build/Default/production/hpl/sercom/hpl_sercom.o (__aeabi_ui2d)
/usr/lib/gcc/arm-none-eabi/9.2.1/thumb/v6-m/nofp/libgcc.a(_dvmd_tls.o)
                              /usr/lib/gcc/arm-none-eabi/9.2.1/thumb/v6-m/nofp/libgcc.a(_aeabi_ldivmod.o) (__aeabi_ldiv0)
/usr/lib/gcc/arm-none-eabi/9.2.1/thumb/v6-m/nofp/libgcc.a(_arm_cmpdf2.o)
                              /usr/lib/gcc/arm-none-eabi/9.2.1/thumb/v6-m/nofp/libgcc.a(_fixunsdfsi.o) (__aeabi_dcmpge)
/usr/lib/gcc/arm-none-eabi/9.2.1/thumb/v6-m/nofp/libgcc.a(_clzsi2.o)
                              /usr/lib/gcc/arm-none-eabi/9.2.1/thumb/v6-m/nofp/libgcc.a(divdf3.o) (__clzsi2)
/usr/lib/gcc/arm-none-eabi/9.2.1/thumb/v6-m/nofp/libgcc.a(_clzdi2.o)
                              /usr/lib/gcc/arm-none-eabi/9.2.1/thumb/v6-m/nofp/libgcc.a(_udivmoddi4.o) (__clzdi2)
/usr/lib/gcc/arm-none-eabi/9.2.1/thumb/v6-m/nofp/libgcc.a(_divdi3.o)
                              /usr/lib/gcc/arm-none-eabi/9.2.1/thumb/v6-m/nofp/libgcc.a(bpabi.o) (__divdi3)
/usr/lib/gcc/arm-none-eabi/9.2.1/thumb/v6-m/nofp/libgcc.a(eqdf2.o)
                              /usr/lib/gcc/arm-none-eabi/9.2.1/thumb/v6-m/nofp/libgcc.a(_arm_cmpdf2.o) (__eqdf2)
/usr/lib/gcc/arm-none-eabi/9.2.1/thumb/v6-m/nofp/libgcc.a(gedf2.o)
                              /usr/lib/gcc/arm-none-eabi/9.2.1/thumb/v6-m/nofp/libgcc.a(_arm_cmpdf2.o) (__gedf2)
/usr/lib/gcc/arm-none-eabi/9.2.1/thumb/v6-m/nofp/libgcc.a(ledf2.o)
                              /usr/lib/gcc/arm-none-eabi/9.2.1/thumb/v6-m/nofp/libgcc.a(_arm_cmpdf2.o) (__ledf2)
/usr/lib/gcc/arm-none-eabi/9.2.1/../../../arm-none-eabi/lib/thumb/v6-m/nofp/libc.a(lib_a-atexit.o)
                              /usr/lib/gcc/arm-none-eabi/9.2.1/../../../arm-none-eabi/lib/thumb/v6-m/nofp/crt0.o (atexit)
/usr/lib/gcc/arm-none-eabi/9.2.1/../../../arm-none-eabi/lib/thumb/v6-m/nofp/libc.a(lib_a-ctype_.o)
                              build/Default/production/main.o (_ctype_)
/usr/lib/gcc/arm-none-eabi/9.2.1/../../../arm-none-eabi/lib/thumb/v6-m/nofp/libc.a(lib_a-exit.o)
                              /usr/lib/gcc/arm-none-eabi/9.2.1/../../../arm-none-eabi/lib/thumb/v6-m/nofp/crt0.o (exit)
/usr/lib/gcc/arm-none-eabi/9.2.1/../../../arm-none-eabi/lib/thumb/v6-m/nofp/libc.a(lib_a-fini.o)
                              /usr/lib/gcc/arm-none-eabi/9.2.1/../../../arm-none-eabi/lib/thumb/v6-m/nofp/crt0.o (__libc_fini_array)
/usr/lib/gcc/arm-none-eabi/9.2.1/../../../arm-none-eabi/lib/thumb/v6-m/nofp/libc.a(lib_a-impure.o)
                              /usr/lib/gcc/arm-none-eabi/9.2.1/../../../arm-none-eabi/lib/thumb/v6-m/nofp/libc.a(lib_a-exit.o) (_global_impure_ptr)
/usr/lib/gcc/arm-none-eabi/9.2.1/../../../arm-none-eabi/lib/thumb/v6-m/nofp/libc.a(lib_a-init.o)
[...]
Memory Configuration

Name             Origin             Length             Attributes
rom              0x0000000000000000 0x0000000000040000 xr
ram              0x0000000020000000 0x0000000000008000 xrw
*default*        0x0000000000000000 0xffffffffffffffff

Linker script and memory map

LOAD /usr/lib/gcc/arm-none-eabi/9.2.1/thumb/v6-m/nofp/crti.o
LOAD /usr/lib/gcc/arm-none-eabi/9.2.1/thumb/v6-m/nofp/crtbegin.o
LOAD /usr/lib/gcc/arm-none-eabi/9.2.1/../../../arm-none-eabi/lib/thumb/v6-m/nofp/crt0.o
LOAD build/Default/production/examples/driver_examples.o
LOAD build/Default/production/hal/src/hal_atomic.o
LOAD build/Default/production/hal/src/hal_can_async.o
LOAD build/Default/production/hal/src/hal_delay.o
LOAD build/Default/production/hal/src/hal_flash.o
LOAD build/Default/production/hal/src/hal_gpio.o
LOAD build/Default/production/hal/src/hal_init.o
LOAD build/Default/production/hal/src/hal_io.o
LOAD build/Default/production/hal/src/hal_sleep.o
LOAD build/Default/production/hal/src/hal_timer.o
LOAD build/Default/production/hal/src/hal_usart_sync.o
LOAD build/Default/production/hal/utils/src/utils_assert.o
LOAD build/Default/production/hal/utils/src/utils_event.o
LOAD build/Default/production/hal/utils/src/utils_list.o
LOAD build/Default/production/hal/utils/src/utils_syscalls.o
LOAD build/Default/production/hpl/can/hpl_can.o
LOAD build/Default/production/hpl/core/hpl_core_m0plus_base.o
LOAD build/Default/production/hpl/core/hpl_init.o
LOAD build/Default/production/hpl/divas/hpl_divas.o
LOAD build/Default/production/hpl/dmac/hpl_dmac.o
LOAD build/Default/production/hpl/gclk/hpl_gclk.o
LOAD build/Default/production/hpl/mclk/hpl_mclk.o
LOAD build/Default/production/hpl/nvmctrl/hpl_nvmctrl.o
LOAD build/Default/production/hpl/osc32kctrl/hpl_osc32kctrl.o
LOAD build/Default/production/hpl/oscctrl/hpl_oscctrl.o
LOAD build/Default/production/hpl/pm/hpl_pm.o
LOAD build/Default/production/hpl/sercom/hpl_sercom.o
LOAD build/Default/production/hpl/tc/hpl_tc.o
LOAD build/Default/production/samc21n/gcc/gcc/startup_samc21.o
LOAD build/Default/production/samc21n/gcc/system_samc21.o
LOAD build/Default/production/stdio_redirect/gcc/read.o
LOAD build/Default/production/stdio_redirect/gcc/write.o
LOAD build/Default/production/stdio_redirect/stdio_io.o
LOAD build/Default/production/main.o
LOAD build/Default/production/driver_init.o
LOAD build/Default/production/stdio_start.o
LOAD build/Default/production/atmel_start.o
                0x0000000000000001                __MPLAB_BUILD = 0x1
START GROUP
LOAD /usr/lib/gcc/arm-none-eabi/9.2.1/thumb/v6-m/nofp/libgcc.a
LOAD /usr/lib/gcc/arm-none-eabi/9.2.1/../../../arm-none-eabi/lib/thumb/v6-m/nofp/libc.a
END GROUP
START GROUP
LOAD /usr/lib/gcc/arm-none-eabi/9.2.1/thumb/v6-m/nofp/libgcc.a
LOAD /usr/lib/gcc/arm-none-eabi/9.2.1/../../../arm-none-eabi/lib/thumb/v6-m/nofp/libc.a
LOAD /usr/lib/gcc/arm-none-eabi/9.2.1/../../../arm-none-eabi/lib/thumb/v6-m/nofp/libnosys.a
END GROUP
LOAD /usr/lib/gcc/arm-none-eabi/9.2.1/thumb/v6-m/nofp/crtend.o
LOAD /usr/lib/gcc/arm-none-eabi/9.2.1/thumb/v6-m/nofp/crtn.o
                0x0000000000002000                STACK_SIZE = DEFINED (STACK_SIZE)?STACK_SIZE:DEFINED (__stack_size__)?__stack_size__:0x2000

.text           0x0000000000000000     0xc19c
                0x0000000000000000                . = ALIGN (0x4)
                0x0000000000000000                _sfixed = .
 *(.vectors .vectors.*)
 .vectors       0x0000000000000000       0xbc build/Default/production/samc21n/gcc/gcc/startup_samc21.o
                0x0000000000000000                exception_table
 *(.text .text.* .gnu.linkonce.t.*)
 .text          0x00000000000000bc       0x98 /usr/lib/gcc/arm-none-eabi/9.2.1/thumb/v6-m/nofp/crtbegin.o
 .text.can_tx_done
                0x0000000000000154        0xc build/Default/production/hal/src/hal_can_async.o
 .text.can_rx_done
                0x0000000000000160        0xc build/Default/production/hal/src/hal_can_async.o
 .text.can_irq_handler
                0x000000000000016c        0xc build/Default/production/hal/src/hal_can_async.o
 .text.can_async_init
                0x0000000000000178       0x2c build/Default/production/hal/src/hal_can_async.o
                0x0000000000000178                can_async_init
 .text.flash_ready
                0x00000000000001a4        0xc build/Default/production/hal/src/hal_flash.o
 .text.flash_error
                0x00000000000001b0        0xc build/Default/production/hal/src/hal_flash.o
 .text.flash_init
                0x00000000000001bc       0x24 build/Default/production/hal/src/hal_flash.o
                0x00000000000001bc                flash_init
 .text.flash_get_page_size
                0x00000000000001e0        0xc build/Default/production/hal/src/hal_flash.o
                0x00000000000001e0                flash_get_page_size
 .text.io_write
                0x00000000000001ec        0x8 build/Default/production/hal/src/hal_io.o
                0x00000000000001ec                io_write
 .text.io_read  0x00000000000001f4        0x8 build/Default/production/hal/src/hal_io.o
                0x00000000000001f4                io_read
 .text.timer_add_timer_task
                0x00000000000001fc       0x58 build/Default/production/hal/src/hal_timer.o
 .text.timer_process_counted
                0x0000000000000254       0x60 build/Default/production/hal/src/hal_timer.o
 .text.timer_init
                0x00000000000002b4       0x1c build/Default/production/hal/src/hal_timer.o
                0x00000000000002b4                timer_init
 .text.usart_sync_write
                0x00000000000002d0       0x54 build/Default/production/hal/src/hal_usart_sync.o
 .text.usart_sync_read
                0x0000000000000324       0x3c build/Default/production/hal/src/hal_usart_sync.o
 .text.usart_sync_init
                0x0000000000000360       0x24 build/Default/production/hal/src/hal_usart_sync.o
                0x0000000000000360                usart_sync_init
 .text.usart_sync_enable
                0x0000000000000384       0x10 build/Default/production/hal/src/hal_usart_sync.o
                0x0000000000000384                usart_sync_enable
 .text.usart_sync_get_io_descriptor
                0x0000000000000394        0x6 build/Default/production/hal/src/hal_usart_sync.o
                0x0000000000000394                usart_sync_get_io_descriptor
 *fill*         0x000000000000039a        0x2 
 .text.usart_sync_is_rx_not_empty
                0x000000000000039c       0x10 build/Default/production/hal/src/hal_usart_sync.o
                0x000000000000039c                usart_sync_is_rx_not_empty
 .text.list_insert_as_head
                0x00000000000003ac        0x8 build/Default/production/hal/utils/src/utils_list.o
                0x00000000000003ac                list_insert_as_head
 .text.list_insert_after
                0x00000000000003b4        0x8 build/Default/production/hal/utils/src/utils_list.o
                0x00000000000003b4                list_insert_after
 .text.list_remove_head
                0x00000000000003bc        0xe build/Default/production/hal/utils/src/utils_list.o
                0x00000000000003bc                list_remove_head
 *fill*         0x00000000000003ca        0x2 
 .text._sbrk    0x00000000000003cc       0x20 build/Default/production/hal/utils/src/utils_syscalls.o
                0x00000000000003cc                _sbrk
 .text._close   0x00000000000003ec        0x6 build/Default/production/hal/utils/src/utils_syscalls.o
                0x00000000000003ec                _close
 .text._fstat   0x00000000000003f2        0xa build/Default/production/hal/utils/src/utils_syscalls.o
                0x00000000000003f2                _fstat
 .text._isatty  0x00000000000003fc        0x4 build/Default/production/hal/utils/src/utils_syscalls.o
                0x00000000000003fc                _isatty
 .text._lseek   0x0000000000000400        0x4 build/Default/production/hal/utils/src/utils_syscalls.o
                0x0000000000000400                _lseek
 .text._exit    0x0000000000000404       0x14 build/Default/production/hal/utils/src/utils_syscalls.o
                0x0000000000000404                _exit
 .text._kill    0x0000000000000418        0x2 build/Default/production/hal/utils/src/utils_syscalls.o
                0x0000000000000418                _kill
 .text._getpid  0x000000000000041a        0x6 build/Default/production/hal/utils/src/utils_syscalls.o
                0x000000000000041a                _getpid
 .text._can_async_init
                0x0000000000000420      0x100 build/Default/production/hpl/can/hpl_can.o
                0x0000000000000420                _can_async_init
 .text.CAN0_Handler
                0x0000000000000520       0x60 build/Default/production/hpl/can/hpl_can.o
                0x0000000000000520                CAN0_Handler
 .text._init_chip
                0x0000000000000580       0x44 build/Default/production/hpl/core/hpl_init.o
                0x0000000000000580                _init_chip
 .text._div_init
                0x00000000000005c4        0xe build/Default/production/hpl/divas/hpl_divas.o
                0x00000000000005c4                _div_init
 .text.__aeabi_idiv
                0x00000000000005d2       0x2a build/Default/production/hpl/divas/hpl_divas.o
                0x00000000000005d2                __aeabi_idiv
 .text.__aeabi_uidiv
                0x00000000000005fc       0x2a build/Default/production/hpl/divas/hpl_divas.o
                0x00000000000005fc                __aeabi_uidiv
 *fill*         0x0000000000000626        0x2 
 .text.__aeabi_idivmod
                0x0000000000000628       0x34 build/Default/production/hpl/divas/hpl_divas.o
                0x0000000000000628                __aeabi_idivmod
 .text.__aeabi_uidivmod
                0x000000000000065c       0x34 build/Default/production/hpl/divas/hpl_divas.o
                0x000000000000065c                __aeabi_uidivmod
 .text._gclk_init_generators_by_fref
                0x0000000000000690       0x20 build/Default/production/hpl/gclk/hpl_gclk.o
                0x0000000000000690                _gclk_init_generators_by_fref
 .text._mclk_init
                0x00000000000006b0        0xc build/Default/production/hpl/mclk/hpl_mclk.o
                0x00000000000006b0                _mclk_init
 .text._flash_init
                0x00000000000006bc       0x34 build/Default/production/hpl/nvmctrl/hpl_nvmctrl.o
                0x00000000000006bc                _flash_init
 .text._flash_get_page_size
                0x00000000000006f0        0x4 build/Default/production/hpl/nvmctrl/hpl_nvmctrl.o
                0x00000000000006f0                _flash_get_page_size
 .text.NVMCTRL_Handler
                0x00000000000006f4       0x30 build/Default/production/hpl/nvmctrl/hpl_nvmctrl.o
                0x00000000000006f4                NVMCTRL_Handler
 .text._osc32kctrl_init_sources
                0x0000000000000724       0x20 build/Default/production/hpl/osc32kctrl/hpl_osc32kctrl.o
                0x0000000000000724                _osc32kctrl_init_sources
 .text._oscctrl_init_sources
                0x0000000000000744        0x2 build/Default/production/hpl/oscctrl/hpl_oscctrl.o
                0x0000000000000744                _oscctrl_init_sources
 *fill*         0x0000000000000746        0x2 
 .text._oscctrl_init_referenced_generators
                0x0000000000000748       0x68 build/Default/production/hpl/oscctrl/hpl_oscctrl.o
                0x0000000000000748                _oscctrl_init_referenced_generators
 .text.hri_sercomusart_wait_for_sync
                0x00000000000007b0        0x8 build/Default/production/hpl/sercom/hpl_sercom.o
 .text.hri_sercomusart_clear_CTRLA_ENABLE_bit
                0x00000000000007b8       0x18 build/Default/production/hpl/sercom/hpl_sercom.o
 .text._usart_init
                0x00000000000007d0       0x68 build/Default/production/hpl/sercom/hpl_sercom.o
 .text._usart_sync_init
                0x0000000000000838       0x10 build/Default/production/hpl/sercom/hpl_sercom.o
                0x0000000000000838                _usart_sync_init
 .text._usart_sync_enable
                0x0000000000000848       0x18 build/Default/production/hpl/sercom/hpl_sercom.o
                0x0000000000000848                _usart_sync_enable
 .text._usart_sync_write_byte
                0x0000000000000860        0x6 build/Default/production/hpl/sercom/hpl_sercom.o
                0x0000000000000860                _usart_sync_write_byte
 .text._usart_sync_read_byte
                0x0000000000000866        0x8 build/Default/production/hpl/sercom/hpl_sercom.o
                0x0000000000000866                _usart_sync_read_byte
 .text._usart_sync_is_ready_to_send
                0x000000000000086e        0xa build/Default/production/hpl/sercom/hpl_sercom.o
                0x000000000000086e                _usart_sync_is_ready_to_send
 .text._usart_sync_is_transmit_done
                0x0000000000000878        0xa build/Default/production/hpl/sercom/hpl_sercom.o
                0x0000000000000878                _usart_sync_is_transmit_done
 .text._usart_sync_is_byte_received
                0x0000000000000882        0xa build/Default/production/hpl/sercom/hpl_sercom.o
                0x0000000000000882                _usart_sync_is_byte_received
 .text.hri_tc_wait_for_sync
                0x000000000000088c        0x8 build/Default/production/hpl/tc/hpl_tc.o
 .text.get_tc_index
                0x0000000000000894       0x44 build/Default/production/hpl/tc/hpl_tc.o
 .text._timer_init
                0x00000000000008d8      0x154 build/Default/production/hpl/tc/hpl_tc.o
                0x00000000000008d8                _timer_init
 .text._tc_get_timer
                0x0000000000000a2c        0x4 build/Default/production/hpl/tc/hpl_tc.o
                0x0000000000000a2c                _tc_get_timer
 .text.INT20_Handler
                0x0000000000000a30       0x1c build/Default/production/hpl/tc/hpl_tc.o
                0x0000000000000a30                INT20_Handler
 .text.Dummy_Handler
                0x0000000000000a4c        0x2 build/Default/production/samc21n/gcc/gcc/startup_samc21.o
                0x0000000000000a4c                SVCall_Handler
                0x0000000000000a4c                DMAC_Handler
                0x0000000000000a4c                HardFault_Handler
                0x0000000000000a4c                AC_Handler
                0x0000000000000a4c                SysTick_Handler
                0x0000000000000a4c                PendSV_Handler
                0x0000000000000a4c                NonMaskableInt_Handler
                0x0000000000000a4c                TCC1_Handler
                0x0000000000000a4c                SERCOM2_Handler
                0x0000000000000a4c                TCC0_Handler
                0x0000000000000a4c                RTC_Handler
                0x0000000000000a4c                ADC1_Handler
                0x0000000000000a4c                INT22_Handler
                0x0000000000000a4c                EIC_Handler
                0x0000000000000a4c                WDT_Handler
                0x0000000000000a4c                TC4_Handler
                0x0000000000000a4c                TC3_Handler
                0x0000000000000a4c                SDADC_Handler
                0x0000000000000a4c                Dummy_Handler
                0x0000000000000a4c                INT21_Handler
                0x0000000000000a4c                SERCOM5_Handler
                0x0000000000000a4c                INT10_Handler
                0x0000000000000a4c                CAN1_Handler
                0x0000000000000a4c                ADC0_Handler
                0x0000000000000a4c                TSENS_Handler
                0x0000000000000a4c                TCC2_Handler
                0x0000000000000a4c                EVSYS_Handler
                0x0000000000000a4c                SERCOM3_Handler
                0x0000000000000a4c                SERCOM4_Handler
                0x0000000000000a4c                SYSTEM_Handler
                0x0000000000000a4c                DAC_Handler
                0x0000000000000a4c                PTC_Handler
                0x0000000000000a4c                INT9_Handler
                0x0000000000000a4c                FREQM_Handler
 *fill*         0x0000000000000a4e        0x2 
 .text.Reset_Handler
                0x0000000000000a50       0x5c build/Default/production/samc21n/gcc/gcc/startup_samc21.o
                0x0000000000000a50                Reset_Handler
 .text._read    0x0000000000000aac       0x20 build/Default/production/stdio_redirect/gcc/read.o
                0x0000000000000aac                _read
 .text._write   0x0000000000000acc       0x20 build/Default/production/stdio_redirect/gcc/write.o
                0x0000000000000acc                _write
 .text.stdio_io_init
                0x0000000000000aec       0x2c build/Default/production/stdio_redirect/stdio_io.o
                0x0000000000000aec                stdio_io_init
 .text.stdio_io_read
                0x0000000000000b18       0x20 build/Default/production/stdio_redirect/stdio_io.o
                0x0000000000000b18                stdio_io_read
 .text.stdio_io_write
                0x0000000000000b38       0x20 build/Default/production/stdio_redirect/stdio_io.o
                0x0000000000000b38                stdio_io_write
 .text.hexadecimalToDecimal
                0x0000000000000b58       0x40 build/Default/production/main.o
                0x0000000000000b58                hexadecimalToDecimal
 .text.get_flash_page_size
                0x0000000000000b98       0x14 build/Default/production/main.o
                0x0000000000000b98                get_flash_page_size
 .text.read_serial_data
                0x0000000000000bac      0x138 build/Default/production/main.o
                0x0000000000000bac                read_serial_data
 .text.send_serial_data
                0x0000000000000ce4      0x164 build/Default/production/main.o
                0x0000000000000ce4                send_serial_data
 .text.startup.main
                0x0000000000000e48       0xb8 build/Default/production/main.o
                0x0000000000000e48                main
 .text.FLASH_0_CLOCK_init
                0x0000000000000f00       0x10 build/Default/production/driver_init.o
                0x0000000000000f00                FLASH_0_CLOCK_init
 .text.FLASH_0_init
                0x0000000000000f10       0x20 build/Default/production/driver_init.o
                0x0000000000000f10                FLASH_0_init
 .text.TARGET_IO_PORT_init
                0x0000000000000f30       0x3a build/Default/production/driver_init.o
                0x0000000000000f30                TARGET_IO_PORT_init
 *fill*         0x0000000000000f6a        0x2 
 .text.TARGET_IO_CLOCK_init
                0x0000000000000f6c       0x24 build/Default/production/driver_init.o
                0x0000000000000f6c                TARGET_IO_CLOCK_init
 .text.TARGET_IO_init
                0x0000000000000f90       0x2c build/Default/production/driver_init.o
                0x0000000000000f90                TARGET_IO_init
 .text.CAN_0_init
                0x0000000000000fbc       0x34 build/Default/production/driver_init.o
                0x0000000000000fbc                CAN_0_init
 .text.system_init
                0x0000000000000ff0       0x5c build/Default/production/driver_init.o
                0x0000000000000ff0                system_init
 .text.stdio_redirect_init
                0x000000000000104c       0x20 build/Default/production/stdio_start.o
                0x000000000000104c                stdio_redirect_init
 .text.atmel_start_init
                0x000000000000106c       0x14 build/Default/production/atmel_start.o
                0x000000000000106c                atmel_start_init
 .text          0x0000000000001080       0x14 /usr/lib/gcc/arm-none-eabi/9.2.1/thumb/v6-m/nofp/libgcc.a(_thumb1_case_sqi.o)
                0x0000000000001080                __gnu_thumb1_case_sqi
 .text          0x0000000000001094       0x40 /usr/lib/gcc/arm-none-eabi/9.2.1/thumb/v6-m/nofp/libgcc.a(_aeabi_uldivmod.o)
                0x0000000000001094                __aeabi_uldivmod
 .text          0x00000000000010d4      0x198 /usr/lib/gcc/arm-none-eabi/9.2.1/thumb/v6-m/nofp/libgcc.a(_udivmoddi4.o)
                0x00000000000010d4                __udivmoddi4
 .text          0x000000000000126c      0x5d0 /usr/lib/gcc/arm-none-eabi/9.2.1/thumb/v6-m/nofp/libgcc.a(divdf3.o)
                0x000000000000126c                __aeabi_ddiv
 .text          0x000000000000183c      0x4d8 /usr/lib/gcc/arm-none-eabi/9.2.1/thumb/v6-m/nofp/libgcc.a(muldf3.o)
                0x000000000000183c                __aeabi_dmul
 .text          0x0000000000001d14      0x724 /usr/lib/gcc/arm-none-eabi/9.2.1/thumb/v6-m/nofp/libgcc.a(subdf3.o)
                0x0000000000001d14                __aeabi_dsub
 .text          0x0000000000002438       0x6c /usr/lib/gcc/arm-none-eabi/9.2.1/thumb/v6-m/nofp/libgcc.a(fixdfsi.o)
                0x0000000000002438                __aeabi_d2iz
 .text          0x00000000000024a4       0x60 /usr/lib/gcc/arm-none-eabi/9.2.1/thumb/v6-m/nofp/libgcc.a(floatsidf.o)
                0x00000000000024a4                __aeabi_i2d
 .text          0x0000000000002504       0x4c /usr/lib/gcc/arm-none-eabi/9.2.1/thumb/v6-m/nofp/libgcc.a(floatunsidf.o)
                0x0000000000002504                __aeabi_ui2d
 .text          0x0000000000002550        0x4 /usr/lib/gcc/arm-none-eabi/9.2.1/thumb/v6-m/nofp/libgcc.a(_dvmd_tls.o)
                0x0000000000002550                __aeabi_ldiv0
                0x0000000000002550                __aeabi_idiv0
 .text          0x0000000000002554       0x7c /usr/lib/gcc/arm-none-eabi/9.2.1/thumb/v6-m/nofp/libgcc.a(_arm_cmpdf2.o)
                0x0000000000002554                __aeabi_cdrcmple
                0x0000000000002564                __aeabi_cdcmple
                0x0000000000002564                __aeabi_cdcmpeq
                0x0000000000002574                __aeabi_dcmpeq
                0x0000000000002580                __aeabi_dcmplt
                0x0000000000002594                __aeabi_dcmple
                0x00000000000025a8                __aeabi_dcmpgt
                0x00000000000025bc                __aeabi_dcmpge
 .text          0x00000000000025d0       0x3c /usr/lib/gcc/arm-none-eabi/9.2.1/thumb/v6-m/nofp/libgcc.a(_clzsi2.o)
                0x00000000000025d0                __clzsi2
 .text          0x000000000000260c       0x18 /usr/lib/gcc/arm-none-eabi/9.2.1/thumb/v6-m/nofp/libgcc.a(_clzdi2.o)
                0x000000000000260c                __clzdi2
 .text          0x0000000000002624       0x78 /usr/lib/gcc/arm-none-eabi/9.2.1/thumb/v6-m/nofp/libgcc.a(eqdf2.o)
                0x0000000000002624                __eqdf2
                0x0000000000002624                __nedf2
 .text          0x000000000000269c       0xe4 /usr/lib/gcc/arm-none-eabi/9.2.1/thumb/v6-m/nofp/libgcc.a(gedf2.o)
                0x000000000000269c                __gtdf2
                0x000000000000269c                __gedf2
 .text          0x0000000000002780       0xe0 /usr/lib/gcc/arm-none-eabi/9.2.1/thumb/v6-m/nofp/libgcc.a(ledf2.o)
                0x0000000000002780                __ltdf2
                0x0000000000002780                __ledf2
 .text          0x0000000000002860       0x10 /usr/lib/gcc/arm-none-eabi/9.2.1/../../../arm-none-eabi/lib/thumb/v6-m/nofp/libc.a(lib_a-atexit.o)
                0x0000000000002860                atexit
 .text          0x0000000000002870       0x28 /usr/lib/gcc/arm-none-eabi/9.2.1/../../../arm-none-eabi/lib/thumb/v6-m/nofp/libc.a(lib_a-fini.o)
                0x0000000000002870                __libc_fini_array
 .text          0x0000000000002898       0x44 /usr/lib/gcc/arm-none-eabi/9.2.1/../../../arm-none-eabi/lib/thumb/v6-m/nofp/libc.a(lib_a-init.o)
                0x0000000000002898                __libc_init_array
 .text          0x00000000000028dc       0x38 /usr/lib/gcc/arm-none-eabi/9.2.1/../../../arm-none-eabi/lib/thumb/v6-m/nofp/libc.a(lib_a-itoa.o)
                0x00000000000028dc                __itoa
                0x000000000000290c                itoa
 .text          0x0000000000002914       0xa4 /usr/lib/gcc/arm-none-eabi/9.2.1/../../../arm-none-eabi/lib/thumb/v6-m/nofp/libc.a(lib_a-memcpy-stub.o)
                0x0000000000002914                memcpy
 .text          0x00000000000029b8       0xa8 /usr/lib/gcc/arm-none-eabi/9.2.1/../../../arm-none-eabi/lib/thumb/v6-m/nofp/libc.a(lib_a-memset.o)
                0x00000000000029b8                memset
 .text          0x0000000000002a60       0x40 /usr/lib/gcc/arm-none-eabi/9.2.1/../../../arm-none-eabi/lib/thumb/v6-m/nofp/libc.a(lib_a-printf.o)
                0x0000000000002a60                _printf_r
                0x0000000000002a7c                printf
 .text          0x0000000000002aa0       0x14 /usr/lib/gcc/arm-none-eabi/9.2.1/../../../arm-none-eabi/lib/thumb/v6-m/nofp/libc.a(lib_a-setbuf.o)
                0x0000000000002aa0                setbuf
 .text          0x0000000000002ab4      0x174 /usr/lib/gcc/arm-none-eabi/9.2.1/../../../arm-none-eabi/lib/thumb/v6-m/nofp/libc.a(lib_a-setvbuf.o)
                0x0000000000002ab4                setvbuf
 .text          0x0000000000002c28       0x78 /usr/lib/gcc/arm-none-eabi/9.2.1/../../../arm-none-eabi/lib/thumb/v6-m/nofp/libc.a(lib_a-sprintf.o)
                0x0000000000002c28                _sprintf_r
                0x0000000000002c60                sprintf
 .text          0x0000000000002ca0       0x50 /usr/lib/gcc/arm-none-eabi/9.2.1/../../../arm-none-eabi/lib/thumb/v6-m/nofp/libc.a(lib_a-strcat.o)
                0x0000000000002ca0                strcat
 .text          0x0000000000002cf0       0x88 /usr/lib/gcc/arm-none-eabi/9.2.1/../../../arm-none-eabi/lib/thumb/v6-m/nofp/libc.a(lib_a-strcmp.o)
                0x0000000000002cf0                strcmp
 .text          0x0000000000002d78       0x10 /usr/lib/gcc/arm-none-eabi/9.2.1/../../../arm-none-eabi/lib/thumb/v6-m/nofp/libc.a(lib_a-strcpy.o)
                0x0000000000002d78                strcpy
 .text          0x0000000000002d88       0x5c /usr/lib/gcc/arm-none-eabi/9.2.1/../../../arm-none-eabi/lib/thumb/v6-m/nofp/libc.a(lib_a-strlen-stub.o)
                0x0000000000002d88                strlen
 .text          0x0000000000002de4     0x1628 /usr/lib/gcc/arm-none-eabi/9.2.1/../../../arm-none-eabi/lib/thumb/v6-m/nofp/libc.a(lib_a-svfprintf.o)
                0x0000000000002de4                _svfprintf_r
 .text          0x000000000000440c       0x88 /usr/lib/gcc/arm-none-eabi/9.2.1/../../../arm-none-eabi/lib/thumb/v6-m/nofp/libc.a(lib_a-utoa.o)
                0x000000000000440c                __utoa
                0x000000000000448c                utoa
 .text          0x0000000000004494     0x1710 /usr/lib/gcc/arm-none-eabi/9.2.1/../../../arm-none-eabi/lib/thumb/v6-m/nofp/libc.a(lib_a-vfprintf.o)
                0x0000000000004494                _vfprintf_r
                0x0000000000005b18                vfprintf
 .text          0x0000000000005ba4       0xd4 /usr/lib/gcc/arm-none-eabi/9.2.1/../../../arm-none-eabi/lib/thumb/v6-m/nofp/libc.a(lib_a-wsetup.o)
                0x0000000000005ba4                __swsetup_r
 .text          0x0000000000005c78       0x88 /usr/lib/gcc/arm-none-eabi/9.2.1/../../../arm-none-eabi/lib/thumb/v6-m/nofp/libc.a(lib_a-__atexit.o)
                0x0000000000005c78                __register_exitproc
 .text.startup  0x0000000000005d00       0x18 /usr/lib/gcc/arm-none-eabi/9.2.1/../../../arm-none-eabi/lib/thumb/v6-m/nofp/libc.a(lib_a-__call_atexit.o)
 .text          0x0000000000005d18     0x1128 /usr/lib/gcc/arm-none-eabi/9.2.1/../../../arm-none-eabi/lib/thumb/v6-m/nofp/libc.a(lib_a-dtoa.o)
                0x0000000000005e60                _dtoa_r
 .text          0x0000000000006e40      0x198 /usr/lib/gcc/arm-none-eabi/9.2.1/../../../arm-none-eabi/lib/thumb/v6-m/nofp/libc.a(lib_a-fflush.o)
                0x0000000000006e40                __sflush_r
                0x0000000000006f80                _fflush_r
                0x0000000000006fac                fflush
 .text          0x0000000000006fd8      0x220 /usr/lib/gcc/arm-none-eabi/9.2.1/../../../arm-none-eabi/lib/thumb/v6-m/nofp/libc.a(lib_a-findfp.o)
                0x0000000000006fdc                _cleanup_r
                0x00000000000070d8                __sfmoreglue
                0x0000000000007108                __sfp
                0x0000000000007190                _cleanup
                0x00000000000071a8                __sinit
                0x00000000000071b8                __sfp_lock_acquire
                0x00000000000071bc                __sfp_lock_release
                0x00000000000071c0                __sinit_lock_acquire
                0x00000000000071c4                __sinit_lock_release
                0x00000000000071c8                __fp_lock_all
                0x00000000000071e0                __fp_unlock_all
 .text          0x00000000000071f8      0x260 /usr/lib/gcc/arm-none-eabi/9.2.1/../../../arm-none-eabi/lib/thumb/v6-m/nofp/libc.a(lib_a-freer.o)
                0x00000000000071f8                _malloc_trim_r
                0x0000000000007294                _free_r
 .text          0x0000000000007458      0x2f0 /usr/lib/gcc/arm-none-eabi/9.2.1/../../../arm-none-eabi/lib/thumb/v6-m/nofp/libc.a(lib_a-fvwrite.o)
                0x0000000000007458                __sfvwrite_r
 .text          0x0000000000007748       0x88 /usr/lib/gcc/arm-none-eabi/9.2.1/../../../arm-none-eabi/lib/thumb/v6-m/nofp/libc.a(lib_a-fwalk.o)
                0x0000000000007748                _fwalk
                0x0000000000007788                _fwalk_reent
 .text          0x00000000000077d0       0x14 /usr/lib/gcc/arm-none-eabi/9.2.1/../../../arm-none-eabi/lib/thumb/v6-m/nofp/libc.a(lib_a-localeconv.o)
                0x00000000000077d0                __localeconv_l
                0x00000000000077d4                _localeconv_r
                0x00000000000077dc                localeconv
 .text          0x00000000000077e4       0xf0 /usr/lib/gcc/arm-none-eabi/9.2.1/../../../arm-none-eabi/lib/thumb/v6-m/nofp/libc.a(lib_a-makebuf.o)
                0x00000000000077e4                __swhatbuf_r
                0x0000000000007844                __smakebuf_r
 .text          0x00000000000078d4       0x28 /usr/lib/gcc/arm-none-eabi/9.2.1/../../../arm-none-eabi/lib/thumb/v6-m/nofp/libc.a(lib_a-malloc.o)
                0x00000000000078d4                malloc
                0x00000000000078e8                free
 .text          0x00000000000078fc      0x574 /usr/lib/gcc/arm-none-eabi/9.2.1/../../../arm-none-eabi/lib/thumb/v6-m/nofp/libc.a(lib_a-mallocr.o)
                0x00000000000078fc                _malloc_r
 .text          0x0000000000007e70       0x74 /usr/lib/gcc/arm-none-eabi/9.2.1/../../../arm-none-eabi/lib/thumb/v6-m/nofp/libc.a(lib_a-memchr-stub.o)
                0x0000000000007e70                memchr
 .text          0x0000000000007ee4       0xb8 /usr/lib/gcc/arm-none-eabi/9.2.1/../../../arm-none-eabi/lib/thumb/v6-m/nofp/libc.a(lib_a-memmove.o)
                0x0000000000007ee4                memmove
 .text          0x0000000000007f9c        0x8 /usr/lib/gcc/arm-none-eabi/9.2.1/../../../arm-none-eabi/lib/thumb/v6-m/nofp/libc.a(lib_a-mlock.o)
                0x0000000000007f9c                __malloc_lock
                0x0000000000007fa0                __malloc_unlock
 .text          0x0000000000007fa4      0xac0 /usr/lib/gcc/arm-none-eabi/9.2.1/../../../arm-none-eabi/lib/thumb/v6-m/nofp/libc.a(lib_a-mprec.o)
                0x0000000000007fa4                _Balloc
                0x0000000000007ff4                _Bfree
                0x0000000000008008                __multadd
                0x00000000000080b0                __s2b
                0x0000000000008160                __hi0bits
                0x0000000000008198                __lo0bits
                0x00000000000081f4                __i2b
                0x0000000000008220                __multiply
                0x00000000000083d0                __pow5mult
                0x0000000000008488                __lshift
                0x0000000000008584                __mcmp
                0x00000000000085bc                __mdiff
                0x0000000000008750                __ulp
                0x0000000000008798                __b2d
                0x0000000000008860                __d2b
                0x0000000000008938                __ratio
                0x00000000000089a0                _mprec_log10
                0x00000000000089d4                __copybits
                0x0000000000008a14                __any_on
 .text          0x0000000000008a64      0x358 /usr/lib/gcc/arm-none-eabi/9.2.1/../../../arm-none-eabi/lib/thumb/v6-m/nofp/libc.a(lib_a-reallocr.o)
                0x0000000000008a64                _realloc_r
 .text          0x0000000000008dbc       0x24 /usr/lib/gcc/arm-none-eabi/9.2.1/../../../arm-none-eabi/lib/thumb/v6-m/nofp/libc.a(lib_a-sbrkr.o)
                0x0000000000008dbc                _sbrk_r
 .text          0x0000000000008de0       0xa4 /usr/lib/gcc/arm-none-eabi/9.2.1/../../../arm-none-eabi/lib/thumb/v6-m/nofp/libc.a(lib_a-stdio.o)
                0x0000000000008de0                __sread
                0x0000000000008e08                __seofread
                0x0000000000008e0c                __swrite
                0x0000000000008e4c                __sseek
                0x0000000000008e78                __sclose
 .text          0x0000000000008e84      0xc04 /usr/lib/gcc/arm-none-eabi/9.2.1/../../../arm-none-eabi/lib/thumb/v6-m/nofp/libc.a(lib_a-svfiprintf.o)
                0x0000000000008e84                __ssprint_r
                0x0000000000008f98                _svfiprintf_r
 .text          0x0000000000009a88      0xdf4 /usr/lib/gcc/arm-none-eabi/9.2.1/../../../arm-none-eabi/lib/thumb/v6-m/nofp/libc.a(lib_a-vfiprintf.o)
                0x0000000000009b10                __sprint_r
                0x0000000000009b24                _vfiprintf_r
                0x000000000000a7f0                vfiprintf
 .text          0x000000000000a87c       0x28 /usr/lib/gcc/arm-none-eabi/9.2.1/../../../arm-none-eabi/lib/thumb/v6-m/nofp/libc.a(lib_a-writer.o)
                0x000000000000a87c                _write_r
 .text          0x000000000000a8a4       0x4c /usr/lib/gcc/arm-none-eabi/9.2.1/../../../arm-none-eabi/lib/thumb/v6-m/nofp/libc.a(lib_a-assert.o)
                0x000000000000a8a4                __assert_func
                0x000000000000a8e4                __assert
 .text          0x000000000000a8f0       0x5c /usr/lib/gcc/arm-none-eabi/9.2.1/../../../arm-none-eabi/lib/thumb/v6-m/nofp/libc.a(lib_a-callocr.o)
                0x000000000000a8f0                _calloc_r
 .text          0x000000000000a94c       0x24 /usr/lib/gcc/arm-none-eabi/9.2.1/../../../arm-none-eabi/lib/thumb/v6-m/nofp/libc.a(lib_a-closer.o)
                0x000000000000a94c                _close_r
 .text          0x000000000000a970       0xac /usr/lib/gcc/arm-none-eabi/9.2.1/../../../arm-none-eabi/lib/thumb/v6-m/nofp/libc.a(lib_a-fclose.o)
                0x000000000000a970                _fclose_r
                0x000000000000aa08                fclose
 .text          0x000000000000aa1c       0x3c /usr/lib/gcc/arm-none-eabi/9.2.1/../../../arm-none-eabi/lib/thumb/v6-m/nofp/libc.a(lib_a-fiprintf.o)
                0x000000000000aa1c                _fiprintf_r
                0x000000000000aa34                fiprintf
 .text          0x000000000000aa58       0xfc /usr/lib/gcc/arm-none-eabi/9.2.1/../../../arm-none-eabi/lib/thumb/v6-m/nofp/libc.a(lib_a-fputwc.o)
                0x000000000000aa58                __fputwc
                0x000000000000aaf0                _fputwc_r
                0x000000000000ab10                fputwc
 .text          0x000000000000ab54       0x28 /usr/lib/gcc/arm-none-eabi/9.2.1/../../../arm-none-eabi/lib/thumb/v6-m/nofp/libc.a(lib_a-fstatr.o)
                0x000000000000ab54                _fstat_r
 .text          0x000000000000ab7c       0x24 /usr/lib/gcc/arm-none-eabi/9.2.1/../../../arm-none-eabi/lib/thumb/v6-m/nofp/libc.a(lib_a-isattyr.o)
                0x000000000000ab7c                _isatty_r
 .text          0x000000000000aba0       0x6c /usr/lib/gcc/arm-none-eabi/9.2.1/../../../arm-none-eabi/lib/thumb/v6-m/nofp/libc.a(lib_a-locale.o)
                0x000000000000aba0                _setlocale_r
                0x000000000000abe4                __locale_mb_cur_max
                0x000000000000abf4                setlocale
 .text          0x000000000000ac0c       0x28 /usr/lib/gcc/arm-none-eabi/9.2.1/../../../arm-none-eabi/lib/thumb/v6-m/nofp/libc.a(lib_a-lseekr.o)
                0x000000000000ac0c                _lseek_r
 .text          0x000000000000ac34       0x44 /usr/lib/gcc/arm-none-eabi/9.2.1/../../../arm-none-eabi/lib/thumb/v6-m/nofp/libc.a(lib_a-mbtowc_r.o)
                0x000000000000ac34                _mbtowc_r
                0x000000000000ac4c                __ascii_mbtowc
 .text          0x000000000000ac78       0x28 /usr/lib/gcc/arm-none-eabi/9.2.1/../../../arm-none-eabi/lib/thumb/v6-m/nofp/libc.a(lib_a-readr.o)
                0x000000000000ac78                _read_r
 .text          0x000000000000aca0       0xe0 /usr/lib/gcc/arm-none-eabi/9.2.1/../../../arm-none-eabi/lib/thumb/v6-m/nofp/libc.a(lib_a-wbuf.o)
                0x000000000000aca0                __swbuf_r
                0x000000000000ad68                __swbuf
 .text          0x000000000000ad80       0x84 /usr/lib/gcc/arm-none-eabi/9.2.1/../../../arm-none-eabi/lib/thumb/v6-m/nofp/libc.a(lib_a-wcrtomb.o)
                0x000000000000ad80                _wcrtomb_r
                0x000000000000adc0                wcrtomb
 .text          0x000000000000ae04       0x2c /usr/lib/gcc/arm-none-eabi/9.2.1/../../../arm-none-eabi/lib/thumb/v6-m/nofp/libc.a(lib_a-wctomb_r.o)
                0x000000000000ae04                _wctomb_r
                0x000000000000ae14                __ascii_wctomb
 .text          0x000000000000ae30       0x10 /usr/lib/gcc/arm-none-eabi/9.2.1/../../../arm-none-eabi/lib/thumb/v6-m/nofp/libc.a(lib_a-abort.o)
                0x000000000000ae30                abort
 .text          0x000000000000ae40      0x190 /usr/lib/gcc/arm-none-eabi/9.2.1/../../../arm-none-eabi/lib/thumb/v6-m/nofp/libc.a(lib_a-signal.o)
                0x000000000000ae6c                _init_signal_r
                0x000000000000ae88                _signal_r
                0x000000000000aec4                _raise_r
                0x000000000000af20                __sigtramp_r
                0x000000000000af70                raise
                0x000000000000af84                signal
                0x000000000000af9c                _init_signal
                0x000000000000afbc                __sigtramp
 .text          0x000000000000afd0       0x30 /usr/lib/gcc/arm-none-eabi/9.2.1/../../../arm-none-eabi/lib/thumb/v6-m/nofp/libc.a(lib_a-signalr.o)
                0x000000000000afd0                _kill_r
                0x000000000000aff8                _getpid_r
 .text          0x000000000000b000      0x6d4 /usr/lib/gcc/arm-none-eabi/9.2.1/thumb/v6-m/nofp/libgcc.a(adddf3.o)
                0x000000000000b000                __aeabi_dadd
 .text          0x000000000000b6d4       0x3c /usr/lib/gcc/arm-none-eabi/9.2.1/thumb/v6-m/nofp/libgcc.a(unorddf2.o)
                0x000000000000b6d4                __aeabi_dcmpun
 *(.glue_7t)
 .glue_7t       0x000000000000b710        0x0 linker stubs
 *(.glue_7)
 .glue_7        0x000000000000b710        0x0 linker stubs
 *(.rodata .rodata* .gnu.linkonce.r.*)
 .rodata.str1.1
                0x000000000000b710       0x19 build/Default/production/hal/utils/src/utils_syscalls.o
 *fill*         0x000000000000b729        0x3 
 .rodata        0x000000000000b72c       0x34 build/Default/production/hpl/tc/hpl_tc.o
 .rodata.str1.1
                0x000000000000b760        0x7 build/Default/production/main.o
 .rodata        0x000000000000b767        0x3 build/Default/production/main.o
 *fill*         0x000000000000b76a        0x2 
 .rodata        0x000000000000b76c       0x40 /usr/lib/gcc/arm-none-eabi/9.2.1/thumb/v6-m/nofp/libgcc.a(divdf3.o)
 .rodata        0x000000000000b7ac       0x40 /usr/lib/gcc/arm-none-eabi/9.2.1/thumb/v6-m/nofp/libgcc.a(muldf3.o)
 .rodata        0x000000000000b7ec      0x101 /usr/lib/gcc/arm-none-eabi/9.2.1/../../../arm-none-eabi/lib/thumb/v6-m/nofp/libc.a(lib_a-ctype_.o)
                0x000000000000b7ec                _ctype_
 *fill*         0x000000000000b8ed        0x3 
 .rodata        0x000000000000b8f0        0x4 /usr/lib/gcc/arm-none-eabi/9.2.1/../../../arm-none-eabi/lib/thumb/v6-m/nofp/libc.a(lib_a-impure.o)
                0x000000000000b8f0                _global_impure_ptr
 .rodata.str1.4
                0x000000000000b8f4       0x42 /usr/lib/gcc/arm-none-eabi/9.2.1/../../../arm-none-eabi/lib/thumb/v6-m/nofp/libc.a(lib_a-svfprintf.o)
 *fill*         0x000000000000b936        0x2 
 .rodata        0x000000000000b938      0x184 /usr/lib/gcc/arm-none-eabi/9.2.1/../../../arm-none-eabi/lib/thumb/v6-m/nofp/libc.a(lib_a-svfprintf.o)
 .rodata.str1.4
                0x000000000000babc       0x25 /usr/lib/gcc/arm-none-eabi/9.2.1/../../../arm-none-eabi/lib/thumb/v6-m/nofp/libc.a(lib_a-utoa.o)
 .rodata.str1.4
                0x000000000000bae1       0x42 /usr/lib/gcc/arm-none-eabi/9.2.1/../../../arm-none-eabi/lib/thumb/v6-m/nofp/libc.a(lib_a-vfprintf.o)
 *fill*         0x000000000000bae1        0x3 
 .rodata        0x000000000000bae4      0x184 /usr/lib/gcc/arm-none-eabi/9.2.1/../../../arm-none-eabi/lib/thumb/v6-m/nofp/libc.a(lib_a-vfprintf.o)
 .rodata.str1.4
                0x000000000000bc68       0x56 /usr/lib/gcc/arm-none-eabi/9.2.1/../../../arm-none-eabi/lib/thumb/v6-m/nofp/libc.a(lib_a-dtoa.o)
                                         0x5a (size before relaxing)
 *fill*         0x000000000000bcbe        0x2 
 .rodata.str1.4
                0x000000000000bcc0       0x33 /usr/lib/gcc/arm-none-eabi/9.2.1/../../../arm-none-eabi/lib/thumb/v6-m/nofp/libc.a(lib_a-mprec.o)
                                         0x47 (size before relaxing)
 *fill*         0x000000000000bcf3        0x5 
 .rodata        0x000000000000bcf8      0x128 /usr/lib/gcc/arm-none-eabi/9.2.1/../../../arm-none-eabi/lib/thumb/v6-m/nofp/libc.a(lib_a-mprec.o)
                0x000000000000bd08                __mprec_tinytens
                0x000000000000bd30                __mprec_bigtens
                0x000000000000bd58                __mprec_tens
 .rodata.str1.4
                0x000000000000be20       0x2f /usr/lib/gcc/arm-none-eabi/9.2.1/../../../arm-none-eabi/lib/thumb/v6-m/nofp/libc.a(lib_a-svfiprintf.o)
 .rodata        0x000000000000be20      0x184 /usr/lib/gcc/arm-none-eabi/9.2.1/../../../arm-none-eabi/lib/thumb/v6-m/nofp/libc.a(lib_a-svfiprintf.o)
 .rodata.str1.4
                0x000000000000bfa4       0x2f /usr/lib/gcc/arm-none-eabi/9.2.1/../../../arm-none-eabi/lib/thumb/v6-m/nofp/libc.a(lib_a-vfiprintf.o)
 .rodata        0x000000000000bfa4      0x184 /usr/lib/gcc/arm-none-eabi/9.2.1/../../../arm-none-eabi/lib/thumb/v6-m/nofp/libc.a(lib_a-vfiprintf.o)
 .rodata.str1.4
                0x000000000000c128       0x3f /usr/lib/gcc/arm-none-eabi/9.2.1/../../../arm-none-eabi/lib/thumb/v6-m/nofp/libc.a(lib_a-assert.o)
                                         0x43 (size before relaxing)
 *fill*         0x000000000000c167        0x1 
 .rodata.str1.4
                0x000000000000c168        0xe /usr/lib/gcc/arm-none-eabi/9.2.1/../../../arm-none-eabi/lib/thumb/v6-m/nofp/libc.a(lib_a-locale.o)
                                         0x12 (size before relaxing)
 *(.ARM.extab* .gnu.linkonce.armextab.*)
                0x000000000000c178                . = ALIGN (0x4)
 *fill*         0x000000000000c176        0x2 
 *(.init)
 .init          0x000000000000c178        0x4 /usr/lib/gcc/arm-none-eabi/9.2.1/thumb/v6-m/nofp/crti.o
                0x000000000000c178                _init
 .init          0x000000000000c17c        0x8 /usr/lib/gcc/arm-none-eabi/9.2.1/thumb/v6-m/nofp/crtn.o
                0x000000000000c184                . = ALIGN (0x4)
                0x000000000000c184                __preinit_array_start = .
 *(.preinit_array)
                0x000000000000c184                __preinit_array_end = .
                0x000000000000c184                . = ALIGN (0x4)
                0x000000000000c184                __init_array_start = .
 *(SORT_BY_NAME(.init_array.*))
 .init_array.00000
                0x000000000000c184        0x4 /usr/lib/gcc/arm-none-eabi/9.2.1/../../../arm-none-eabi/lib/thumb/v6-m/nofp/libc.a(lib_a-__call_atexit.o)
 *(.init_array)
 .init_array    0x000000000000c188        0x4 /usr/lib/gcc/arm-none-eabi/9.2.1/thumb/v6-m/nofp/crtbegin.o
                0x000000000000c18c                __init_array_end = .
                0x000000000000c18c                . = ALIGN (0x4)
 *crtbegin.o(.ctors)
 *(EXCLUDE_FILE(*crtend.o) .ctors)
 *(SORT_BY_NAME(.ctors.*))
 *crtend.o(.ctors)
                0x000000000000c18c                . = ALIGN (0x4)
 *(.fini)
 .fini          0x000000000000c18c        0x4 /usr/lib/gcc/arm-none-eabi/9.2.1/thumb/v6-m/nofp/crti.o
                0x000000000000c18c                _fini
 .fini          0x000000000000c190        0x8 /usr/lib/gcc/arm-none-eabi/9.2.1/thumb/v6-m/nofp/crtn.o
                0x000000000000c198                . = ALIGN (0x4)
                0x000000000000c198                __fini_array_start = .
 *(.fini_array)
 .fini_array    0x000000000000c198        0x4 /usr/lib/gcc/arm-none-eabi/9.2.1/thumb/v6-m/nofp/crtbegin.o
 *(SORT_BY_NAME(.fini_array.*))
                0x000000000000c19c                __fini_array_end = .
 *crtbegin.o(.dtors)
 *(EXCLUDE_FILE(*crtend.o) .dtors)
 *(SORT_BY_NAME(.dtors.*))
 *crtend.o(.dtors)
                0x000000000000c19c                . = ALIGN (0x4)
                0x000000000000c19c                _efixed = .
                [!provide]                        PROVIDE (__exidx_start = .)

.vfp11_veneer   0x000000000000c19c        0x0
 .vfp11_veneer  0x000000000000c19c        0x0 linker stubs

.v4_bx          0x000000000000c19c        0x0
 .v4_bx         0x000000000000c19c        0x0 linker stubs

.iplt           0x000000000000c19c        0x0
 .iplt          0x000000000000c19c        0x0 /usr/lib/gcc/arm-none-eabi/9.2.1/thumb/v6-m/nofp/crtbegin.o

.ARM.exidx      0x000000000000c19c        0x8
 *(.ARM.exidx* .gnu.linkonce.armexidx.*)
 .ARM.exidx     0x000000000000c19c        0x8 /usr/lib/gcc/arm-none-eabi/9.2.1/thumb/v6-m/nofp/libgcc.a(_udivmoddi4.o)
                [!provide]                        PROVIDE (__exidx_end = .)

.eh_frame       0x000000000000c1a4        0x0
 .eh_frame      0x000000000000c1a4        0x0 /usr/lib/gcc/arm-none-eabi/9.2.1/thumb/v6-m/nofp/crtbegin.o

.rel.dyn        0x000000000000c1a4        0x0
 .rel.iplt      0x000000000000c1a4        0x0 /usr/lib/gcc/arm-none-eabi/9.2.1/thumb/v6-m/nofp/crtbegin.o

.tm_clone_table
                0x000000000000c1a4        0x0
 .tm_clone_table
                0x000000000000c1a4        0x0 /usr/lib/gcc/arm-none-eabi/9.2.1/thumb/v6-m/nofp/crtbegin.o
 .tm_clone_table
                0x000000000000c1a4        0x0 /usr/lib/gcc/arm-none-eabi/9.2.1/thumb/v6-m/nofp/crtend.o

.igot.plt       0x000000000000c1a4        0x0
 .igot.plt      0x000000000000c1a4        0x0 /usr/lib/gcc/arm-none-eabi/9.2.1/thumb/v6-m/nofp/crtbegin.o
                0x000000000000c1a4                . = ALIGN (0x4)
                0x000000000000c1a4                _etext = .

.relocate       0x0000000020000000      0x9c4 load address 0x000000000000c1a4
                0x0000000020000000                . = ALIGN (0x4)
                0x0000000020000000                _srelocate = .
 *(.ramfunc .ramfunc.*)
 *(.data .data.*)
 .data          0x0000000020000000       0x14 build/Default/production/hpl/can/hpl_can.o
                0x0000000020000000                _can0_context
 *fill*         0x0000000020000014        0x4 
 .data          0x0000000020000018      0x430 /usr/lib/gcc/arm-none-eabi/9.2.1/../../../arm-none-eabi/lib/thumb/v6-m/nofp/libc.a(lib_a-impure.o)
                0x0000000020000018                _impure_ptr
 .data          0x0000000020000448      0x410 /usr/lib/gcc/arm-none-eabi/9.2.1/../../../arm-none-eabi/lib/thumb/v6-m/nofp/libc.a(lib_a-mallocr.o)
                0x0000000020000448                __malloc_sbrk_base
                0x000000002000044c                __malloc_trim_threshold
                0x0000000020000450                __malloc_av_
 .data          0x0000000020000858      0x16c /usr/lib/gcc/arm-none-eabi/9.2.1/../../../arm-none-eabi/lib/thumb/v6-m/nofp/libc.a(lib_a-locale.o)
                0x0000000020000858                __global_locale
                0x00000000200009c4                . = ALIGN (0x4)
                0x00000000200009c4                _erelocate = .

.bss            0x00000000200009c4      0x1b8 load address 0x000000000000cb68
                0x00000000200009c4                . = ALIGN (0x4)
                0x00000000200009c4                _sbss = .
                0x00000000200009c4                _szero = .
 *(.bss .bss.*)
 .bss           0x00000000200009c4       0x1c /usr/lib/gcc/arm-none-eabi/9.2.1/thumb/v6-m/nofp/crtbegin.o
 .bss           0x00000000200009e0        0x4 build/Default/production/hal/utils/src/utils_syscalls.o
 .bss           0x00000000200009e4       0x2c build/Default/production/hpl/can/hpl_can.o
 .bss           0x0000000020000a10        0x4 build/Default/production/hpl/nvmctrl/hpl_nvmctrl.o
 .bss           0x0000000020000a14        0x4 build/Default/production/hpl/tc/hpl_tc.o
 .bss           0x0000000020000a18        0x4 build/Default/production/stdio_redirect/stdio_io.o
 .bss           0x0000000020000a1c        0x5 build/Default/production/main.o
                0x0000000020000a1c                serial_buff_size
                0x0000000020000a1d                uart_frame_received
                0x0000000020000a1e                serial_recv_can_id_temp
 *fill*         0x0000000020000a21        0x3 
 .bss           0x0000000020000a24       0x34 /usr/lib/gcc/arm-none-eabi/9.2.1/../../../arm-none-eabi/lib/thumb/v6-m/nofp/libc.a(lib_a-mallocr.o)
                0x0000000020000a24                __malloc_top_pad
                0x0000000020000a28                __malloc_current_mallinfo
                0x0000000020000a50                __malloc_max_sbrked_mem
                0x0000000020000a54                __malloc_max_total_mem
 *(COMMON)
 COMMON         0x0000000020000a58       0x40 build/Default/production/hpl/can/hpl_can.o
                0x0000000020000a58                can0_rx_fifo
                0x0000000020000a78                can0_tx_fifo
 COMMON         0x0000000020000a98       0x74 build/Default/production/main.o
                0x0000000020000a98                serial_recv_can_len
                0x0000000020000a99                serial_can_data
                0x0000000020000aa1                can_tx_data
                0x0000000020000aaa                i
                0x0000000020000aac                serial_io
                0x0000000020000ab0                flash_write_info
                0x0000000020000ad4                can
                0x0000000020000ae4                serial_can_tx_len
                0x0000000020000ae5                recv_char_buff
                0x0000000020000ae8                bits_union
                0x0000000020000af0                serial_can_tx_id
                0x0000000020000af2                app
                0x0000000020000af3                recv_serial_frame
 COMMON         0x0000000020000b0c       0x6c build/Default/production/driver_init.o
                0x0000000020000b0c                CAN_0
                0x0000000020000b34                FLASH_0
                0x0000000020000b50                TARGET_IO
                0x0000000020000b5c                TIMER_0
 COMMON         0x0000000020000b78        0x4 /usr/lib/gcc/arm-none-eabi/9.2.1/../../../arm-none-eabi/lib/thumb/v6-m/nofp/libc.a(lib_a-reent.o)
                0x0000000020000b78                errno
                0x0000000020000b7c                . = ALIGN (0x4)
                0x0000000020000b7c                _ebss = .
                0x0000000020000b7c                _ezero = .

.stack          0x0000000020000b7c     0x2004 load address 0x000000000000cd20
                0x0000000020000b80                . = ALIGN (0x8)
 *fill*         0x0000000020000b7c        0x4 
                0x0000000020000b80                _sstack = .
                0x0000000020002b80                . = (. + STACK_SIZE)
 *fill*         0x0000000020000b80     0x2000 
                0x0000000020002b80                . = ALIGN (0x8)
                0x0000000020002b80                _estack = .
                0x0000000020002b80                . = ALIGN (0x4)
                0x0000000020002b80                _end = .
OUTPUT(dist/Default/production/CAN_Bootloader.X.production.elf elf32-littlearm)
LOAD linker stubs

.ARM.attributes
                0x0000000000000000       0x28
 .ARM.attributes
                0x0000000000000000       0x1e /usr/lib/gcc/arm-none-eabi/9.2.1/thumb/v6-m/nofp/crti.o
 .ARM.attributes
                0x000000000000001e       0x2c /usr/lib/gcc/arm-none-eabi/9.2.1/thumb/v6-m/nofp/crtbegin.o
 .ARM.attributes
                0x000000000000004a       0x2c build/Default/production/hal/src/hal_can_async.o
 .ARM.attributes
                0x0000000000000076       0x2c build/Default/production/hal/src/hal_flash.o
 .ARM.attributes
                0x00000000000000a2       0x2c build/Default/production/hal/src/hal_io.o
 .ARM.attributes
                0x00000000000000ce       0x2c build/Default/production/hal/src/hal_timer.o
 .ARM.attributes
                0x00000000000000fa       0x2c build/Default/production/hal/src/hal_usart_sync.o
 .ARM.attributes
                0x0000000000000126       0x2c build/Default/production/hal/utils/src/utils_list.o
 .ARM.attributes
                0x0000000000000152       0x2c build/Default/production/hal/utils/src/utils_syscalls.o
 .ARM.attributes
                0x000000000000017e       0x2c build/Default/production/hpl/can/hpl_can.o
 .ARM.attributes
                0x00000000000001aa       0x2c build/Default/production/hpl/core/hpl_init.o
 .ARM.attributes
                0x00000000000001d6       0x2c build/Default/production/hpl/divas/hpl_divas.o
 .ARM.attributes
                0x0000000000000202       0x2c build/Default/production/hpl/gclk/hpl_gclk.o
 .ARM.attributes
                0x000000000000022e       0x2c build/Default/production/hpl/mclk/hpl_mclk.o
 .ARM.attributes
                0x000000000000025a       0x2c build/Default/production/hpl/nvmctrl/hpl_nvmctrl.o
 .ARM.attributes
                0x0000000000000286       0x2c build/Default/production/hpl/osc32kctrl/hpl_osc32kctrl.o
 .ARM.attributes
                0x00000000000002b2       0x2c build/Default/production/hpl/oscctrl/hpl_oscctrl.o
 .ARM.attributes
                0x00000000000002de       0x2c build/Default/production/hpl/sercom/hpl_sercom.o
 .ARM.attributes
                0x000000000000030a       0x2c build/Default/production/hpl/tc/hpl_tc.o
 .ARM.attributes
                0x0000000000000336       0x2c build/Default/production/samc21n/gcc/gcc/startup_samc21.o
 .ARM.attributes
                0x0000000000000362       0x2c build/Default/production/stdio_redirect/gcc/read.o
 .ARM.attributes
                0x000000000000038e       0x2c build/Default/production/stdio_redirect/gcc/write.o
 .ARM.attributes
                0x00000000000003ba       0x2c build/Default/production/stdio_redirect/stdio_io.o
 .ARM.attributes
                0x00000000000003e6       0x2c build/Default/production/main.o
 .ARM.attributes
                0x0000000000000412       0x2c build/Default/production/driver_init.o
 .ARM.attributes
                0x000000000000043e       0x2c build/Default/production/stdio_start.o
 .ARM.attributes
                0x000000000000046a       0x2c build/Default/production/atmel_start.o
 .ARM.attributes
                0x0000000000000496       0x1e /usr/lib/gcc/arm-none-eabi/9.2.1/thumb/v6-m/nofp/libgcc.a(_thumb1_case_sqi.o)
 .ARM.attributes
                0x00000000000004b4       0x1e /usr/lib/gcc/arm-none-eabi/9.2.1/thumb/v6-m/nofp/libgcc.a(_aeabi_uldivmod.o)
 .ARM.attributes
                0x00000000000004d2       0x2c /usr/lib/gcc/arm-none-eabi/9.2.1/thumb/v6-m/nofp/libgcc.a(_udivmoddi4.o)
 .ARM.attributes
                0x00000000000004fe       0x2c /usr/lib/gcc/arm-none-eabi/9.2.1/thumb/v6-m/nofp/libgcc.a(divdf3.o)
 .ARM.attributes
                0x000000000000052a       0x2c /usr/lib/gcc/arm-none-eabi/9.2.1/thumb/v6-m/nofp/libgcc.a(muldf3.o)
 .ARM.attributes
                0x0000000000000556       0x2c /usr/lib/gcc/arm-none-eabi/9.2.1/thumb/v6-m/nofp/libgcc.a(subdf3.o)
 .ARM.attributes
                0x0000000000000582       0x2c /usr/lib/gcc/arm-none-eabi/9.2.1/thumb/v6-m/nofp/libgcc.a(fixdfsi.o)
 .ARM.attributes
                0x00000000000005ae       0x2c /usr/lib/gcc/arm-none-eabi/9.2.1/thumb/v6-m/nofp/libgcc.a(floatsidf.o)
 .ARM.attributes
                0x00000000000005da       0x2c /usr/lib/gcc/arm-none-eabi/9.2.1/thumb/v6-m/nofp/libgcc.a(floatunsidf.o)
 .ARM.attributes
                0x0000000000000606       0x1e /usr/lib/gcc/arm-none-eabi/9.2.1/thumb/v6-m/nofp/libgcc.a(_dvmd_tls.o)
 .ARM.attributes
                0x0000000000000624       0x1e /usr/lib/gcc/arm-none-eabi/9.2.1/thumb/v6-m/nofp/libgcc.a(_arm_cmpdf2.o)
 .ARM.attributes
                0x0000000000000642       0x1e /usr/lib/gcc/arm-none-eabi/9.2.1/thumb/v6-m/nofp/libgcc.a(_clzsi2.o)
 .ARM.attributes
                0x0000000000000660       0x1e /usr/lib/gcc/arm-none-eabi/9.2.1/thumb/v6-m/nofp/libgcc.a(_clzdi2.o)
 .ARM.attributes
                0x000000000000067e       0x2c /usr/lib/gcc/arm-none-eabi/9.2.1/thumb/v6-m/nofp/libgcc.a(eqdf2.o)
 .ARM.attributes
                0x00000000000006aa       0x2c /usr/lib/gcc/arm-none-eabi/9.2.1/thumb/v6-m/nofp/libgcc.a(gedf2.o)
 .ARM.attributes
                0x00000000000006d6       0x2c /usr/lib/gcc/arm-none-eabi/9.2.1/thumb/v6-m/nofp/libgcc.a(ledf2.o)
 .ARM.attributes
                0x0000000000000702       0x2c /usr/lib/gcc/arm-none-eabi/9.2.1/../../../arm-none-eabi/lib/thumb/v6-m/nofp/libc.a(lib_a-atexit.o)
 .ARM.attributes
                0x000000000000072e       0x2c /usr/lib/gcc/arm-none-eabi/9.2.1/../../../arm-none-eabi/lib/thumb/v6-m/nofp/libc.a(lib_a-ctype_.o)
 .ARM.attributes
                0x000000000000075a       0x2c /usr/lib/gcc/arm-none-eabi/9.2.1/../../../arm-none-eabi/lib/thumb/v6-m/nofp/libc.a(lib_a-fini.o)
 .ARM.attributes
                0x0000000000000786       0x2c /usr/lib/gcc/arm-none-eabi/9.2.1/../../../arm-none-eabi/lib/thumb/v6-m/nofp/libc.a(lib_a-impure.o)
 .ARM.attributes
                0x00000000000007b2       0x2c /usr/lib/gcc/arm-none-eabi/9.2.1/../../../arm-none-eabi/lib/thumb/v6-m/nofp/libc.a(lib_a-init.o)
 .ARM.attributes
                0x00000000000007de       0x2c /usr/lib/gcc/arm-none-eabi/9.2.1/../../../arm-none-eabi/lib/thumb/v6-m/nofp/libc.a(lib_a-itoa.o)
 .ARM.attributes
                0x000000000000080a       0x2c /usr/lib/gcc/arm-none-eabi/9.2.1/../../../arm-none-eabi/lib/thumb/v6-m/nofp/libc.a(lib_a-memcpy-stub.o)
 .ARM.attributes
                0x0000000000000836       0x2c /usr/lib/gcc/arm-none-eabi/9.2.1/../../../arm-none-eabi/lib/thumb/v6-m/nofp/libc.a(lib_a-memset.o)
 .ARM.attributes
                0x0000000000000862       0x2c /usr/lib/gcc/arm-none-eabi/9.2.1/../../../arm-none-eabi/lib/thumb/v6-m/nofp/libc.a(lib_a-printf.o)
 .ARM.attributes
                0x000000000000088e       0x2c /usr/lib/gcc/arm-none-eabi/9.2.1/../../../arm-none-eabi/lib/thumb/v6-m/nofp/libc.a(lib_a-setbuf.o)
 .ARM.attributes
                0x00000000000008ba       0x2c /usr/lib/gcc/arm-none-eabi/9.2.1/../../../arm-none-eabi/lib/thumb/v6-m/nofp/libc.a(lib_a-setvbuf.o)
 .ARM.attributes
                0x00000000000008e6       0x2c /usr/lib/gcc/arm-none-eabi/9.2.1/../../../arm-none-eabi/lib/thumb/v6-m/nofp/libc.a(lib_a-sprintf.o)
 .ARM.attributes
                0x0000000000000912       0x2c /usr/lib/gcc/arm-none-eabi/9.2.1/../../../arm-none-eabi/lib/thumb/v6-m/nofp/libc.a(lib_a-strcat.o)
 .ARM.attributes
                0x000000000000093e       0x1b /usr/lib/gcc/arm-none-eabi/9.2.1/../../../arm-none-eabi/lib/thumb/v6-m/nofp/libc.a(lib_a-strcmp.o)
 .ARM.attributes
                0x0000000000000959       0x2c /usr/lib/gcc/arm-none-eabi/9.2.1/../../../arm-none-eabi/lib/thumb/v6-m/nofp/libc.a(lib_a-strcpy.o)
 .ARM.attributes
                0x0000000000000985       0x2c /usr/lib/gcc/arm-none-eabi/9.2.1/../../../arm-none-eabi/lib/thumb/v6-m/nofp/libc.a(lib_a-strlen-stub.o)
 .ARM.attributes
                0x00000000000009b1       0x2c /usr/lib/gcc/arm-none-eabi/9.2.1/../../../arm-none-eabi/lib/thumb/v6-m/nofp/libc.a(lib_a-svfprintf.o)
 .ARM.attributes
                0x00000000000009dd       0x2c /usr/lib/gcc/arm-none-eabi/9.2.1/../../../arm-none-eabi/lib/thumb/v6-m/nofp/libc.a(lib_a-utoa.o)
 .ARM.attributes
                0x0000000000000a09       0x2c /usr/lib/gcc/arm-none-eabi/9.2.1/../../../arm-none-eabi/lib/thumb/v6-m/nofp/libc.a(lib_a-vfprintf.o)
 .ARM.attributes
                0x0000000000000a35       0x2c /usr/lib/gcc/arm-none-eabi/9.2.1/../../../arm-none-eabi/lib/thumb/v6-m/nofp/libc.a(lib_a-wsetup.o)
 .ARM.attributes
                0x0000000000000a61       0x2c /usr/lib/gcc/arm-none-eabi/9.2.1/../../../arm-none-eabi/lib/thumb/v6-m/nofp/libc.a(lib_a-__atexit.o)
 .ARM.attributes
                0x0000000000000a8d       0x2c /usr/lib/gcc/arm-none-eabi/9.2.1/../../../arm-none-eabi/lib/thumb/v6-m/nofp/libc.a(lib_a-__call_atexit.o)
 .ARM.attributes
                0x0000000000000ab9       0x2c /usr/lib/gcc/arm-none-eabi/9.2.1/../../../arm-none-eabi/lib/thumb/v6-m/nofp/libc.a(lib_a-dtoa.o)
 .ARM.attributes
                0x0000000000000ae5       0x2c /usr/lib/gcc/arm-none-eabi/9.2.1/../../../arm-none-eabi/lib/thumb/v6-m/nofp/libc.a(lib_a-fflush.o)
 .ARM.attributes
                0x0000000000000b11       0x2c /usr/lib/gcc/arm-none-eabi/9.2.1/../../../arm-none-eabi/lib/thumb/v6-m/nofp/libc.a(lib_a-findfp.o)
 .ARM.attributes
                0x0000000000000b3d       0x2c /usr/lib/gcc/arm-none-eabi/9.2.1/../../../arm-none-eabi/lib/thumb/v6-m/nofp/libc.a(lib_a-freer.o)
 .ARM.attributes
                0x0000000000000b69       0x2c /usr/lib/gcc/arm-none-eabi/9.2.1/../../../arm-none-eabi/lib/thumb/v6-m/nofp/libc.a(lib_a-fvwrite.o)
 .ARM.attributes
                0x0000000000000b95       0x2c /usr/lib/gcc/arm-none-eabi/9.2.1/../../../arm-none-eabi/lib/thumb/v6-m/nofp/libc.a(lib_a-fwalk.o)
 .ARM.attributes
                0x0000000000000bc1       0x2c /usr/lib/gcc/arm-none-eabi/9.2.1/../../../arm-none-eabi/lib/thumb/v6-m/nofp/libc.a(lib_a-localeconv.o)
 .ARM.attributes
                0x0000000000000bed       0x2c /usr/lib/gcc/arm-none-eabi/9.2.1/../../../arm-none-eabi/lib/thumb/v6-m/nofp/libc.a(lib_a-makebuf.o)
 .ARM.attributes
                0x0000000000000c19       0x2c /usr/lib/gcc/arm-none-eabi/9.2.1/../../../arm-none-eabi/lib/thumb/v6-m/nofp/libc.a(lib_a-malloc.o)
 .ARM.attributes
                0x0000000000000c45       0x2c /usr/lib/gcc/arm-none-eabi/9.2.1/../../../arm-none-eabi/lib/thumb/v6-m/nofp/libc.a(lib_a-mallocr.o)
 .ARM.attributes
                0x0000000000000c71       0x2c /usr/lib/gcc/arm-none-eabi/9.2.1/../../../arm-none-eabi/lib/thumb/v6-m/nofp/libc.a(lib_a-memchr-stub.o)
 .ARM.attributes
                0x0000000000000c9d       0x2c /usr/lib/gcc/arm-none-eabi/9.2.1/../../../arm-none-eabi/lib/thumb/v6-m/nofp/libc.a(lib_a-memmove.o)
 .ARM.attributes
                0x0000000000000cc9       0x2c /usr/lib/gcc/arm-none-eabi/9.2.1/../../../arm-none-eabi/lib/thumb/v6-m/nofp/libc.a(lib_a-mlock.o)
 .ARM.attributes
                0x0000000000000cf5       0x2c /usr/lib/gcc/arm-none-eabi/9.2.1/../../../arm-none-eabi/lib/thumb/v6-m/nofp/libc.a(lib_a-mprec.o)
 .ARM.attributes
                0x0000000000000d21       0x2c /usr/lib/gcc/arm-none-eabi/9.2.1/../../../arm-none-eabi/lib/thumb/v6-m/nofp/libc.a(lib_a-reallocr.o)
 .ARM.attributes
                0x0000000000000d4d       0x2c /usr/lib/gcc/arm-none-eabi/9.2.1/../../../arm-none-eabi/lib/thumb/v6-m/nofp/libc.a(lib_a-sbrkr.o)
 .ARM.attributes
                0x0000000000000d79       0x2c /usr/lib/gcc/arm-none-eabi/9.2.1/../../../arm-none-eabi/lib/thumb/v6-m/nofp/libc.a(lib_a-stdio.o)
 .ARM.attributes
                0x0000000000000da5       0x2c /usr/lib/gcc/arm-none-eabi/9.2.1/../../../arm-none-eabi/lib/thumb/v6-m/nofp/libc.a(lib_a-svfiprintf.o)
 .ARM.attributes
                0x0000000000000dd1       0x2c /usr/lib/gcc/arm-none-eabi/9.2.1/../../../arm-none-eabi/lib/thumb/v6-m/nofp/libc.a(lib_a-vfiprintf.o)
 .ARM.attributes
                0x0000000000000dfd       0x2c /usr/lib/gcc/arm-none-eabi/9.2.1/../../../arm-none-eabi/lib/thumb/v6-m/nofp/libc.a(lib_a-writer.o)
 .ARM.attributes
                0x0000000000000e29       0x2c /usr/lib/gcc/arm-none-eabi/9.2.1/../../../arm-none-eabi/lib/thumb/v6-m/nofp/libc.a(lib_a-assert.o)
 .ARM.attributes
                0x0000000000000e55       0x2c /usr/lib/gcc/arm-none-eabi/9.2.1/../../../arm-none-eabi/lib/thumb/v6-m/nofp/libc.a(lib_a-callocr.o)
 .ARM.attributes
                0x0000000000000e81       0x2c /usr/lib/gcc/arm-none-eabi/9.2.1/../../../arm-none-eabi/lib/thumb/v6-m/nofp/libc.a(lib_a-closer.o)
 .ARM.attributes
                0x0000000000000ead       0x2c /usr/lib/gcc/arm-none-eabi/9.2.1/../../../arm-none-eabi/lib/thumb/v6-m/nofp/libc.a(lib_a-fclose.o)
 .ARM.attributes
                0x0000000000000ed9       0x2c /usr/lib/gcc/arm-none-eabi/9.2.1/../../../arm-none-eabi/lib/thumb/v6-m/nofp/libc.a(lib_a-fiprintf.o)
 .ARM.attributes
                0x0000000000000f05       0x2c /usr/lib/gcc/arm-none-eabi/9.2.1/../../../arm-none-eabi/lib/thumb/v6-m/nofp/libc.a(lib_a-fputwc.o)
 .ARM.attributes
                0x0000000000000f31       0x2c /usr/lib/gcc/arm-none-eabi/9.2.1/../../../arm-none-eabi/lib/thumb/v6-m/nofp/libc.a(lib_a-fstatr.o)
 .ARM.attributes
                0x0000000000000f5d       0x2c /usr/lib/gcc/arm-none-eabi/9.2.1/../../../arm-none-eabi/lib/thumb/v6-m/nofp/libc.a(lib_a-isattyr.o)
 .ARM.attributes
                0x0000000000000f89       0x2c /usr/lib/gcc/arm-none-eabi/9.2.1/../../../arm-none-eabi/lib/thumb/v6-m/nofp/libc.a(lib_a-locale.o)
 .ARM.attributes
                0x0000000000000fb5       0x2c /usr/lib/gcc/arm-none-eabi/9.2.1/../../../arm-none-eabi/lib/thumb/v6-m/nofp/libc.a(lib_a-lseekr.o)
 .ARM.attributes
                0x0000000000000fe1       0x2c /usr/lib/gcc/arm-none-eabi/9.2.1/../../../arm-none-eabi/lib/thumb/v6-m/nofp/libc.a(lib_a-mbtowc_r.o)
 .ARM.attributes
                0x000000000000100d       0x2c /usr/lib/gcc/arm-none-eabi/9.2.1/../../../arm-none-eabi/lib/thumb/v6-m/nofp/libc.a(lib_a-readr.o)
 .ARM.attributes
                0x0000000000001039       0x2c /usr/lib/gcc/arm-none-eabi/9.2.1/../../../arm-none-eabi/lib/thumb/v6-m/nofp/libc.a(lib_a-reent.o)
 .ARM.attributes
                0x0000000000001065       0x2c /usr/lib/gcc/arm-none-eabi/9.2.1/../../../arm-none-eabi/lib/thumb/v6-m/nofp/libc.a(lib_a-wbuf.o)
 .ARM.attributes
                0x0000000000001091       0x2c /usr/lib/gcc/arm-none-eabi/9.2.1/../../../arm-none-eabi/lib/thumb/v6-m/nofp/libc.a(lib_a-wcrtomb.o)
 .ARM.attributes
                0x00000000000010bd       0x2c /usr/lib/gcc/arm-none-eabi/9.2.1/../../../arm-none-eabi/lib/thumb/v6-m/nofp/libc.a(lib_a-wctomb_r.o)
 .ARM.attributes
                0x00000000000010e9       0x2c /usr/lib/gcc/arm-none-eabi/9.2.1/../../../arm-none-eabi/lib/thumb/v6-m/nofp/libc.a(lib_a-abort.o)
 .ARM.attributes
                0x0000000000001115       0x2c /usr/lib/gcc/arm-none-eabi/9.2.1/../../../arm-none-eabi/lib/thumb/v6-m/nofp/libc.a(lib_a-signal.o)
 .ARM.attributes
                0x0000000000001141       0x2c /usr/lib/gcc/arm-none-eabi/9.2.1/../../../arm-none-eabi/lib/thumb/v6-m/nofp/libc.a(lib_a-signalr.o)
 .ARM.attributes
                0x000000000000116d       0x2c /usr/lib/gcc/arm-none-eabi/9.2.1/thumb/v6-m/nofp/libgcc.a(adddf3.o)
 .ARM.attributes
                0x0000000000001199       0x2c /usr/lib/gcc/arm-none-eabi/9.2.1/thumb/v6-m/nofp/libgcc.a(unorddf2.o)
 .ARM.attributes
                0x00000000000011c5       0x2c /usr/lib/gcc/arm-none-eabi/9.2.1/thumb/v6-m/nofp/crtend.o
 .ARM.attributes
                0x00000000000011f1       0x1e /usr/lib/gcc/arm-none-eabi/9.2.1/thumb/v6-m/nofp/crtn.o

.comment        0x0000000000000000       0x59
 .comment       0x0000000000000000       0x59 /usr/lib/gcc/arm-none-eabi/9.2.1/thumb/v6-m/nofp/crtbegin.o
                                         0x5a (size before relaxing)
 .comment       0x0000000000000059       0x5a build/Default/production/hal/src/hal_can_async.o
 .comment       0x0000000000000059       0x5a build/Default/production/hal/src/hal_flash.o
 .comment       0x0000000000000059       0x5a build/Default/production/hal/src/hal_io.o
 .comment       0x0000000000000059       0x5a build/Default/production/hal/src/hal_timer.o
 .comment       0x0000000000000059       0x5a build/Default/production/hal/src/hal_usart_sync.o
 .comment       0x0000000000000059       0x5a build/Default/production/hal/utils/src/utils_list.o
 .comment       0x0000000000000059       0x5a build/Default/production/hal/utils/src/utils_syscalls.o
 .comment       0x0000000000000059       0x5a build/Default/production/hpl/can/hpl_can.o
 .comment       0x0000000000000059       0x5a build/Default/production/hpl/core/hpl_init.o
 .comment       0x0000000000000059       0x5a build/Default/production/hpl/divas/hpl_divas.o
 .comment       0x0000000000000059       0x5a build/Default/production/hpl/gclk/hpl_gclk.o
 .comment       0x0000000000000059       0x5a build/Default/production/hpl/mclk/hpl_mclk.o
 .comment       0x0000000000000059       0x5a build/Default/production/hpl/nvmctrl/hpl_nvmctrl.o
 .comment       0x0000000000000059       0x5a build/Default/production/hpl/osc32kctrl/hpl_osc32kctrl.o
 .comment       0x0000000000000059       0x5a build/Default/production/hpl/oscctrl/hpl_oscctrl.o
 .comment       0x0000000000000059       0x5a build/Default/production/hpl/sercom/hpl_sercom.o
 .comment       0x0000000000000059       0x5a build/Default/production/hpl/tc/hpl_tc.o
 .comment       0x0000000000000059       0x5a build/Default/production/samc21n/gcc/gcc/startup_samc21.o
 .comment       0x0000000000000059       0x5a build/Default/production/stdio_redirect/gcc/read.o
 .comment       0x0000000000000059       0x5a build/Default/production/stdio_redirect/gcc/write.o
 .comment       0x0000000000000059       0x5a build/Default/production/stdio_redirect/stdio_io.o
 .comment       0x0000000000000059       0x5a build/Default/production/main.o
 .comment       0x0000000000000059       0x5a build/Default/production/driver_init.o
 .comment       0x0000000000000059       0x5a build/Default/production/stdio_start.o
 .comment       0x0000000000000059       0x5a build/Default/production/atmel_start.o
 .comment       0x0000000000000059       0x5a /usr/lib/gcc/arm-none-eabi/9.2.1/thumb/v6-m/nofp/libgcc.a(_udivmoddi4.o)
 .comment       0x0000000000000059       0x5a /usr/lib/gcc/arm-none-eabi/9.2.1/thumb/v6-m/nofp/libgcc.a(divdf3.o)
 .comment       0x0000000000000059       0x5a /usr/lib/gcc/arm-none-eabi/9.2.1/thumb/v6-m/nofp/libgcc.a(muldf3.o)
 .comment       0x0000000000000059       0x5a /usr/lib/gcc/arm-none-eabi/9.2.1/thumb/v6-m/nofp/libgcc.a(subdf3.o)
 .comment       0x0000000000000059       0x5a /usr/lib/gcc/arm-none-eabi/9.2.1/thumb/v6-m/nofp/libgcc.a(fixdfsi.o)
 .comment       0x0000000000000059       0x5a /usr/lib/gcc/arm-none-eabi/9.2.1/thumb/v6-m/nofp/libgcc.a(floatsidf.o)
 .comment       0x0000000000000059       0x5a /usr/lib/gcc/arm-none-eabi/9.2.1/thumb/v6-m/nofp/libgcc.a(floatunsidf.o)
 .comment       0x0000000000000059       0x5a /usr/lib/gcc/arm-none-eabi/9.2.1/thumb/v6-m/nofp/libgcc.a(eqdf2.o)
 .comment       0x0000000000000059       0x5a /usr/lib/gcc/arm-none-eabi/9.2.1/thumb/v6-m/nofp/libgcc.a(gedf2.o)
 .comment       0x0000000000000059       0x5a /usr/lib/gcc/arm-none-eabi/9.2.1/thumb/v6-m/nofp/libgcc.a(ledf2.o)
 .comment       0x0000000000000059       0x5a /usr/lib/gcc/arm-none-eabi/9.2.1/../../../arm-none-eabi/lib/thumb/v6-m/nofp/libc.a(lib_a-atexit.o)
 .comment       0x0000000000000059       0x5a /usr/lib/gcc/arm-none-eabi/9.2.1/../../../arm-none-eabi/lib/thumb/v6-m/nofp/libc.a(lib_a-ctype_.o)
 .comment       0x0000000000000059       0x5a /usr/lib/gcc/arm-none-eabi/9.2.1/../../../arm-none-eabi/lib/thumb/v6-m/nofp/libc.a(lib_a-fini.o)
 .comment       0x0000000000000059       0x5a /usr/lib/gcc/arm-none-eabi/9.2.1/../../../arm-none-eabi/lib/thumb/v6-m/nofp/libc.a(lib_a-impure.o)
 .comment       0x0000000000000059       0x5a /usr/lib/gcc/arm-none-eabi/9.2.1/../../../arm-none-eabi/lib/thumb/v6-m/nofp/libc.a(lib_a-init.o)
 .comment       0x0000000000000059       0x5a /usr/lib/gcc/arm-none-eabi/9.2.1/../../../arm-none-eabi/lib/thumb/v6-m/nofp/libc.a(lib_a-itoa.o)
 .comment       0x0000000000000059       0x5a /usr/lib/gcc/arm-none-eabi/9.2.1/../../../arm-none-eabi/lib/thumb/v6-m/nofp/libc.a(lib_a-memcpy-stub.o)
 .comment       0x0000000000000059       0x5a /usr/lib/gcc/arm-none-eabi/9.2.1/../../../arm-none-eabi/lib/thumb/v6-m/nofp/libc.a(lib_a-memset.o)
 .comment       0x0000000000000059       0x5a /usr/lib/gcc/arm-none-eabi/9.2.1/../../../arm-none-eabi/lib/thumb/v6-m/nofp/libc.a(lib_a-printf.o)
 .comment       0x0000000000000059       0x5a /usr/lib/gcc/arm-none-eabi/9.2.1/../../../arm-none-eabi/lib/thumb/v6-m/nofp/libc.a(lib_a-setbuf.o)
 .comment       0x0000000000000059       0x5a /usr/lib/gcc/arm-none-eabi/9.2.1/../../../arm-none-eabi/lib/thumb/v6-m/nofp/libc.a(lib_a-setvbuf.o)
 .comment       0x0000000000000059       0x5a /usr/lib/gcc/arm-none-eabi/9.2.1/../../../arm-none-eabi/lib/thumb/v6-m/nofp/libc.a(lib_a-sprintf.o)
 .comment       0x0000000000000059       0x5a /usr/lib/gcc/arm-none-eabi/9.2.1/../../../arm-none-eabi/lib/thumb/v6-m/nofp/libc.a(lib_a-strcat.o)
 .comment       0x0000000000000059       0x5a /usr/lib/gcc/arm-none-eabi/9.2.1/../../../arm-none-eabi/lib/thumb/v6-m/nofp/libc.a(lib_a-strcpy.o)
 .comment       0x0000000000000059       0x5a /usr/lib/gcc/arm-none-eabi/9.2.1/../../../arm-none-eabi/lib/thumb/v6-m/nofp/libc.a(lib_a-strlen-stub.o)
 .comment       0x0000000000000059       0x5a /usr/lib/gcc/arm-none-eabi/9.2.1/../../../arm-none-eabi/lib/thumb/v6-m/nofp/libc.a(lib_a-svfprintf.o)
 .comment       0x0000000000000059       0x5a /usr/lib/gcc/arm-none-eabi/9.2.1/../../../arm-none-eabi/lib/thumb/v6-m/nofp/libc.a(lib_a-utoa.o)
 .comment       0x0000000000000059       0x5a /usr/lib/gcc/arm-none-eabi/9.2.1/../../../arm-none-eabi/lib/thumb/v6-m/nofp/libc.a(lib_a-vfprintf.o)
 .comment       0x0000000000000059       0x5a /usr/lib/gcc/arm-none-eabi/9.2.1/../../../arm-none-eabi/lib/thumb/v6-m/nofp/libc.a(lib_a-wsetup.o)
 .comment       0x0000000000000059       0x5a /usr/lib/gcc/arm-none-eabi/9.2.1/../../../arm-none-eabi/lib/thumb/v6-m/nofp/libc.a(lib_a-__atexit.o)
 .comment       0x0000000000000059       0x5a /usr/lib/gcc/arm-none-eabi/9.2.1/../../../arm-none-eabi/lib/thumb/v6-m/nofp/libc.a(lib_a-__call_atexit.o)
 .comment       0x0000000000000059       0x5a /usr/lib/gcc/arm-none-eabi/9.2.1/../../../arm-none-eabi/lib/thumb/v6-m/nofp/libc.a(lib_a-dtoa.o)
 .comment       0x0000000000000059       0x5a /usr/lib/gcc/arm-none-eabi/9.2.1/../../../arm-none-eabi/lib/thumb/v6-m/nofp/libc.a(lib_a-fflush.o)
 .comment       0x0000000000000059       0x5a /usr/lib/gcc/arm-none-eabi/9.2.1/../../../arm-none-eabi/lib/thumb/v6-m/nofp/libc.a(lib_a-findfp.o)
 .comment       0x0000000000000059       0x5a /usr/lib/gcc/arm-none-eabi/9.2.1/../../../arm-none-eabi/lib/thumb/v6-m/nofp/libc.a(lib_a-freer.o)
 .comment       0x0000000000000059       0x5a /usr/lib/gcc/arm-none-eabi/9.2.1/../../../arm-none-eabi/lib/thumb/v6-m/nofp/libc.a(lib_a-fvwrite.o)
 .comment       0x0000000000000059       0x5a /usr/lib/gcc/arm-none-eabi/9.2.1/../../../arm-none-eabi/lib/thumb/v6-m/nofp/libc.a(lib_a-fwalk.o)
 .comment       0x0000000000000059       0x5a /usr/lib/gcc/arm-none-eabi/9.2.1/../../../arm-none-eabi/lib/thumb/v6-m/nofp/libc.a(lib_a-localeconv.o)
 .comment       0x0000000000000059       0x5a /usr/lib/gcc/arm-none-eabi/9.2.1/../../../arm-none-eabi/lib/thumb/v6-m/nofp/libc.a(lib_a-makebuf.o)
 .comment       0x0000000000000059       0x5a /usr/lib/gcc/arm-none-eabi/9.2.1/../../../arm-none-eabi/lib/thumb/v6-m/nofp/libc.a(lib_a-malloc.o)
 .comment       0x0000000000000059       0x5a /usr/lib/gcc/arm-none-eabi/9.2.1/../../../arm-none-eabi/lib/thumb/v6-m/nofp/libc.a(lib_a-mallocr.o)
 .comment       0x0000000000000059       0x5a /usr/lib/gcc/arm-none-eabi/9.2.1/../../../arm-none-eabi/lib/thumb/v6-m/nofp/libc.a(lib_a-memchr-stub.o)
 .comment       0x0000000000000059       0x5a /usr/lib/gcc/arm-none-eabi/9.2.1/../../../arm-none-eabi/lib/thumb/v6-m/nofp/libc.a(lib_a-memmove.o)
 .comment       0x0000000000000059       0x5a /usr/lib/gcc/arm-none-eabi/9.2.1/../../../arm-none-eabi/lib/thumb/v6-m/nofp/libc.a(lib_a-mlock.o)
 .comment       0x0000000000000059       0x5a /usr/lib/gcc/arm-none-eabi/9.2.1/../../../arm-none-eabi/lib/thumb/v6-m/nofp/libc.a(lib_a-mprec.o)
 .comment       0x0000000000000059       0x5a /usr/lib/gcc/arm-none-eabi/9.2.1/../../../arm-none-eabi/lib/thumb/v6-m/nofp/libc.a(lib_a-reallocr.o)
 .comment       0x0000000000000059       0x5a /usr/lib/gcc/arm-none-eabi/9.2.1/../../../arm-none-eabi/lib/thumb/v6-m/nofp/libc.a(lib_a-sbrkr.o)
 .comment       0x0000000000000059       0x5a /usr/lib/gcc/arm-none-eabi/9.2.1/../../../arm-none-eabi/lib/thumb/v6-m/nofp/libc.a(lib_a-stdio.o)
 .comment       0x0000000000000059       0x5a /usr/lib/gcc/arm-none-eabi/9.2.1/../../../arm-none-eabi/lib/thumb/v6-m/nofp/libc.a(lib_a-svfiprintf.o)
 .comment       0x0000000000000059       0x5a /usr/lib/gcc/arm-none-eabi/9.2.1/../../../arm-none-eabi/lib/thumb/v6-m/nofp/libc.a(lib_a-vfiprintf.o)
 .comment       0x0000000000000059       0x5a /usr/lib/gcc/arm-none-eabi/9.2.1/../../../arm-none-eabi/lib/thumb/v6-m/nofp/libc.a(lib_a-writer.o)
 .comment       0x0000000000000059       0x5a /usr/lib/gcc/arm-none-eabi/9.2.1/../../../arm-none-eabi/lib/thumb/v6-m/nofp/libc.a(lib_a-assert.o)
 .comment       0x0000000000000059       0x5a /usr/lib/gcc/arm-none-eabi/9.2.1/../../../arm-none-eabi/lib/thumb/v6-m/nofp/libc.a(lib_a-callocr.o)
 .comment       0x0000000000000059       0x5a /usr/lib/gcc/arm-none-eabi/9.2.1/../../../arm-none-eabi/lib/thumb/v6-m/nofp/libc.a(lib_a-closer.o)
 .comment       0x0000000000000059       0x5a /usr/lib/gcc/arm-none-eabi/9.2.1/../../../arm-none-eabi/lib/thumb/v6-m/nofp/libc.a(lib_a-fclose.o)
 .comment       0x0000000000000059       0x5a /usr/lib/gcc/arm-none-eabi/9.2.1/../../../arm-none-eabi/lib/thumb/v6-m/nofp/libc.a(lib_a-fiprintf.o)
 .comment       0x0000000000000059       0x5a /usr/lib/gcc/arm-none-eabi/9.2.1/../../../arm-none-eabi/lib/thumb/v6-m/nofp/libc.a(lib_a-fputwc.o)
 .comment       0x0000000000000059       0x5a /usr/lib/gcc/arm-none-eabi/9.2.1/../../../arm-none-eabi/lib/thumb/v6-m/nofp/libc.a(lib_a-fstatr.o)
 .comment       0x0000000000000059       0x5a /usr/lib/gcc/arm-none-eabi/9.2.1/../../../arm-none-eabi/lib/thumb/v6-m/nofp/libc.a(lib_a-isattyr.o)
 .comment       0x0000000000000059       0x5a /usr/lib/gcc/arm-none-eabi/9.2.1/../../../arm-none-eabi/lib/thumb/v6-m/nofp/libc.a(lib_a-locale.o)
 .comment       0x0000000000000059       0x5a /usr/lib/gcc/arm-none-eabi/9.2.1/../../../arm-none-eabi/lib/thumb/v6-m/nofp/libc.a(lib_a-lseekr.o)
 .comment       0x0000000000000059       0x5a /usr/lib/gcc/arm-none-eabi/9.2.1/../../../arm-none-eabi/lib/thumb/v6-m/nofp/libc.a(lib_a-mbtowc_r.o)
 .comment       0x0000000000000059       0x5a /usr/lib/gcc/arm-none-eabi/9.2.1/../../../arm-none-eabi/lib/thumb/v6-m/nofp/libc.a(lib_a-readr.o)
 .comment       0x0000000000000059       0x5a /usr/lib/gcc/arm-none-eabi/9.2.1/../../../arm-none-eabi/lib/thumb/v6-m/nofp/libc.a(lib_a-reent.o)
 .comment       0x0000000000000059       0x5a /usr/lib/gcc/arm-none-eabi/9.2.1/../../../arm-none-eabi/lib/thumb/v6-m/nofp/libc.a(lib_a-wbuf.o)
 .comment       0x0000000000000059       0x5a /usr/lib/gcc/arm-none-eabi/9.2.1/../../../arm-none-eabi/lib/thumb/v6-m/nofp/libc.a(lib_a-wcrtomb.o)
 .comment       0x0000000000000059       0x5a /usr/lib/gcc/arm-none-eabi/9.2.1/../../../arm-none-eabi/lib/thumb/v6-m/nofp/libc.a(lib_a-wctomb_r.o)
 .comment       0x0000000000000059       0x5a /usr/lib/gcc/arm-none-eabi/9.2.1/../../../arm-none-eabi/lib/thumb/v6-m/nofp/libc.a(lib_a-abort.o)
 .comment       0x0000000000000059       0x5a /usr/lib/gcc/arm-none-eabi/9.2.1/../../../arm-none-eabi/lib/thumb/v6-m/nofp/libc.a(lib_a-signal.o)
 .comment       0x0000000000000059       0x5a /usr/lib/gcc/arm-none-eabi/9.2.1/../../../arm-none-eabi/lib/thumb/v6-m/nofp/libc.a(lib_a-signalr.o)
 .comment       0x0000000000000059       0x5a /usr/lib/gcc/arm-none-eabi/9.2.1/thumb/v6-m/nofp/libgcc.a(adddf3.o)
 .comment       0x0000000000000059       0x5a /usr/lib/gcc/arm-none-eabi/9.2.1/thumb/v6-m/nofp/libgcc.a(unorddf2.o)
 .comment       0x0000000000000059       0x5a /usr/lib/gcc/arm-none-eabi/9.2.1/thumb/v6-m/nofp/crtend.o

.debug_line     0x0000000000000000    0x14a8e
 .debug_line    0x0000000000000000       0x68 /usr/lib/gcc/arm-none-eabi/9.2.1/thumb/v6-m/nofp/libgcc.a(_thumb1_case_sqi.o)
 .debug_line    0x0000000000000068       0x6b /usr/lib/gcc/arm-none-eabi/9.2.1/thumb/v6-m/nofp/libgcc.a(_aeabi_uldivmod.o)
 .debug_line    0x00000000000000d3      0x248 /usr/lib/gcc/arm-none-eabi/9.2.1/thumb/v6-m/nofp/libgcc.a(_udivmoddi4.o)
 .debug_line    0x000000000000031b      0xb66 /usr/lib/gcc/arm-none-eabi/9.2.1/thumb/v6-m/nofp/libgcc.a(divdf3.o)
 .debug_line    0x0000000000000e81      0x9e3 /usr/lib/gcc/arm-none-eabi/9.2.1/thumb/v6-m/nofp/libgcc.a(muldf3.o)
 .debug_line    0x0000000000001864      0xf92 /usr/lib/gcc/arm-none-eabi/9.2.1/thumb/v6-m/nofp/libgcc.a(subdf3.o)
 .debug_line    0x00000000000027f6      0x170 /usr/lib/gcc/arm-none-eabi/9.2.1/thumb/v6-m/nofp/libgcc.a(fixdfsi.o)
 .debug_line    0x0000000000002966      0x1bb /usr/lib/gcc/arm-none-eabi/9.2.1/thumb/v6-m/nofp/libgcc.a(floatsidf.o)
 .debug_line    0x0000000000002b21      0x1c1 /usr/lib/gcc/arm-none-eabi/9.2.1/thumb/v6-m/nofp/libgcc.a(floatunsidf.o)
 .debug_line    0x0000000000002ce2       0x60 /usr/lib/gcc/arm-none-eabi/9.2.1/thumb/v6-m/nofp/libgcc.a(_dvmd_tls.o)
 .debug_line    0x0000000000002d42       0x78 /usr/lib/gcc/arm-none-eabi/9.2.1/thumb/v6-m/nofp/libgcc.a(_arm_cmpdf2.o)
 .debug_line    0x0000000000002dba       0x74 /usr/lib/gcc/arm-none-eabi/9.2.1/thumb/v6-m/nofp/libgcc.a(_clzsi2.o)
 .debug_line    0x0000000000002e2e       0x6a /usr/lib/gcc/arm-none-eabi/9.2.1/thumb/v6-m/nofp/libgcc.a(_clzdi2.o)
 .debug_line    0x0000000000002e98      0x168 /usr/lib/gcc/arm-none-eabi/9.2.1/thumb/v6-m/nofp/libgcc.a(eqdf2.o)
 .debug_line    0x0000000000003000      0x1df /usr/lib/gcc/arm-none-eabi/9.2.1/thumb/v6-m/nofp/libgcc.a(gedf2.o)
 .debug_line    0x00000000000031df      0x1d7 /usr/lib/gcc/arm-none-eabi/9.2.1/thumb/v6-m/nofp/libgcc.a(ledf2.o)
 .debug_line    0x00000000000033b6      0x152 /usr/lib/gcc/arm-none-eabi/9.2.1/../../../arm-none-eabi/lib/thumb/v6-m/nofp/libc.a(lib_a-atexit.o)
 .debug_line    0x0000000000003508      0x154 /usr/lib/gcc/arm-none-eabi/9.2.1/../../../arm-none-eabi/lib/thumb/v6-m/nofp/libc.a(lib_a-ctype_.o)
 .debug_line    0x000000000000365c       0xe9 /usr/lib/gcc/arm-none-eabi/9.2.1/../../../arm-none-eabi/lib/thumb/v6-m/nofp/libc.a(lib_a-fini.o)
 .debug_line    0x0000000000003745       0xe3 /usr/lib/gcc/arm-none-eabi/9.2.1/../../../arm-none-eabi/lib/thumb/v6-m/nofp/libc.a(lib_a-impure.o)
 .debug_line    0x0000000000003828      0x126 /usr/lib/gcc/arm-none-eabi/9.2.1/../../../arm-none-eabi/lib/thumb/v6-m/nofp/libc.a(lib_a-init.o)
 .debug_line    0x000000000000394e      0x1a9 /usr/lib/gcc/arm-none-eabi/9.2.1/../../../arm-none-eabi/lib/thumb/v6-m/nofp/libc.a(lib_a-itoa.o)
 .debug_line    0x0000000000003af7      0x264 /usr/lib/gcc/arm-none-eabi/9.2.1/../../../arm-none-eabi/lib/thumb/v6-m/nofp/libc.a(lib_a-memcpy-stub.o)
 .debug_line    0x0000000000003d5b      0x28d /usr/lib/gcc/arm-none-eabi/9.2.1/../../../arm-none-eabi/lib/thumb/v6-m/nofp/libc.a(lib_a-memset.o)
 .debug_line    0x0000000000003fe8      0x1cf /usr/lib/gcc/arm-none-eabi/9.2.1/../../../arm-none-eabi/lib/thumb/v6-m/nofp/libc.a(lib_a-printf.o)
 .debug_line    0x00000000000041b7      0x169 /usr/lib/gcc/arm-none-eabi/9.2.1/../../../arm-none-eabi/lib/thumb/v6-m/nofp/libc.a(lib_a-setbuf.o)
 .debug_line    0x0000000000004320      0x395 /usr/lib/gcc/arm-none-eabi/9.2.1/../../../arm-none-eabi/lib/thumb/v6-m/nofp/libc.a(lib_a-setvbuf.o)
 .debug_line    0x00000000000046b5      0x225 /usr/lib/gcc/arm-none-eabi/9.2.1/../../../arm-none-eabi/lib/thumb/v6-m/nofp/libc.a(lib_a-sprintf.o)
 .debug_line    0x00000000000048da      0x198 /usr/lib/gcc/arm-none-eabi/9.2.1/../../../arm-none-eabi/lib/thumb/v6-m/nofp/libc.a(lib_a-strcat.o)
 .debug_line    0x0000000000004a72       0xb0 /usr/lib/gcc/arm-none-eabi/9.2.1/../../../arm-none-eabi/lib/thumb/v6-m/nofp/libc.a(lib_a-strcmp.o)
 .debug_line    0x0000000000004b22      0x147 /usr/lib/gcc/arm-none-eabi/9.2.1/../../../arm-none-eabi/lib/thumb/v6-m/nofp/libc.a(lib_a-strcpy.o)
 .debug_line    0x0000000000004c69      0x1cc /usr/lib/gcc/arm-none-eabi/9.2.1/../../../arm-none-eabi/lib/thumb/v6-m/nofp/libc.a(lib_a-strlen-stub.o)
 .debug_line    0x0000000000004e35     0x18ad /usr/lib/gcc/arm-none-eabi/9.2.1/../../../arm-none-eabi/lib/thumb/v6-m/nofp/libc.a(lib_a-svfprintf.o)
 .debug_line    0x00000000000066e2      0x24e /usr/lib/gcc/arm-none-eabi/9.2.1/../../../arm-none-eabi/lib/thumb/v6-m/nofp/libc.a(lib_a-utoa.o)
 .debug_line    0x0000000000006930     0x19f5 /usr/lib/gcc/arm-none-eabi/9.2.1/../../../arm-none-eabi/lib/thumb/v6-m/nofp/libc.a(lib_a-vfprintf.o)
 .debug_line    0x0000000000008325      0x2e5 /usr/lib/gcc/arm-none-eabi/9.2.1/../../../arm-none-eabi/lib/thumb/v6-m/nofp/libc.a(lib_a-wsetup.o)
 .debug_line    0x000000000000860a      0x1f9 /usr/lib/gcc/arm-none-eabi/9.2.1/../../../arm-none-eabi/lib/thumb/v6-m/nofp/libc.a(lib_a-__atexit.o)
 .debug_line    0x0000000000008803      0x2a4 /usr/lib/gcc/arm-none-eabi/9.2.1/../../../arm-none-eabi/lib/thumb/v6-m/nofp/libc.a(lib_a-__call_atexit.o)
 .debug_line    0x0000000000008aa7     0x15b1 /usr/lib/gcc/arm-none-eabi/9.2.1/../../../arm-none-eabi/lib/thumb/v6-m/nofp/libc.a(lib_a-dtoa.o)
 .debug_line    0x000000000000a058      0x423 /usr/lib/gcc/arm-none-eabi/9.2.1/../../../arm-none-eabi/lib/thumb/v6-m/nofp/libc.a(lib_a-fflush.o)
 .debug_line    0x000000000000a47b      0x599 /usr/lib/gcc/arm-none-eabi/9.2.1/../../../arm-none-eabi/lib/thumb/v6-m/nofp/libc.a(lib_a-findfp.o)
 .debug_line    0x000000000000aa14      0x495 /usr/lib/gcc/arm-none-eabi/9.2.1/../../../arm-none-eabi/lib/thumb/v6-m/nofp/libc.a(lib_a-freer.o)
 .debug_line    0x000000000000aea9      0x650 /usr/lib/gcc/arm-none-eabi/9.2.1/../../../arm-none-eabi/lib/thumb/v6-m/nofp/libc.a(lib_a-fvwrite.o)
 .debug_line    0x000000000000b4f9      0x28f /usr/lib/gcc/arm-none-eabi/9.2.1/../../../arm-none-eabi/lib/thumb/v6-m/nofp/libc.a(lib_a-fwalk.o)
 .debug_line    0x000000000000b788      0x1ce /usr/lib/gcc/arm-none-eabi/9.2.1/../../../arm-none-eabi/lib/thumb/v6-m/nofp/libc.a(lib_a-localeconv.o)
 .debug_line    0x000000000000b956      0x341 /usr/lib/gcc/arm-none-eabi/9.2.1/../../../arm-none-eabi/lib/thumb/v6-m/nofp/libc.a(lib_a-makebuf.o)
 .debug_line    0x000000000000bc97      0x16e /usr/lib/gcc/arm-none-eabi/9.2.1/../../../arm-none-eabi/lib/thumb/v6-m/nofp/libc.a(lib_a-malloc.o)
 .debug_line    0x000000000000be05      0x89d /usr/lib/gcc/arm-none-eabi/9.2.1/../../../arm-none-eabi/lib/thumb/v6-m/nofp/libc.a(lib_a-mallocr.o)
 .debug_line    0x000000000000c6a2      0x20f /usr/lib/gcc/arm-none-eabi/9.2.1/../../../arm-none-eabi/lib/thumb/v6-m/nofp/libc.a(lib_a-memchr-stub.o)
 .debug_line    0x000000000000c8b1      0x297 /usr/lib/gcc/arm-none-eabi/9.2.1/../../../arm-none-eabi/lib/thumb/v6-m/nofp/libc.a(lib_a-memmove.o)
 .debug_line    0x000000000000cb48      0x13d /usr/lib/gcc/arm-none-eabi/9.2.1/../../../arm-none-eabi/lib/thumb/v6-m/nofp/libc.a(lib_a-mlock.o)
 .debug_line    0x000000000000cc85     0x1721 /usr/lib/gcc/arm-none-eabi/9.2.1/../../../arm-none-eabi/lib/thumb/v6-m/nofp/libc.a(lib_a-mprec.o)
 .debug_line    0x000000000000e3a6      0x701 /usr/lib/gcc/arm-none-eabi/9.2.1/../../../arm-none-eabi/lib/thumb/v6-m/nofp/libc.a(lib_a-reallocr.o)
 .debug_line    0x000000000000eaa7      0x182 /usr/lib/gcc/arm-none-eabi/9.2.1/../../../arm-none-eabi/lib/thumb/v6-m/nofp/libc.a(lib_a-sbrkr.o)
 .debug_line    0x000000000000ec29      0x25c /usr/lib/gcc/arm-none-eabi/9.2.1/../../../arm-none-eabi/lib/thumb/v6-m/nofp/libc.a(lib_a-stdio.o)
 .debug_line    0x000000000000ee85     0x1036 /usr/lib/gcc/arm-none-eabi/9.2.1/../../../arm-none-eabi/lib/thumb/v6-m/nofp/libc.a(lib_a-svfiprintf.o)
 .debug_line    0x000000000000febb     0x1330 /usr/lib/gcc/arm-none-eabi/9.2.1/../../../arm-none-eabi/lib/thumb/v6-m/nofp/libc.a(lib_a-vfiprintf.o)
 .debug_line    0x00000000000111eb      0x17d /usr/lib/gcc/arm-none-eabi/9.2.1/../../../arm-none-eabi/lib/thumb/v6-m/nofp/libc.a(lib_a-writer.o)
 .debug_line    0x0000000000011368      0x18a /usr/lib/gcc/arm-none-eabi/9.2.1/../../../arm-none-eabi/lib/thumb/v6-m/nofp/libc.a(lib_a-assert.o)
 .debug_line    0x00000000000114f2      0x1e7 /usr/lib/gcc/arm-none-eabi/9.2.1/../../../arm-none-eabi/lib/thumb/v6-m/nofp/libc.a(lib_a-callocr.o)
 .debug_line    0x00000000000116d9      0x182 /usr/lib/gcc/arm-none-eabi/9.2.1/../../../arm-none-eabi/lib/thumb/v6-m/nofp/libc.a(lib_a-closer.o)
 .debug_line    0x000000000001185b      0x26a /usr/lib/gcc/arm-none-eabi/9.2.1/../../../arm-none-eabi/lib/thumb/v6-m/nofp/libc.a(lib_a-fclose.o)
 .debug_line    0x0000000000011ac5      0x194 /usr/lib/gcc/arm-none-eabi/9.2.1/../../../arm-none-eabi/lib/thumb/v6-m/nofp/libc.a(lib_a-fiprintf.o)
 .debug_line    0x0000000000011c59      0x326 /usr/lib/gcc/arm-none-eabi/9.2.1/../../../arm-none-eabi/lib/thumb/v6-m/nofp/libc.a(lib_a-fputwc.o)
 .debug_line    0x0000000000011f7f      0x211 /usr/lib/gcc/arm-none-eabi/9.2.1/../../../arm-none-eabi/lib/thumb/v6-m/nofp/libc.a(lib_a-fstatr.o)
 .debug_line    0x0000000000012190      0x183 /usr/lib/gcc/arm-none-eabi/9.2.1/../../../arm-none-eabi/lib/thumb/v6-m/nofp/libc.a(lib_a-isattyr.o)
 .debug_line    0x0000000000012313      0x241 /usr/lib/gcc/arm-none-eabi/9.2.1/../../../arm-none-eabi/lib/thumb/v6-m/nofp/libc.a(lib_a-locale.o)
 .debug_line    0x0000000000012554      0x17d /usr/lib/gcc/arm-none-eabi/9.2.1/../../../arm-none-eabi/lib/thumb/v6-m/nofp/libc.a(lib_a-lseekr.o)
 .debug_line    0x00000000000126d1      0x215 /usr/lib/gcc/arm-none-eabi/9.2.1/../../../arm-none-eabi/lib/thumb/v6-m/nofp/libc.a(lib_a-mbtowc_r.o)
 .debug_line    0x00000000000128e6      0x17c /usr/lib/gcc/arm-none-eabi/9.2.1/../../../arm-none-eabi/lib/thumb/v6-m/nofp/libc.a(lib_a-readr.o)
 .debug_line    0x0000000000012a62      0x21b /usr/lib/gcc/arm-none-eabi/9.2.1/../../../arm-none-eabi/lib/thumb/v6-m/nofp/libc.a(lib_a-reent.o)
 .debug_line    0x0000000000012c7d      0x2d8 /usr/lib/gcc/arm-none-eabi/9.2.1/../../../arm-none-eabi/lib/thumb/v6-m/nofp/libc.a(lib_a-wbuf.o)
 .debug_line    0x0000000000012f55      0x2b2 /usr/lib/gcc/arm-none-eabi/9.2.1/../../../arm-none-eabi/lib/thumb/v6-m/nofp/libc.a(lib_a-wcrtomb.o)
 .debug_line    0x0000000000013207      0x20b /usr/lib/gcc/arm-none-eabi/9.2.1/../../../arm-none-eabi/lib/thumb/v6-m/nofp/libc.a(lib_a-wctomb_r.o)
 .debug_line    0x0000000000013412      0x15f /usr/lib/gcc/arm-none-eabi/9.2.1/../../../arm-none-eabi/lib/thumb/v6-m/nofp/libc.a(lib_a-abort.o)
 .debug_line    0x0000000000013571      0x3cb /usr/lib/gcc/arm-none-eabi/9.2.1/../../../arm-none-eabi/lib/thumb/v6-m/nofp/libc.a(lib_a-signal.o)
 .debug_line    0x000000000001393c      0x1a9 /usr/lib/gcc/arm-none-eabi/9.2.1/../../../arm-none-eabi/lib/thumb/v6-m/nofp/libc.a(lib_a-signalr.o)
 .debug_line    0x0000000000013ae5      0xe8a /usr/lib/gcc/arm-none-eabi/9.2.1/thumb/v6-m/nofp/libgcc.a(adddf3.o)
 .debug_line    0x000000000001496f      0x11f /usr/lib/gcc/arm-none-eabi/9.2.1/thumb/v6-m/nofp/libgcc.a(unorddf2.o)

.debug_info     0x0000000000000000    0x36f97
 .debug_info    0x0000000000000000       0x26 /usr/lib/gcc/arm-none-eabi/9.2.1/thumb/v6-m/nofp/libgcc.a(_thumb1_case_sqi.o)
 .debug_info    0x0000000000000026       0x26 /usr/lib/gcc/arm-none-eabi/9.2.1/thumb/v6-m/nofp/libgcc.a(_aeabi_uldivmod.o)
 .debug_info    0x000000000000004c      0x9e9 /usr/lib/gcc/arm-none-eabi/9.2.1/thumb/v6-m/nofp/libgcc.a(_udivmoddi4.o)
 .debug_info    0x0000000000000a35      0x82b /usr/lib/gcc/arm-none-eabi/9.2.1/thumb/v6-m/nofp/libgcc.a(divdf3.o)
 .debug_info    0x0000000000001260      0x857 /usr/lib/gcc/arm-none-eabi/9.2.1/thumb/v6-m/nofp/libgcc.a(muldf3.o)
 .debug_info    0x0000000000001ab7      0x630 /usr/lib/gcc/arm-none-eabi/9.2.1/thumb/v6-m/nofp/libgcc.a(subdf3.o)
 .debug_info    0x00000000000020e7      0x21b /usr/lib/gcc/arm-none-eabi/9.2.1/thumb/v6-m/nofp/libgcc.a(fixdfsi.o)
 .debug_info    0x0000000000002302      0x2f0 /usr/lib/gcc/arm-none-eabi/9.2.1/thumb/v6-m/nofp/libgcc.a(floatsidf.o)
 .debug_info    0x00000000000025f2      0x2e3 /usr/lib/gcc/arm-none-eabi/9.2.1/thumb/v6-m/nofp/libgcc.a(floatunsidf.o)
 .debug_info    0x00000000000028d5       0x26 /usr/lib/gcc/arm-none-eabi/9.2.1/thumb/v6-m/nofp/libgcc.a(_dvmd_tls.o)
 .debug_info    0x00000000000028fb       0x26 /usr/lib/gcc/arm-none-eabi/9.2.1/thumb/v6-m/nofp/libgcc.a(_arm_cmpdf2.o)
 .debug_info    0x0000000000002921       0x26 /usr/lib/gcc/arm-none-eabi/9.2.1/thumb/v6-m/nofp/libgcc.a(_clzsi2.o)
 .debug_info    0x0000000000002947       0x26 /usr/lib/gcc/arm-none-eabi/9.2.1/thumb/v6-m/nofp/libgcc.a(_clzdi2.o)
 .debug_info    0x000000000000296d      0x297 /usr/lib/gcc/arm-none-eabi/9.2.1/thumb/v6-m/nofp/libgcc.a(eqdf2.o)
 .debug_info    0x0000000000002c04      0x2b5 /usr/lib/gcc/arm-none-eabi/9.2.1/thumb/v6-m/nofp/libgcc.a(gedf2.o)
 .debug_info    0x0000000000002eb9      0x2b5 /usr/lib/gcc/arm-none-eabi/9.2.1/thumb/v6-m/nofp/libgcc.a(ledf2.o)