Archive member included to satisfy reference by file (symbol)

c:/program files (x86)/atmel/studio/7.0/toolchain/arm/arm-gnu-toolchain/bin/../lib/gcc/arm-none-eabi/6.3.1/thumb/v6-m\libgcc.a(_aeabi_uldivmod.o)
                              hpl/sercom/hpl_sercom.o (__aeabi_uldivmod)
c:/program files (x86)/atmel/studio/7.0/toolchain/arm/arm-gnu-toolchain/bin/../lib/gcc/arm-none-eabi/6.3.1/thumb/v6-m\libgcc.a(_muldi3.o)
                              hpl/sercom/hpl_sercom.o (__aeabi_lmul)
c:/program files (x86)/atmel/studio/7.0/toolchain/arm/arm-gnu-toolchain/bin/../lib/gcc/arm-none-eabi/6.3.1/thumb/v6-m\libgcc.a(_fixunsdfsi.o)
                              hpl/sercom/hpl_sercom.o (__aeabi_d2uiz)
c:/program files (x86)/atmel/studio/7.0/toolchain/arm/arm-gnu-toolchain/bin/../lib/gcc/arm-none-eabi/6.3.1/thumb/v6-m\libgcc.a(_udivmoddi4.o)
                              c:/program files (x86)/atmel/studio/7.0/toolchain/arm/arm-gnu-toolchain/bin/../lib/gcc/arm-none-eabi/6.3.1/thumb/v6-m\libgcc.a(_aeabi_uldivmod.o) (__udivmoddi4)
c:/program files (x86)/atmel/studio/7.0/toolchain/arm/arm-gnu-toolchain/bin/../lib/gcc/arm-none-eabi/6.3.1/thumb/v6-m\libgcc.a(divdf3.o)
                              hpl/sercom/hpl_sercom.o (__aeabi_ddiv)
c:/program files (x86)/atmel/studio/7.0/toolchain/arm/arm-gnu-toolchain/bin/../lib/gcc/arm-none-eabi/6.3.1/thumb/v6-m\libgcc.a(muldf3.o)
                              hpl/sercom/hpl_sercom.o (__aeabi_dmul)
c:/program files (x86)/atmel/studio/7.0/toolchain/arm/arm-gnu-toolchain/bin/../lib/gcc/arm-none-eabi/6.3.1/thumb/v6-m\libgcc.a(subdf3.o)
                              hpl/sercom/hpl_sercom.o (__aeabi_dsub)
c:/program files (x86)/atmel/studio/7.0/toolchain/arm/arm-gnu-toolchain/bin/../lib/gcc/arm-none-eabi/6.3.1/thumb/v6-m\libgcc.a(fixdfsi.o)
                              c:/program files (x86)/atmel/studio/7.0/toolchain/arm/arm-gnu-toolchain/bin/../lib/gcc/arm-none-eabi/6.3.1/thumb/v6-m\libgcc.a(_fixunsdfsi.o) (__aeabi_d2iz)
c:/program files (x86)/atmel/studio/7.0/toolchain/arm/arm-gnu-toolchain/bin/../lib/gcc/arm-none-eabi/6.3.1/thumb/v6-m\libgcc.a(floatsidf.o)
                              hpl/sercom/hpl_sercom.o (__aeabi_i2d)
c:/program files (x86)/atmel/studio/7.0/toolchain/arm/arm-gnu-toolchain/bin/../lib/gcc/arm-none-eabi/6.3.1/thumb/v6-m\libgcc.a(floatunsidf.o)
                              hpl/sercom/hpl_sercom.o (__aeabi_ui2d)
c:/program files (x86)/atmel/studio/7.0/toolchain/arm/arm-gnu-toolchain/bin/../lib/gcc/arm-none-eabi/6.3.1/thumb/v6-m\libgcc.a(_dvmd_tls.o)
                              c:/program files (x86)/atmel/studio/7.0/toolchain/arm/arm-gnu-toolchain/bin/../lib/gcc/arm-none-eabi/6.3.1/thumb/v6-m\libgcc.a(_aeabi_uldivmod.o) (__aeabi_ldiv0)
c:/program files (x86)/atmel/studio/7.0/toolchain/arm/arm-gnu-toolchain/bin/../lib/gcc/arm-none-eabi/6.3.1/thumb/v6-m\libgcc.a(_arm_cmpdf2.o)
                              c:/program files (x86)/atmel/studio/7.0/toolchain/arm/arm-gnu-toolchain/bin/../lib/gcc/arm-none-eabi/6.3.1/thumb/v6-m\libgcc.a(_fixunsdfsi.o) (__aeabi_dcmpge)
c:/program files (x86)/atmel/studio/7.0/toolchain/arm/arm-gnu-toolchain/bin/../lib/gcc/arm-none-eabi/6.3.1/thumb/v6-m\libgcc.a(_clzsi2.o)
                              c:/program files (x86)/atmel/studio/7.0/toolchain/arm/arm-gnu-toolchain/bin/../lib/gcc/arm-none-eabi/6.3.1/thumb/v6-m\libgcc.a(divdf3.o) (__clzsi2)
c:/program files (x86)/atmel/studio/7.0/toolchain/arm/arm-gnu-toolchain/bin/../lib/gcc/arm-none-eabi/6.3.1/thumb/v6-m\libgcc.a(_clzdi2.o)
                              c:/program files (x86)/atmel/studio/7.0/toolchain/arm/arm-gnu-toolchain/bin/../lib/gcc/arm-none-eabi/6.3.1/thumb/v6-m\libgcc.a(_udivmoddi4.o) (__clzdi2)
c:/program files (x86)/atmel/studio/7.0/toolchain/arm/arm-gnu-toolchain/bin/../lib/gcc/arm-none-eabi/6.3.1/thumb/v6-m\libgcc.a(eqdf2.o)
                              c:/program files (x86)/atmel/studio/7.0/toolchain/arm/arm-gnu-toolchain/bin/../lib/gcc/arm-none-eabi/6.3.1/thumb/v6-m\libgcc.a(_arm_cmpdf2.o) (__eqdf2)
c:/program files (x86)/atmel/studio/7.0/toolchain/arm/arm-gnu-toolchain/bin/../lib/gcc/arm-none-eabi/6.3.1/thumb/v6-m\libgcc.a(gedf2.o)
                              c:/program files (x86)/atmel/studio/7.0/toolchain/arm/arm-gnu-toolchain/bin/../lib/gcc/arm-none-eabi/6.3.1/thumb/v6-m\libgcc.a(_arm_cmpdf2.o) (__gedf2)
c:/program files (x86)/atmel/studio/7.0/toolchain/arm/arm-gnu-toolchain/bin/../lib/gcc/arm-none-eabi/6.3.1/thumb/v6-m\libgcc.a(ledf2.o)
                              c:/program files (x86)/atmel/studio/7.0/toolchain/arm/arm-gnu-toolchain/bin/../lib/gcc/arm-none-eabi/6.3.1/thumb/v6-m\libgcc.a(_arm_cmpdf2.o) (__ledf2)
c:/program files (x86)/atmel/studio/7.0/toolchain/arm/arm-gnu-toolchain/bin/../lib/gcc/arm-none-eabi/6.3.1/../../../../arm-none-eabi/lib/thumb/v6-m\libc_nano.a(lib_a-exit.o)
[...]
Memory Configuration

Name             Origin             Length             Attributes
rom              0x00000000         0x00040000         xr
ram              0x20000000         0x00008000         xrw
*default*        0x00000000         0xffffffff

Linker script and memory map

LOAD c:/program files (x86)/atmel/studio/7.0/toolchain/arm/arm-gnu-toolchain/bin/../lib/gcc/arm-none-eabi/6.3.1/thumb/v6-m/crti.o
LOAD c:/program files (x86)/atmel/studio/7.0/toolchain/arm/arm-gnu-toolchain/bin/../lib/gcc/arm-none-eabi/6.3.1/thumb/v6-m/crtbegin.o
LOAD c:/program files (x86)/atmel/studio/7.0/toolchain/arm/arm-gnu-toolchain/bin/../lib/gcc/arm-none-eabi/6.3.1/../../../../arm-none-eabi/lib/thumb/v6-m/crt0.o
LOAD atmel_start.o
LOAD Device_Startup/startup_samc21.o
LOAD Device_Startup/system_samc21.o
LOAD driver_init.o
LOAD examples/driver_examples.o
LOAD hal/src/hal_atomic.o
LOAD hal/src/hal_can_async.o
LOAD hal/src/hal_delay.o
LOAD hal/src/hal_flash.o
LOAD hal/src/hal_gpio.o
LOAD hal/src/hal_init.o
LOAD hal/src/hal_io.o
LOAD hal/src/hal_sleep.o
LOAD hal/src/hal_usart_sync.o
LOAD hal/utils/src/utils_assert.o
LOAD hal/utils/src/utils_event.o
LOAD hal/utils/src/utils_list.o
LOAD hal/utils/src/utils_syscalls.o
LOAD hpl/can/hpl_can.o
LOAD hpl/core/hpl_core_m0plus_base.o
LOAD hpl/core/hpl_init.o
LOAD hpl/divas/hpl_divas.o
LOAD hpl/dmac/hpl_dmac.o
LOAD hpl/gclk/hpl_gclk.o
LOAD hpl/mclk/hpl_mclk.o
LOAD hpl/nvmctrl/hpl_nvmctrl.o
LOAD hpl/osc32kctrl/hpl_osc32kctrl.o
LOAD hpl/oscctrl/hpl_oscctrl.o
LOAD hpl/pm/hpl_pm.o
LOAD hpl/sercom/hpl_sercom.o
LOAD main.o
LOAD stdio_redirect/gcc/read.o
LOAD stdio_redirect/gcc/write.o
LOAD stdio_redirect/stdio_io.o
LOAD stdio_start.o
START GROUP
LOAD c:/program files (x86)/atmel/studio/7.0/toolchain/arm/arm-gnu-toolchain/bin/../lib/gcc/arm-none-eabi/6.3.1/../../../../arm-none-eabi/lib/thumb/v6-m\libm.a
END GROUP
START GROUP
LOAD c:/program files (x86)/atmel/studio/7.0/toolchain/arm/arm-gnu-toolchain/bin/../lib/gcc/arm-none-eabi/6.3.1/thumb/v6-m\libgcc.a
LOAD c:/program files (x86)/atmel/studio/7.0/toolchain/arm/arm-gnu-toolchain/bin/../lib/gcc/arm-none-eabi/6.3.1/../../../../arm-none-eabi/lib/thumb/v6-m\libc_nano.a
END GROUP
START GROUP
LOAD c:/program files (x86)/atmel/studio/7.0/toolchain/arm/arm-gnu-toolchain/bin/../lib/gcc/arm-none-eabi/6.3.1/thumb/v6-m\libgcc.a
LOAD c:/program files (x86)/atmel/studio/7.0/toolchain/arm/arm-gnu-toolchain/bin/../lib/gcc/arm-none-eabi/6.3.1/../../../../arm-none-eabi/lib/thumb/v6-m\libc_nano.a
END GROUP
LOAD c:/program files (x86)/atmel/studio/7.0/toolchain/arm/arm-gnu-toolchain/bin/../lib/gcc/arm-none-eabi/6.3.1/thumb/v6-m/crtend.o
LOAD c:/program files (x86)/atmel/studio/7.0/toolchain/arm/arm-gnu-toolchain/bin/../lib/gcc/arm-none-eabi/6.3.1/thumb/v6-m/crtn.o
                0x00002000                STACK_SIZE = DEFINED (STACK_SIZE)?STACK_SIZE:DEFINED (__stack_size__)?__stack_size__:0x2000

.text           0x00000000     0x1cc4
                0x00000000                . = ALIGN (0x4)
                0x00000000                _sfixed = .
 *(.vectors .vectors.*)
 .vectors       0x00000000       0xbc Device_Startup/startup_samc21.o
                0x00000000                exception_table
 *(.text .text.* .gnu.linkonce.t.*)
 .text          0x000000bc       0x60 c:/program files (x86)/atmel/studio/7.0/toolchain/arm/arm-gnu-toolchain/bin/../lib/gcc/arm-none-eabi/6.3.1/thumb/v6-m/crtbegin.o
 .text.atmel_start_init
                0x0000011c       0x14 atmel_start.o
                0x0000011c                atmel_start_init
 .text.Dummy_Handler
                0x00000130        0x2 Device_Startup/startup_samc21.o
                0x00000130                SVCall_Handler
                0x00000130                DMAC_Handler
                0x00000130                HardFault_Handler
                0x00000130                AC_Handler
                0x00000130                SysTick_Handler
                0x00000130                PendSV_Handler
                0x00000130                NonMaskableInt_Handler
                0x00000130                TCC1_Handler
                0x00000130                SERCOM2_Handler
                0x00000130                TCC0_Handler
                0x00000130                RTC_Handler
                0x00000130                ADC1_Handler
                0x00000130                INT22_Handler
                0x00000130                EIC_Handler
                0x00000130                INT20_Handler
                0x00000130                WDT_Handler
                0x00000130                CAN0_Handler
                0x00000130                TC4_Handler
                0x00000130                TC3_Handler
                0x00000130                SDADC_Handler
                0x00000130                Dummy_Handler
                0x00000130                INT21_Handler
                0x00000130                SERCOM5_Handler
                0x00000130                INT10_Handler
                0x00000130                ADC0_Handler
                0x00000130                TSENS_Handler
                0x00000130                TCC2_Handler
                0x00000130                EVSYS_Handler
                0x00000130                SERCOM3_Handler
                0x00000130                SERCOM4_Handler
                0x00000130                SYSTEM_Handler
                0x00000130                DAC_Handler
                0x00000130                PTC_Handler
                0x00000130                INT9_Handler
                0x00000130                FREQM_Handler
 *fill*         0x00000132        0x2 
 .text.Reset_Handler
                0x00000134       0x68 Device_Startup/startup_samc21.o
                0x00000134                Reset_Handler
 .text.FLASH_0_CLOCK_init
                0x0000019c       0x10 driver_init.o
                0x0000019c                FLASH_0_CLOCK_init
 .text.FLASH_0_init
                0x000001ac       0x20 driver_init.o
                0x000001ac                FLASH_0_init
 .text.TARGET_IO_PORT_init
                0x000001cc       0x42 driver_init.o
                0x000001cc                TARGET_IO_PORT_init
 *fill*         0x0000020e        0x2 
 .text.TARGET_IO_CLOCK_init
                0x00000210       0x24 driver_init.o
                0x00000210                TARGET_IO_CLOCK_init
 .text.TARGET_IO_init
                0x00000234       0x2c driver_init.o
                0x00000234                TARGET_IO_init
 .text.CAN_1_PORT_init
                0x00000260       0x42 driver_init.o
                0x00000260                CAN_1_PORT_init
 *fill*         0x000002a2        0x2 
 .text.CAN_1_init
                0x000002a4       0x3c driver_init.o
                0x000002a4                CAN_1_init
 .text.system_init
                0x000002e0       0x24 driver_init.o
                0x000002e0                system_init
 .text.can_tx_done
                0x00000304        0xc hal/src/hal_can_async.o
 .text.can_rx_done
                0x00000310        0xc hal/src/hal_can_async.o
 .text.can_irq_handler
                0x0000031c        0xc hal/src/hal_can_async.o
 .text.can_async_init
                0x00000328       0x54 hal/src/hal_can_async.o
                0x00000328                can_async_init
 .text.flash_ready
                0x0000037c        0xc hal/src/hal_flash.o
 .text.flash_error
                0x00000388        0xc hal/src/hal_flash.o
 .text.flash_init
                0x00000394       0x4c hal/src/hal_flash.o
                0x00000394                flash_init
 .text.flash_get_page_size
                0x000003e0       0x28 hal/src/hal_flash.o
                0x000003e0                flash_get_page_size
 .text.io_write
                0x00000408       0x38 hal/src/hal_io.o
                0x00000408                io_write
 .text.io_read  0x00000440       0x38 hal/src/hal_io.o
                0x00000440                io_read
 .text.usart_sync_write
                0x00000478       0x74 hal/src/hal_usart_sync.o
 .text.usart_sync_read
                0x000004ec       0x6c hal/src/hal_usart_sync.o
 .text.usart_sync_init
                0x00000558       0x4c hal/src/hal_usart_sync.o
                0x00000558                usart_sync_init
 .text.usart_sync_enable
                0x000005a4       0x2c hal/src/hal_usart_sync.o
                0x000005a4                usart_sync_enable
 .text.usart_sync_get_io_descriptor
                0x000005d0       0x30 hal/src/hal_usart_sync.o
                0x000005d0                usart_sync_get_io_descriptor
 .text.usart_sync_is_rx_not_empty
                0x00000600       0x28 hal/src/hal_usart_sync.o
                0x00000600                usart_sync_is_rx_not_empty
 .text.assert   0x00000628        0x8 hal/utils/src/utils_assert.o
                0x00000628                assert
 .text._sbrk    0x00000630       0x24 hal/utils/src/utils_syscalls.o
                0x00000630                _sbrk
 .text._close   0x00000654        0x6 hal/utils/src/utils_syscalls.o
                0x00000654                _close
 .text._fstat   0x0000065a        0xa hal/utils/src/utils_syscalls.o
                0x0000065a                _fstat
 .text._lseek   0x00000664        0x4 hal/utils/src/utils_syscalls.o
                0x00000664                _lseek
 .text._can_async_init
                0x00000668      0x10c hpl/can/hpl_can.o
                0x00000668                _can_async_init
 .text.CAN1_Handler
                0x00000774       0x70 hpl/can/hpl_can.o
                0x00000774                CAN1_Handler
 .text._init_chip
                0x000007e4       0x44 hpl/core/hpl_init.o
                0x000007e4                _init_chip
 .text._div_init
                0x00000828        0xe hpl/divas/hpl_divas.o
                0x00000828                _div_init
 .text.__aeabi_uidiv
                0x00000836       0x36 hpl/divas/hpl_divas.o
                0x00000836                __aeabi_uidiv
 .text.__aeabi_uidivmod
                0x0000086c       0x3c hpl/divas/hpl_divas.o
                0x0000086c                __aeabi_uidivmod
 .text._gclk_init_generators_by_fref
                0x000008a8       0x24 hpl/gclk/hpl_gclk.o
                0x000008a8                _gclk_init_generators_by_fref
 .text._mclk_init
                0x000008cc        0xc hpl/mclk/hpl_mclk.o
                0x000008cc                _mclk_init
 .text._flash_init
                0x000008d8       0x60 hpl/nvmctrl/hpl_nvmctrl.o
                0x000008d8                _flash_init
 .text._flash_get_page_size
                0x00000938        0x4 hpl/nvmctrl/hpl_nvmctrl.o
                0x00000938                _flash_get_page_size
 .text.NVMCTRL_Handler
                0x0000093c       0x30 hpl/nvmctrl/hpl_nvmctrl.o
                0x0000093c                NVMCTRL_Handler
 .text._osc32kctrl_init_sources
                0x0000096c       0x24 hpl/osc32kctrl/hpl_osc32kctrl.o
                0x0000096c                _osc32kctrl_init_sources
 .text._oscctrl_init_sources
                0x00000990        0x2 hpl/oscctrl/hpl_oscctrl.o
                0x00000990                _oscctrl_init_sources
 *fill*         0x00000992        0x2 
 .text._oscctrl_init_referenced_generators
                0x00000994       0x70 hpl/oscctrl/hpl_oscctrl.o
                0x00000994                _oscctrl_init_referenced_generators
 .text._sercom_get_hardware_index
                0x00000a04       0x38 hpl/sercom/hpl_sercom.o
 .text._get_sercom_index
                0x00000a3c       0x48 hpl/sercom/hpl_sercom.o
 .text._usart_init
                0x00000a84       0xfc hpl/sercom/hpl_sercom.o
 .text._usart_sync_init
                0x00000b80       0x2c hpl/sercom/hpl_sercom.o
                0x00000b80                _usart_sync_init
 .text._usart_sync_enable
                0x00000bac       0x12 hpl/sercom/hpl_sercom.o
                0x00000bac                _usart_sync_enable
 .text._usart_sync_write_byte
                0x00000bbe        0x8 hpl/sercom/hpl_sercom.o
                0x00000bbe                _usart_sync_write_byte
 .text._usart_sync_read_byte
                0x00000bc6        0x8 hpl/sercom/hpl_sercom.o
                0x00000bc6                _usart_sync_read_byte
 .text._usart_sync_is_ready_to_send
                0x00000bce        0xa hpl/sercom/hpl_sercom.o
                0x00000bce                _usart_sync_is_ready_to_send
 .text._usart_sync_is_transmit_done
                0x00000bd8        0xc hpl/sercom/hpl_sercom.o
                0x00000bd8                _usart_sync_is_transmit_done
 .text._usart_sync_is_byte_received
                0x00000be4        0xc hpl/sercom/hpl_sercom.o
                0x00000be4                _usart_sync_is_byte_received
 .text.hexadecimalToDecimal
                0x00000bf0       0x44 main.o
                0x00000bf0                hexadecimalToDecimal
 .text.read_serial_data
                0x00000c34      0x11c main.o
                0x00000c34                read_serial_data
 .text.send_serial_data
                0x00000d50      0x1b8 main.o
                0x00000d50                send_serial_data
 .text.get_flash_page_size
                0x00000f08       0x14 main.o
                0x00000f08                get_flash_page_size
 .text.decode_can_data
                0x00000f1c       0x48 main.o
                0x00000f1c                decode_can_data
 .text.main     0x00000f64       0x68 main.o
                0x00000f64                main
 .text._read    0x00000fcc       0x28 stdio_redirect/gcc/read.o
                0x00000fcc                _read
 .text._write   0x00000ff4       0x28 stdio_redirect/gcc/write.o
                0x00000ff4                _write
 .text.stdio_io_init
                0x0000101c       0x2c stdio_redirect/stdio_io.o
                0x0000101c                stdio_io_init
 .text.stdio_io_read
                0x00001048       0x24 stdio_redirect/stdio_io.o
                0x00001048                stdio_io_read
 .text.stdio_io_write
                0x0000106c       0x24 stdio_redirect/stdio_io.o
                0x0000106c                stdio_io_write
 .text.stdio_redirect_init
                0x00001090       0x20 stdio_start.o
                0x00001090                stdio_redirect_init
 .text.__libc_init_array
                0x000010b0       0x48 c:/program files (x86)/atmel/studio/7.0/toolchain/arm/arm-gnu-toolchain/bin/../lib/gcc/arm-none-eabi/6.3.1/../../../../arm-none-eabi/lib/thumb/v6-m\libc_nano.a(lib_a-init.o)
                0x000010b0                __libc_init_array
 .text.__itoa   0x000010f8       0x30 c:/program files (x86)/atmel/studio/7.0/toolchain/arm/arm-gnu-toolchain/bin/../lib/gcc/arm-none-eabi/6.3.1/../../../../arm-none-eabi/lib/thumb/v6-m\libc_nano.a(lib_a-itoa.o)
                0x000010f8                __itoa
 .text.itoa     0x00001128        0x8 c:/program files (x86)/atmel/studio/7.0/toolchain/arm/arm-gnu-toolchain/bin/../lib/gcc/arm-none-eabi/6.3.1/../../../../arm-none-eabi/lib/thumb/v6-m\libc_nano.a(lib_a-itoa.o)
                0x00001128                itoa
 .text.__locale_ctype_ptr
                0x00001130       0x1c c:/program files (x86)/atmel/studio/7.0/toolchain/arm/arm-gnu-toolchain/bin/../lib/gcc/arm-none-eabi/6.3.1/../../../../arm-none-eabi/lib/thumb/v6-m\libc_nano.a(lib_a-locale.o)
                0x00001130                __locale_ctype_ptr
 .text.__ascii_mbtowc
                0x0000114c       0x24 c:/program files (x86)/atmel/studio/7.0/toolchain/arm/arm-gnu-toolchain/bin/../lib/gcc/arm-none-eabi/6.3.1/../../../../arm-none-eabi/lib/thumb/v6-m\libc_nano.a(lib_a-mbtowc_r.o)
                0x0000114c                __ascii_mbtowc
 .text.memcpy   0x00001170       0x12 c:/program files (x86)/atmel/studio/7.0/toolchain/arm/arm-gnu-toolchain/bin/../lib/gcc/arm-none-eabi/6.3.1/../../../../arm-none-eabi/lib/thumb/v6-m\libc_nano.a(lib_a-memcpy-stub.o)
                0x00001170                memcpy
 .text.memset   0x00001182       0x10 c:/program files (x86)/atmel/studio/7.0/toolchain/arm/arm-gnu-toolchain/bin/../lib/gcc/arm-none-eabi/6.3.1/../../../../arm-none-eabi/lib/thumb/v6-m\libc_nano.a(lib_a-memset.o)
                0x00001182                memset
 .text.setbuf   0x00001192       0x12 c:/program files (x86)/atmel/studio/7.0/toolchain/arm/arm-gnu-toolchain/bin/../lib/gcc/arm-none-eabi/6.3.1/../../../../arm-none-eabi/lib/thumb/v6-m\libc_nano.a(lib_a-setbuf.o)
                0x00001192                setbuf
 .text.setvbuf  0x000011a4      0x158 c:/program files (x86)/atmel/studio/7.0/toolchain/arm/arm-gnu-toolchain/bin/../lib/gcc/arm-none-eabi/6.3.1/../../../../arm-none-eabi/lib/thumb/v6-m\libc_nano.a(lib_a-setvbuf.o)
                0x000011a4                setvbuf
 .text.strcat   0x000012fc       0x1a c:/program files (x86)/atmel/studio/7.0/toolchain/arm/arm-gnu-toolchain/bin/../lib/gcc/arm-none-eabi/6.3.1/../../../../arm-none-eabi/lib/thumb/v6-m\libc_nano.a(lib_a-strcat.o)
                0x000012fc                strcat
 .text          0x00001316        0xe c:/program files (x86)/atmel/studio/7.0/toolchain/arm/arm-gnu-toolchain/bin/../lib/gcc/arm-none-eabi/6.3.1/../../../../arm-none-eabi/lib/thumb/v6-m\libc_nano.a(lib_a-strlen.o)
                0x00001316                strlen
 .text.__utoa   0x00001324       0x74 c:/program files (x86)/atmel/studio/7.0/toolchain/arm/arm-gnu-toolchain/bin/../lib/gcc/arm-none-eabi/6.3.1/../../../../arm-none-eabi/lib/thumb/v6-m\libc_nano.a(lib_a-utoa.o)
                0x00001324                __utoa
 .text.__ascii_wctomb
                0x00001398       0x18 c:/program files (x86)/atmel/studio/7.0/toolchain/arm/arm-gnu-toolchain/bin/../lib/gcc/arm-none-eabi/6.3.1/../../../../arm-none-eabi/lib/thumb/v6-m\libc_nano.a(lib_a-wctomb_r.o)
                0x00001398                __ascii_wctomb
 .text.__sflush_r
                0x000013b0      0x114 c:/program files (x86)/atmel/studio/7.0/toolchain/arm/arm-gnu-toolchain/bin/../lib/gcc/arm-none-eabi/6.3.1/../../../../arm-none-eabi/lib/thumb/v6-m\libc_nano.a(lib_a-fflush.o)
                0x000013b0                __sflush_r
 .text._fflush_r
                0x000014c4       0x58 c:/program files (x86)/atmel/studio/7.0/toolchain/arm/arm-gnu-toolchain/bin/../lib/gcc/arm-none-eabi/6.3.1/../../../../arm-none-eabi/lib/thumb/v6-m\libc_nano.a(lib_a-fflush.o)
                0x000014c4                _fflush_r
 .text._cleanup_r
                0x0000151c       0x10 c:/program files (x86)/atmel/studio/7.0/toolchain/arm/arm-gnu-toolchain/bin/../lib/gcc/arm-none-eabi/6.3.1/../../../../arm-none-eabi/lib/thumb/v6-m\libc_nano.a(lib_a-findfp.o)
                0x0000151c                _cleanup_r
 .text.std.isra.0
                0x0000152c       0x48 c:/program files (x86)/atmel/studio/7.0/toolchain/arm/arm-gnu-toolchain/bin/../lib/gcc/arm-none-eabi/6.3.1/../../../../arm-none-eabi/lib/thumb/v6-m\libc_nano.a(lib_a-findfp.o)
 .text.__sfmoreglue
                0x00001574       0x2c c:/program files (x86)/atmel/studio/7.0/toolchain/arm/arm-gnu-toolchain/bin/../lib/gcc/arm-none-eabi/6.3.1/../../../../arm-none-eabi/lib/thumb/v6-m\libc_nano.a(lib_a-findfp.o)
                0x00001574                __sfmoreglue
 .text.__sinit  0x000015a0       0x68 c:/program files (x86)/atmel/studio/7.0/toolchain/arm/arm-gnu-toolchain/bin/../lib/gcc/arm-none-eabi/6.3.1/../../../../arm-none-eabi/lib/thumb/v6-m\libc_nano.a(lib_a-findfp.o)
                0x000015a0                __sinit
 .text.__sfp    0x00001608       0x80 c:/program files (x86)/atmel/studio/7.0/toolchain/arm/arm-gnu-toolchain/bin/../lib/gcc/arm-none-eabi/6.3.1/../../../../arm-none-eabi/lib/thumb/v6-m\libc_nano.a(lib_a-findfp.o)
                0x00001608                __sfp
 .text._fwalk_reent
                0x00001688       0x42 c:/program files (x86)/atmel/studio/7.0/toolchain/arm/arm-gnu-toolchain/bin/../lib/gcc/arm-none-eabi/6.3.1/../../../../arm-none-eabi/lib/thumb/v6-m\libc_nano.a(lib_a-fwalk.o)
                0x00001688                _fwalk_reent
 *fill*         0x000016ca        0x2 
 .text.__swhatbuf_r
                0x000016cc       0x50 c:/program files (x86)/atmel/studio/7.0/toolchain/arm/arm-gnu-toolchain/bin/../lib/gcc/arm-none-eabi/6.3.1/../../../../arm-none-eabi/lib/thumb/v6-m\libc_nano.a(lib_a-makebuf.o)
                0x000016cc                __swhatbuf_r
 .text.malloc   0x0000171c       0x14 c:/program files (x86)/atmel/studio/7.0/toolchain/arm/arm-gnu-toolchain/bin/../lib/gcc/arm-none-eabi/6.3.1/../../../../arm-none-eabi/lib/thumb/v6-m\libc_nano.a(lib_a-malloc.o)
                0x0000171c                malloc
 .text._free_r  0x00001730       0x94 c:/program files (x86)/atmel/studio/7.0/toolchain/arm/arm-gnu-toolchain/bin/../lib/gcc/arm-none-eabi/6.3.1/../../../../arm-none-eabi/lib/thumb/v6-m\libc_nano.a(lib_a-nano-freer.o)
                0x00001730                _free_r
 .text._malloc_r
                0x000017c4       0xbc c:/program files (x86)/atmel/studio/7.0/toolchain/arm/arm-gnu-toolchain/bin/../lib/gcc/arm-none-eabi/6.3.1/../../../../arm-none-eabi/lib/thumb/v6-m\libc_nano.a(lib_a-nano-mallocr.o)
                0x000017c4                _malloc_r
 .text._sbrk_r  0x00001880       0x24 c:/program files (x86)/atmel/studio/7.0/toolchain/arm/arm-gnu-toolchain/bin/../lib/gcc/arm-none-eabi/6.3.1/../../../../arm-none-eabi/lib/thumb/v6-m\libc_nano.a(lib_a-sbrkr.o)
                0x00001880                _sbrk_r
 .text.__sread  0x000018a4       0x28 c:/program files (x86)/atmel/studio/7.0/toolchain/arm/arm-gnu-toolchain/bin/../lib/gcc/arm-none-eabi/6.3.1/../../../../arm-none-eabi/lib/thumb/v6-m\libc_nano.a(lib_a-stdio.o)
                0x000018a4                __sread
 .text.__swrite
                0x000018cc       0x38 c:/program files (x86)/atmel/studio/7.0/toolchain/arm/arm-gnu-toolchain/bin/../lib/gcc/arm-none-eabi/6.3.1/../../../../arm-none-eabi/lib/thumb/v6-m\libc_nano.a(lib_a-stdio.o)
                0x000018cc                __swrite
 .text.__sseek  0x00001904       0x2c c:/program files (x86)/atmel/studio/7.0/toolchain/arm/arm-gnu-toolchain/bin/../lib/gcc/arm-none-eabi/6.3.1/../../../../arm-none-eabi/lib/thumb/v6-m\libc_nano.a(lib_a-stdio.o)
                0x00001904                __sseek
 .text.__sclose
                0x00001930        0xc c:/program files (x86)/atmel/studio/7.0/toolchain/arm/arm-gnu-toolchain/bin/../lib/gcc/arm-none-eabi/6.3.1/../../../../arm-none-eabi/lib/thumb/v6-m\libc_nano.a(lib_a-stdio.o)
                0x00001930                __sclose
 .text._write_r
                0x0000193c       0x28 c:/program files (x86)/atmel/studio/7.0/toolchain/arm/arm-gnu-toolchain/bin/../lib/gcc/arm-none-eabi/6.3.1/../../../../arm-none-eabi/lib/thumb/v6-m\libc_nano.a(lib_a-writer.o)
                0x0000193c                _write_r
 .text._close_r
                0x00001964       0x24 c:/program files (x86)/atmel/studio/7.0/toolchain/arm/arm-gnu-toolchain/bin/../lib/gcc/arm-none-eabi/6.3.1/../../../../arm-none-eabi/lib/thumb/v6-m\libc_nano.a(lib_a-closer.o)
                0x00001964                _close_r
 .text._fstat_r
                0x00001988       0x24 c:/program files (x86)/atmel/studio/7.0/toolchain/arm/arm-gnu-toolchain/bin/../lib/gcc/arm-none-eabi/6.3.1/../../../../arm-none-eabi/lib/thumb/v6-m\libc_nano.a(lib_a-fstatr.o)
                0x00001988                _fstat_r
 .text._lseek_r
                0x000019ac       0x28 c:/program files (x86)/atmel/studio/7.0/toolchain/arm/arm-gnu-toolchain/bin/../lib/gcc/arm-none-eabi/6.3.1/../../../../arm-none-eabi/lib/thumb/v6-m\libc_nano.a(lib_a-lseekr.o)
                0x000019ac                _lseek_r
 .text.__malloc_lock
                0x000019d4        0x2 c:/program files (x86)/atmel/studio/7.0/toolchain/arm/arm-gnu-toolchain/bin/../lib/gcc/arm-none-eabi/6.3.1/../../../../arm-none-eabi/lib/thumb/v6-m\libc_nano.a(lib_a-mlock.o)
                0x000019d4                __malloc_lock
 .text.__malloc_unlock
                0x000019d6        0x2 c:/program files (x86)/atmel/studio/7.0/toolchain/arm/arm-gnu-toolchain/bin/../lib/gcc/arm-none-eabi/6.3.1/../../../../arm-none-eabi/lib/thumb/v6-m\libc_nano.a(lib_a-mlock.o)
                0x000019d6                __malloc_unlock
 .text._read_r  0x000019d8       0x28 c:/program files (x86)/atmel/studio/7.0/toolchain/arm/arm-gnu-toolchain/bin/../lib/gcc/arm-none-eabi/6.3.1/../../../../arm-none-eabi/lib/thumb/v6-m\libc_nano.a(lib_a-readr.o)
                0x000019d8                _read_r
 *(.glue_7t)
 .glue_7t       0x00001a00        0x0 linker stubs
 *(.glue_7)
 .glue_7        0x00001a00        0x0 linker stubs
 *(.rodata .rodata* .gnu.linkonce.r.*)
 .rodata.str1.4
                0x00001a00       0x1b hal/src/hal_can_async.o
 *fill*         0x00001a1b        0x1 
 .rodata.str1.4
                0x00001a1c       0x17 hal/src/hal_flash.o
 *fill*         0x00001a33        0x1 
 .rodata.str1.4
                0x00001a34       0x14 hal/src/hal_io.o
 .rodata.str1.4
                0x00001a48       0x1c hal/src/hal_usart_sync.o
 .rodata.str1.4
                0x00001a64       0x1d hpl/nvmctrl/hpl_nvmctrl.o
 *fill*         0x00001a81        0x3 
 .rodata        0x00001a84       0x6d hpl/sercom/hpl_sercom.o
 *fill*         0x00001af1        0x3 
 .rodata.str1.4
                0x00001af4       0x1c hpl/sercom/hpl_sercom.o
                                 0x1b (size before relaxing)
 .rodata._global_impure_ptr
                0x00001b10        0x4 c:/program files (x86)/atmel/studio/7.0/toolchain/arm/arm-gnu-toolchain/bin/../lib/gcc/arm-none-eabi/6.3.1/../../../../arm-none-eabi/lib/thumb/v6-m\libc_nano.a(lib_a-impure.o)
                0x00001b10                _global_impure_ptr
 .rodata._setlocale_r.str1.1
                0x00001b14        0x8 c:/program files (x86)/atmel/studio/7.0/toolchain/arm/arm-gnu-toolchain/bin/../lib/gcc/arm-none-eabi/6.3.1/../../../../arm-none-eabi/lib/thumb/v6-m\libc_nano.a(lib_a-locale.o)
                                  0x9 (size before relaxing)
 .rodata.str1.1
                0x00001b1c        0x2 c:/program files (x86)/atmel/studio/7.0/toolchain/arm/arm-gnu-toolchain/bin/../lib/gcc/arm-none-eabi/6.3.1/../../../../arm-none-eabi/lib/thumb/v6-m\libc_nano.a(lib_a-locale.o)
 .rodata.__utoa.str1.1
                0x00001b1e       0x25 c:/program files (x86)/atmel/studio/7.0/toolchain/arm/arm-gnu-toolchain/bin/../lib/gcc/arm-none-eabi/6.3.1/../../../../arm-none-eabi/lib/thumb/v6-m\libc_nano.a(lib_a-utoa.o)
 .rodata._ctype_
                0x00001b43      0x101 c:/program files (x86)/atmel/studio/7.0/toolchain/arm/arm-gnu-toolchain/bin/../lib/gcc/arm-none-eabi/6.3.1/../../../../arm-none-eabi/lib/thumb/v6-m\libc_nano.a(lib_a-ctype_.o)
                0x00001b43                _ctype_
 .rodata.__sf_fake_stderr
                0x00001c44       0x20 c:/program files (x86)/atmel/studio/7.0/toolchain/arm/arm-gnu-toolchain/bin/../lib/gcc/arm-none-eabi/6.3.1/../../../../arm-none-eabi/lib/thumb/v6-m\libc_nano.a(lib_a-findfp.o)
                0x00001c44                __sf_fake_stderr
 .rodata.__sf_fake_stdin
                0x00001c64       0x20 c:/program files (x86)/atmel/studio/7.0/toolchain/arm/arm-gnu-toolchain/bin/../lib/gcc/arm-none-eabi/6.3.1/../../../../arm-none-eabi/lib/thumb/v6-m\libc_nano.a(lib_a-findfp.o)
                0x00001c64                __sf_fake_stdin
 .rodata.__sf_fake_stdout
                0x00001c84       0x20 c:/program files (x86)/atmel/studio/7.0/toolchain/arm/arm-gnu-toolchain/bin/../lib/gcc/arm-none-eabi/6.3.1/../../../../arm-none-eabi/lib/thumb/v6-m\libc_nano.a(lib_a-findfp.o)
                0x00001c84                __sf_fake_stdout
 *(.ARM.extab* .gnu.linkonce.armextab.*)
                0x00001ca4                . = ALIGN (0x4)
 *(.init)
 .init          0x00001ca4        0x4 c:/program files (x86)/atmel/studio/7.0/toolchain/arm/arm-gnu-toolchain/bin/../lib/gcc/arm-none-eabi/6.3.1/thumb/v6-m/crti.o
                0x00001ca4                _init
 .init          0x00001ca8        0x8 c:/program files (x86)/atmel/studio/7.0/toolchain/arm/arm-gnu-toolchain/bin/../lib/gcc/arm-none-eabi/6.3.1/thumb/v6-m/crtn.o
                0x00001cb0                . = ALIGN (0x4)
                0x00001cb0                __preinit_array_start = .
 *(.preinit_array)
                0x00001cb0                __preinit_array_end = .
                0x00001cb0                . = ALIGN (0x4)
                0x00001cb0                __init_array_start = .
 *(SORT(.init_array.*))
 *(.init_array)
 .init_array    0x00001cb0        0x4 c:/program files (x86)/atmel/studio/7.0/toolchain/arm/arm-gnu-toolchain/bin/../lib/gcc/arm-none-eabi/6.3.1/thumb/v6-m/crtbegin.o
                0x00001cb4                __init_array_end = .
                0x00001cb4                . = ALIGN (0x4)
 *crtbegin.o(.ctors)
 *(EXCLUDE_FILE(*crtend.o) .ctors)
 *(SORT(.ctors.*))
 *crtend.o(.ctors)
                0x00001cb4                . = ALIGN (0x4)
 *(.fini)
 .fini          0x00001cb4        0x4 c:/program files (x86)/atmel/studio/7.0/toolchain/arm/arm-gnu-toolchain/bin/../lib/gcc/arm-none-eabi/6.3.1/thumb/v6-m/crti.o
                0x00001cb4                _fini
 .fini          0x00001cb8        0x8 c:/program files (x86)/atmel/studio/7.0/toolchain/arm/arm-gnu-toolchain/bin/../lib/gcc/arm-none-eabi/6.3.1/thumb/v6-m/crtn.o
                0x00001cc0                . = ALIGN (0x4)
                0x00001cc0                __fini_array_start = .
 *(.fini_array)
 .fini_array    0x00001cc0        0x4 c:/program files (x86)/atmel/studio/7.0/toolchain/arm/arm-gnu-toolchain/bin/../lib/gcc/arm-none-eabi/6.3.1/thumb/v6-m/crtbegin.o
 *(SORT(.fini_array.*))
                0x00001cc4                __fini_array_end = .
 *crtbegin.o(.dtors)
 *(EXCLUDE_FILE(*crtend.o) .dtors)
 *(SORT(.dtors.*))
 *crtend.o(.dtors)
                0x00001cc4                . = ALIGN (0x4)
                0x00001cc4                _efixed = .
                [!provide]                PROVIDE (__exidx_start, .)

.vfp11_veneer   0x00001cc4        0x0
 .vfp11_veneer  0x00001cc4        0x0 linker stubs

.v4_bx          0x00001cc4        0x0
 .v4_bx         0x00001cc4        0x0 linker stubs

.iplt           0x00001cc4        0x0
 .iplt          0x00001cc4        0x0 c:/program files (x86)/atmel/studio/7.0/toolchain/arm/arm-gnu-toolchain/bin/../lib/gcc/arm-none-eabi/6.3.1/thumb/v6-m/crtbegin.o

.eh_frame       0x00001cc4        0x0
 .eh_frame      0x00001cc4        0x0 c:/program files (x86)/atmel/studio/7.0/toolchain/arm/arm-gnu-toolchain/bin/../lib/gcc/arm-none-eabi/6.3.1/thumb/v6-m/crtbegin.o

.rel.dyn        0x00001cc4        0x0
 .rel.iplt      0x00001cc4        0x0 c:/program files (x86)/atmel/studio/7.0/toolchain/arm/arm-gnu-toolchain/bin/../lib/gcc/arm-none-eabi/6.3.1/thumb/v6-m/crtbegin.o

.jcr            0x00001cc4        0x0
 .jcr           0x00001cc4        0x0 c:/program files (x86)/atmel/studio/7.0/toolchain/arm/arm-gnu-toolchain/bin/../lib/gcc/arm-none-eabi/6.3.1/thumb/v6-m/crtbegin.o

.igot.plt       0x00001cc4        0x0
 .igot.plt      0x00001cc4        0x0 c:/program files (x86)/atmel/studio/7.0/toolchain/arm/arm-gnu-toolchain/bin/../lib/gcc/arm-none-eabi/6.3.1/thumb/v6-m/crtbegin.o

.ARM.exidx
 *(.ARM.exidx* .gnu.linkonce.armexidx.*)
                [!provide]                PROVIDE (__exidx_end, .)
                0x00001cc4                . = ALIGN (0x4)
                0x00001cc4                _etext = .

.relocate       0x20000000      0x1e8 load address 0x00001cc4
                0x20000000                . = ALIGN (0x4)
                0x20000000                _srelocate = .
 *(.ramfunc .ramfunc.*)
 *(.data .data.*)
 .data          0x20000000       0x14 hpl/can/hpl_can.o
                0x20000000                _can1_context
 .data          0x20000014        0x4 main.o
                0x20000014                page_size
 .data._impure_ptr
                0x20000018        0x4 c:/program files (x86)/atmel/studio/7.0/toolchain/arm/arm-gnu-toolchain/bin/../lib/gcc/arm-none-eabi/6.3.1/../../../../arm-none-eabi/lib/thumb/v6-m\libc_nano.a(lib_a-impure.o)
                0x20000018                _impure_ptr
 .data.impure_data
                0x2000001c       0x60 c:/program files (x86)/atmel/studio/7.0/toolchain/arm/arm-gnu-toolchain/bin/../lib/gcc/arm-none-eabi/6.3.1/../../../../arm-none-eabi/lib/thumb/v6-m\libc_nano.a(lib_a-impure.o)
 .data.__global_locale
                0x2000007c      0x16c c:/program files (x86)/atmel/studio/7.0/toolchain/arm/arm-gnu-toolchain/bin/../lib/gcc/arm-none-eabi/6.3.1/../../../../arm-none-eabi/lib/thumb/v6-m\libc_nano.a(lib_a-locale.o)
                0x2000007c                __global_locale
                0x200001e8                . = ALIGN (0x4)
                0x200001e8                _erelocate = .

.bss            0x200001e8      0x240 load address 0x00001eac
                0x200001e8                . = ALIGN (0x4)
                0x200001e8                _sbss = .
                0x200001e8                _szero = .
 *(.bss .bss.*)
 .bss           0x200001e8       0x1c c:/program files (x86)/atmel/studio/7.0/toolchain/arm/arm-gnu-toolchain/bin/../lib/gcc/arm-none-eabi/6.3.1/thumb/v6-m/crtbegin.o
 .bss           0x20000204        0x4 hal/utils/src/utils_syscalls.o
 .bss           0x20000208       0x2c hpl/can/hpl_can.o
 .bss           0x20000234        0x4 hpl/nvmctrl/hpl_nvmctrl.o
 .bss           0x20000238        0x4 stdio_redirect/stdio_io.o
 .bss.__malloc_free_list
                0x2000023c        0x4 c:/program files (x86)/atmel/studio/7.0/toolchain/arm/arm-gnu-toolchain/bin/../lib/gcc/arm-none-eabi/6.3.1/../../../../arm-none-eabi/lib/thumb/v6-m\libc_nano.a(lib_a-nano-mallocr.o)
                0x2000023c                __malloc_free_list
 .bss.__malloc_sbrk_start
                0x20000240        0x4 c:/program files (x86)/atmel/studio/7.0/toolchain/arm/arm-gnu-toolchain/bin/../lib/gcc/arm-none-eabi/6.3.1/../../../../arm-none-eabi/lib/thumb/v6-m\libc_nano.a(lib_a-nano-mallocr.o)
                0x20000240                __malloc_sbrk_start
 *(COMMON)
 COMMON         0x20000244       0x50 driver_init.o
                0x20000244                FLASH_0
                0x20000260                TARGET_IO
                0x2000026c                CAN_1
 COMMON         0x20000294       0x40 hpl/can/hpl_can.o
                0x20000294                can1_tx_fifo
                0x200002b4                can1_rx_fifo
 COMMON         0x200002d4      0x150 main.o
                0x200002d4                serial_write_data
                0x20000310                i
                0x20000314                serial_read_data
                0x20000358                serial_io
                0x2000035c                flash_write_info
                0x20000388                can
                0x20000398                bits_union
                0x200003a0                app
                0x200003a4                page_byte_byff
 COMMON         0x20000424        0x4 c:/program files (x86)/atmel/studio/7.0/toolchain/arm/arm-gnu-toolchain/bin/../lib/gcc/arm-none-eabi/6.3.1/../../../../arm-none-eabi/lib/thumb/v6-m\libc_nano.a(lib_a-reent.o)
                0x20000424                errno
                0x20000428                . = ALIGN (0x4)
                0x20000428                _ebss = .
                0x20000428                _ezero = .

.stack          0x20000428     0x2000 load address 0x000020ec
                0x20000428                . = ALIGN (0x8)
                0x20000428                _sstack = .
                0x20002428                . = (. + STACK_SIZE)
 *fill*         0x20000428     0x2000 
                0x20002428                . = ALIGN (0x8)
                0x20002428                _estack = .
                0x20002428                . = ALIGN (0x4)
                0x20002428                _end = .
OUTPUT(CAN_UART_Bootloader.elf elf32-littlearm)

.ARM.attributes
                0x00000000       0x28
 .ARM.attributes
                0x00000000       0x1e c:/program files (x86)/atmel/studio/7.0/toolchain/arm/arm-gnu-toolchain/bin/../lib/gcc/arm-none-eabi/6.3.1/thumb/v6-m/crti.o
 .ARM.attributes
                0x0000001e       0x2c c:/program files (x86)/atmel/studio/7.0/toolchain/arm/arm-gnu-toolchain/bin/../lib/gcc/arm-none-eabi/6.3.1/thumb/v6-m/crtbegin.o
 .ARM.attributes
                0x0000004a       0x32 atmel_start.o
 .ARM.attributes
                0x0000007c       0x32 Device_Startup/startup_samc21.o
 .ARM.attributes
                0x000000ae       0x32 driver_init.o
 .ARM.attributes
                0x000000e0       0x32 hal/src/hal_can_async.o
 .ARM.attributes
                0x00000112       0x32 hal/src/hal_flash.o
 .ARM.attributes
                0x00000144       0x32 hal/src/hal_io.o
 .ARM.attributes
                0x00000176       0x32 hal/src/hal_usart_sync.o
 .ARM.attributes
                0x000001a8       0x32 hal/utils/src/utils_assert.o
 .ARM.attributes
                0x000001da       0x32 hal/utils/src/utils_syscalls.o
 .ARM.attributes
                0x0000020c       0x32 hpl/can/hpl_can.o
 .ARM.attributes
                0x0000023e       0x32 hpl/core/hpl_init.o
 .ARM.attributes
                0x00000270       0x32 hpl/divas/hpl_divas.o
 .ARM.attributes
                0x000002a2       0x32 hpl/gclk/hpl_gclk.o
 .ARM.attributes
                0x000002d4       0x32 hpl/mclk/hpl_mclk.o
 .ARM.attributes
                0x00000306       0x32 hpl/nvmctrl/hpl_nvmctrl.o
 .ARM.attributes
                0x00000338       0x32 hpl/osc32kctrl/hpl_osc32kctrl.o
 .ARM.attributes
                0x0000036a       0x32 hpl/oscctrl/hpl_oscctrl.o
 .ARM.attributes
                0x0000039c       0x32 hpl/sercom/hpl_sercom.o
 .ARM.attributes
                0x000003ce       0x32 main.o
 .ARM.attributes
                0x00000400       0x32 stdio_redirect/gcc/read.o
 .ARM.attributes
                0x00000432       0x32 stdio_redirect/gcc/write.o
 .ARM.attributes
                0x00000464       0x32 stdio_redirect/stdio_io.o
 .ARM.attributes
                0x00000496       0x32 stdio_start.o
 .ARM.attributes
                0x000004c8       0x2c c:/program files (x86)/atmel/studio/7.0/toolchain/arm/arm-gnu-toolchain/bin/../lib/gcc/arm-none-eabi/6.3.1/../../../../arm-none-eabi/lib/thumb/v6-m\libc_nano.a(lib_a-impure.o)
 .ARM.attributes
                0x000004f4       0x2c c:/program files (x86)/atmel/studio/7.0/toolchain/arm/arm-gnu-toolchain/bin/../lib/gcc/arm-none-eabi/6.3.1/../../../../arm-none-eabi/lib/thumb/v6-m\libc_nano.a(lib_a-init.o)
 .ARM.attributes
                0x00000520       0x2c c:/program files (x86)/atmel/studio/7.0/toolchain/arm/arm-gnu-toolchain/bin/../lib/gcc/arm-none-eabi/6.3.1/../../../../arm-none-eabi/lib/thumb/v6-m\libc_nano.a(lib_a-itoa.o)
 .ARM.attributes
                0x0000054c       0x2c c:/program files (x86)/atmel/studio/7.0/toolchain/arm/arm-gnu-toolchain/bin/../lib/gcc/arm-none-eabi/6.3.1/../../../../arm-none-eabi/lib/thumb/v6-m\libc_nano.a(lib_a-locale.o)
 .ARM.attributes
                0x00000578       0x2c c:/program files (x86)/atmel/studio/7.0/toolchain/arm/arm-gnu-toolchain/bin/../lib/gcc/arm-none-eabi/6.3.1/../../../../arm-none-eabi/lib/thumb/v6-m\libc_nano.a(lib_a-mbtowc_r.o)
 .ARM.attributes
                0x000005a4       0x2c c:/program files (x86)/atmel/studio/7.0/toolchain/arm/arm-gnu-toolchain/bin/../lib/gcc/arm-none-eabi/6.3.1/../../../../arm-none-eabi/lib/thumb/v6-m\libc_nano.a(lib_a-memcpy-stub.o)
 .ARM.attributes
                0x000005d0       0x2c c:/program files (x86)/atmel/studio/7.0/toolchain/arm/arm-gnu-toolchain/bin/../lib/gcc/arm-none-eabi/6.3.1/../../../../arm-none-eabi/lib/thumb/v6-m\libc_nano.a(lib_a-memset.o)
 .ARM.attributes
                0x000005fc       0x2c c:/program files (x86)/atmel/studio/7.0/toolchain/arm/arm-gnu-toolchain/bin/../lib/gcc/arm-none-eabi/6.3.1/../../../../arm-none-eabi/lib/thumb/v6-m\libc_nano.a(lib_a-setbuf.o)
 .ARM.attributes
                0x00000628       0x2c c:/program files (x86)/atmel/studio/7.0/toolchain/arm/arm-gnu-toolchain/bin/../lib/gcc/arm-none-eabi/6.3.1/../../../../arm-none-eabi/lib/thumb/v6-m\libc_nano.a(lib_a-setvbuf.o)
 .ARM.attributes
                0x00000654       0x2c c:/program files (x86)/atmel/studio/7.0/toolchain/arm/arm-gnu-toolchain/bin/../lib/gcc/arm-none-eabi/6.3.1/../../../../arm-none-eabi/lib/thumb/v6-m\libc_nano.a(lib_a-strcat.o)
 .ARM.attributes
                0x00000680       0x1c c:/program files (x86)/atmel/studio/7.0/toolchain/arm/arm-gnu-toolchain/bin/../lib/gcc/arm-none-eabi/6.3.1/../../../../arm-none-eabi/lib/thumb/v6-m\libc_nano.a(lib_a-strlen.o)
 .ARM.attributes
                0x0000069c       0x2c c:/program files (x86)/atmel/studio/7.0/toolchain/arm/arm-gnu-toolchain/bin/../lib/gcc/arm-none-eabi/6.3.1/../../../../arm-none-eabi/lib/thumb/v6-m\libc_nano.a(lib_a-utoa.o)
 .ARM.attributes
                0x000006c8       0x2c c:/program files (x86)/atmel/studio/7.0/toolchain/arm/arm-gnu-toolchain/bin/../lib/gcc/arm-none-eabi/6.3.1/../../../../arm-none-eabi/lib/thumb/v6-m\libc_nano.a(lib_a-wctomb_r.o)
 .ARM.attributes
                0x000006f4       0x2c c:/program files (x86)/atmel/studio/7.0/toolchain/arm/arm-gnu-toolchain/bin/../lib/gcc/arm-none-eabi/6.3.1/../../../../arm-none-eabi/lib/thumb/v6-m\libc_nano.a(lib_a-ctype_.o)
 .ARM.attributes
                0x00000720       0x2c c:/program files (x86)/atmel/studio/7.0/toolchain/arm/arm-gnu-toolchain/bin/../lib/gcc/arm-none-eabi/6.3.1/../../../../arm-none-eabi/lib/thumb/v6-m\libc_nano.a(lib_a-fflush.o)
 .ARM.attributes
                0x0000074c       0x2c c:/program files (x86)/atmel/studio/7.0/toolchain/arm/arm-gnu-toolchain/bin/../lib/gcc/arm-none-eabi/6.3.1/../../../../arm-none-eabi/lib/thumb/v6-m\libc_nano.a(lib_a-findfp.o)
 .ARM.attributes
                0x00000778       0x2c c:/program files (x86)/atmel/studio/7.0/toolchain/arm/arm-gnu-toolchain/bin/../lib/gcc/arm-none-eabi/6.3.1/../../../../arm-none-eabi/lib/thumb/v6-m\libc_nano.a(lib_a-fwalk.o)
 .ARM.attributes
                0x000007a4       0x2c c:/program files (x86)/atmel/studio/7.0/toolchain/arm/arm-gnu-toolchain/bin/../lib/gcc/arm-none-eabi/6.3.1/../../../../arm-none-eabi/lib/thumb/v6-m\libc_nano.a(lib_a-makebuf.o)
 .ARM.attributes
                0x000007d0       0x2c c:/program files (x86)/atmel/studio/7.0/toolchain/arm/arm-gnu-toolchain/bin/../lib/gcc/arm-none-eabi/6.3.1/../../../../arm-none-eabi/lib/thumb/v6-m\libc_nano.a(lib_a-malloc.o)
 .ARM.attributes
                0x000007fc       0x2c c:/program files (x86)/atmel/studio/7.0/toolchain/arm/arm-gnu-toolchain/bin/../lib/gcc/arm-none-eabi/6.3.1/../../../../arm-none-eabi/lib/thumb/v6-m\libc_nano.a(lib_a-nano-freer.o)
 .ARM.attributes
                0x00000828       0x2c c:/program files (x86)/atmel/studio/7.0/toolchain/arm/arm-gnu-toolchain/bin/../lib/gcc/arm-none-eabi/6.3.1/../../../../arm-none-eabi/lib/thumb/v6-m\libc_nano.a(lib_a-nano-mallocr.o)
 .ARM.attributes
                0x00000854       0x2c c:/program files (x86)/atmel/studio/7.0/toolchain/arm/arm-gnu-toolchain/bin/../lib/gcc/arm-none-eabi/6.3.1/../../../../arm-none-eabi/lib/thumb/v6-m\libc_nano.a(lib_a-sbrkr.o)
 .ARM.attributes
                0x00000880       0x2c c:/program files (x86)/atmel/studio/7.0/toolchain/arm/arm-gnu-toolchain/bin/../lib/gcc/arm-none-eabi/6.3.1/../../../../arm-none-eabi/lib/thumb/v6-m\libc_nano.a(lib_a-stdio.o)
 .ARM.attributes
                0x000008ac       0x2c c:/program files (x86)/atmel/studio/7.0/toolchain/arm/arm-gnu-toolchain/bin/../lib/gcc/arm-none-eabi/6.3.1/../../../../arm-none-eabi/lib/thumb/v6-m\libc_nano.a(lib_a-writer.o)
 .ARM.attributes
                0x000008d8       0x2c c:/program files (x86)/atmel/studio/7.0/toolchain/arm/arm-gnu-toolchain/bin/../lib/gcc/arm-none-eabi/6.3.1/../../../../arm-none-eabi/lib/thumb/v6-m\libc_nano.a(lib_a-closer.o)
 .ARM.attributes
                0x00000904       0x2c c:/program files (x86)/atmel/studio/7.0/toolchain/arm/arm-gnu-toolchain/bin/../lib/gcc/arm-none-eabi/6.3.1/../../../../arm-none-eabi/lib/thumb/v6-m\libc_nano.a(lib_a-fstatr.o)
 .ARM.attributes
                0x00000930       0x2c c:/program files (x86)/atmel/studio/7.0/toolchain/arm/arm-gnu-toolchain/bin/../lib/gcc/arm-none-eabi/6.3.1/../../../../arm-none-eabi/lib/thumb/v6-m\libc_nano.a(lib_a-lseekr.o)
 .ARM.attributes
                0x0000095c       0x2c c:/program files (x86)/atmel/studio/7.0/toolchain/arm/arm-gnu-toolchain/bin/../lib/gcc/arm-none-eabi/6.3.1/../../../../arm-none-eabi/lib/thumb/v6-m\libc_nano.a(lib_a-mlock.o)
 .ARM.attributes
                0x00000988       0x2c c:/program files (x86)/atmel/studio/7.0/toolchain/arm/arm-gnu-toolchain/bin/../lib/gcc/arm-none-eabi/6.3.1/../../../../arm-none-eabi/lib/thumb/v6-m\libc_nano.a(lib_a-readr.o)
 .ARM.attributes
                0x000009b4       0x2c c:/program files (x86)/atmel/studio/7.0/toolchain/arm/arm-gnu-toolchain/bin/../lib/gcc/arm-none-eabi/6.3.1/../../../../arm-none-eabi/lib/thumb/v6-m\libc_nano.a(lib_a-reent.o)
 .ARM.attributes
                0x000009e0       0x1e c:/program files (x86)/atmel/studio/7.0/toolchain/arm/arm-gnu-toolchain/bin/../lib/gcc/arm-none-eabi/6.3.1/thumb/v6-m/crtn.o

.comment        0x00000000       0x59
 .comment       0x00000000       0x59 atmel_start.o
                                 0x5a (size before relaxing)
 .comment       0x00000059       0x5a Device_Startup/startup_samc21.o
 .comment       0x00000059       0x5a driver_init.o
 .comment       0x00000059       0x5a hal/src/hal_can_async.o
 .comment       0x00000059       0x5a hal/src/hal_flash.o
 .comment       0x00000059       0x5a hal/src/hal_io.o
 .comment       0x00000059       0x5a hal/src/hal_usart_sync.o
 .comment       0x00000059       0x5a hal/utils/src/utils_assert.o
 .comment       0x00000059       0x5a hal/utils/src/utils_syscalls.o
 .comment       0x00000059       0x5a hpl/can/hpl_can.o
 .comment       0x00000059       0x5a hpl/core/hpl_init.o
 .comment       0x00000059       0x5a hpl/divas/hpl_divas.o
 .comment       0x00000059       0x5a hpl/gclk/hpl_gclk.o
 .comment       0x00000059       0x5a hpl/mclk/hpl_mclk.o
 .comment       0x00000059       0x5a hpl/nvmctrl/hpl_nvmctrl.o
 .comment       0x00000059       0x5a hpl/osc32kctrl/hpl_osc32kctrl.o
 .comment       0x00000059       0x5a hpl/oscctrl/hpl_oscctrl.o
 .comment       0x00000059       0x5a hpl/sercom/hpl_sercom.o
 .comment       0x00000059       0x5a main.o
 .comment       0x00000059       0x5a stdio_redirect/gcc/read.o
 .comment       0x00000059       0x5a stdio_redirect/gcc/write.o
 .comment       0x00000059       0x5a stdio_redirect/stdio_io.o
 .comment       0x00000059       0x5a stdio_start.o

.debug_info     0x00000000    0x26b19
 .debug_info    0x00000000      0xdde atmel_start.o
 .debug_info    0x00000dde      0x527 Device_Startup/startup_samc21.o
 .debug_info    0x00001305     0x71d8 driver_init.o
 .debug_info    0x000084dd      0xa21 hal/src/hal_can_async.o
 .debug_info    0x00008efe      0xc20 hal/src/hal_flash.o
 .debug_info    0x00009b1e      0x2b2 hal/src/hal_io.o
 .debug_info    0x00009dd0      0xc56 hal/src/hal_usart_sync.o
 .debug_info    0x0000aa26      0x107 hal/utils/src/utils_assert.o
 .debug_info    0x0000ab2d      0xdca hal/utils/src/utils_syscalls.o
 .debug_info    0x0000b8f7     0x57d1 hpl/can/hpl_can.o
 .debug_info    0x000110c8      0x75c hpl/core/hpl_init.o
 .debug_info    0x00011824      0x854 hpl/divas/hpl_divas.o
 .debug_info    0x00012078      0x582 hpl/gclk/hpl_gclk.o
 .debug_info    0x000125fa      0x879 hpl/mclk/hpl_mclk.o
 .debug_info    0x00012e73     0x2ca3 hpl/nvmctrl/hpl_nvmctrl.o
 .debug_info    0x00015b16      0x877 hpl/osc32kctrl/hpl_osc32kctrl.o
 .debug_info    0x0001638d      0xe96 hpl/oscctrl/hpl_oscctrl.o
 .debug_info    0x00017223     0xb37c hpl/sercom/hpl_sercom.o
 .debug_info    0x0002259f     0x1701 main.o
 .debug_info    0x00023ca0      0xa34 stdio_redirect/gcc/read.o
 .debug_info    0x000246d4      0xa34 stdio_redirect/gcc/write.o
 .debug_info    0x00025108      0xbe2 stdio_redirect/stdio_io.o
 .debug_info    0x00025cea      0xe2f stdio_start.o

.debug_abbrev   0x00000000     0x3687
 .debug_abbrev  0x00000000      0x1c7 atmel_start.o
 .debug_abbrev  0x000001c7      0x142 Device_Startup/startup_samc21.o
 .debug_abbrev  0x00000309      0x349 driver_init.o
 .debug_abbrev  0x00000652      0x18b hal/src/hal_can_async.o
 .debug_abbrev  0x000007dd      0x1c5 hal/src/hal_flash.o
 .debug_abbrev  0x000009a2      0x115 hal/src/hal_io.o
 .debug_abbrev  0x00000ab7      0x217 hal/src/hal_usart_sync.o
 .debug_abbrev  0x00000cce       0x86 hal/utils/src/utils_assert.o
 .debug_abbrev  0x00000d54      0x269 hal/utils/src/utils_syscalls.o
 .debug_abbrev  0x00000fbd      0x48b hpl/can/hpl_can.o
 .debug_abbrev  0x00001448      0x1ce hpl/core/hpl_init.o
 .debug_abbrev  0x00001616      0x232 hpl/divas/hpl_divas.o
 .debug_abbrev  0x00001848      0x19a hpl/gclk/hpl_gclk.o
 .debug_abbrev  0x000019e2      0x1ac hpl/mclk/hpl_mclk.o
 .debug_abbrev  0x00001b8e      0x603 hpl/nvmctrl/hpl_nvmctrl.o
 .debug_abbrev  0x00002191      0x1d1 hpl/osc32kctrl/hpl_osc32kctrl.o
 .debug_abbrev  0x00002362      0x1f8 hpl/oscctrl/hpl_oscctrl.o
 .debug_abbrev  0x0000255a      0x593 hpl/sercom/hpl_sercom.o
 .debug_abbrev  0x00002aed      0x3ac main.o
 .debug_abbrev  0x00002e99      0x1e8 stdio_redirect/gcc/read.o
 .debug_abbrev  0x00003081      0x1e8 stdio_redirect/gcc/write.o
 .debug_abbrev  0x00003269      0x229 stdio_redirect/stdio_io.o
 .debug_abbrev  0x00003492      0x1f5 stdio_start.o

.debug_loc      0x00000000     0xdeed
 .debug_loc     0x00000000       0x20 atmel_start.o
 .debug_loc     0x00000020       0x78 Device_Startup/startup_samc21.o
 .debug_loc     0x00000098      0x4bb driver_init.o
 .debug_loc     0x00000553      0x6c4 hal/src/hal_can_async.o
 .debug_loc     0x00000c17      0xd6e hal/src/hal_flash.o
 .debug_loc     0x00001985      0x1b6 hal/src/hal_io.o
 .debug_loc     0x00001b3b      0xa26 hal/src/hal_usart_sync.o
 .debug_loc     0x00002561      0x13b hal/utils/src/utils_syscalls.o
 .debug_loc     0x0000269c      0xc85 hpl/can/hpl_can.o
 .debug_loc     0x00003321       0x4c hpl/core/hpl_init.o
 .debug_loc     0x0000336d      0x2a5 hpl/divas/hpl_divas.o
 .debug_loc     0x00003612       0x72 hpl/gclk/hpl_gclk.o
 .debug_loc     0x00003684       0x2c hpl/mclk/hpl_mclk.o
 .debug_loc     0x000036b0     0x1f24 hpl/nvmctrl/hpl_nvmctrl.o
 .debug_loc     0x000055d4      0x12a hpl/osc32kctrl/hpl_osc32kctrl.o
 .debug_loc     0x000056fe      0x110 hpl/oscctrl/hpl_oscctrl.o
 .debug_loc     0x0000580e     0x7e11 hpl/sercom/hpl_sercom.o
 .debug_loc     0x0000d61f      0x54b main.o
 .debug_loc     0x0000db6a       0xfe stdio_redirect/gcc/read.o
 .debug_loc     0x0000dc68       0xf2 stdio_redirect/gcc/write.o
 .debug_loc     0x0000dd5a      0x153 stdio_redirect/stdio_io.o
 .debug_loc     0x0000dead       0x40 stdio_start.o

.debug_aranges  0x00000000      0xb78
 .debug_aranges
                0x00000000       0x20 atmel_start.o
 .debug_aranges
                0x00000020       0x28 Device_Startup/startup_samc21.o
 .debug_aranges
                0x00000048       0x58 driver_init.o
 .debug_aranges
                0x000000a0       0x90 hal/src/hal_can_async.o
 .debug_aranges
                0x00000130       0x90 hal/src/hal_flash.o
 .debug_aranges
                0x000001c0       0x30 hal/src/hal_io.o
 .debug_aranges
                0x000001f0       0xa8 hal/src/hal_usart_sync.o
 .debug_aranges
                0x00000298       0x20 hal/utils/src/utils_assert.o
 .debug_aranges
                0x000002b8       0x60 hal/utils/src/utils_syscalls.o
 .debug_aranges
                0x00000318       0x78 hpl/can/hpl_can.o
 .debug_aranges
                0x00000390       0x20 hpl/core/hpl_init.o
 .debug_aranges
                0x000003b0       0x40 hpl/divas/hpl_divas.o
 .debug_aranges
                0x000003f0       0x28 hpl/gclk/hpl_gclk.o
 .debug_aranges
                0x00000418       0x20 hpl/mclk/hpl_mclk.o
 .debug_aranges
                0x00000438       0xf0 hpl/nvmctrl/hpl_nvmctrl.o
 .debug_aranges
                0x00000528       0x20 hpl/osc32kctrl/hpl_osc32kctrl.o
 .debug_aranges
                0x00000548       0x28 hpl/oscctrl/hpl_oscctrl.o
 .debug_aranges
                0x00000570      0x508 hpl/sercom/hpl_sercom.o
 .debug_aranges
                0x00000a78       0x60 main.o
 .debug_aranges
                0x00000ad8       0x20 stdio_redirect/gcc/read.o
 .debug_aranges
                0x00000af8       0x20 stdio_redirect/gcc/write.o
 .debug_aranges
                0x00000b18       0x38 stdio_redirect/stdio_io.o
 .debug_aranges
                0x00000b50       0x28 stdio_start.o

.debug_ranges   0x00000000      0xc98
 .debug_ranges  0x00000000       0x10 atmel_start.o
 .debug_ranges  0x00000010       0x18 Device_Startup/startup_samc21.o
 .debug_ranges  0x00000028       0x48 driver_init.o
 .debug_ranges  0x00000070       0x80 hal/src/hal_can_async.o
 .debug_ranges  0x000000f0       0x80 hal/src/hal_flash.o
 .debug_ranges  0x00000170       0x20 hal/src/hal_io.o
 .debug_ranges  0x00000190       0x98 hal/src/hal_usart_sync.o
 .debug_ranges  0x00000228       0x10 hal/utils/src/utils_assert.o
 .debug_ranges  0x00000238       0x50 hal/utils/src/utils_syscalls.o
 .debug_ranges  0x00000288       0x68 hpl/can/hpl_can.o
 .debug_ranges  0x000002f0       0x10 hpl/core/hpl_init.o
 .debug_ranges  0x00000300       0x30 hpl/divas/hpl_divas.o
 .debug_ranges  0x00000330       0x18 hpl/gclk/hpl_gclk.o
 .debug_ranges  0x00000348       0x10 hpl/mclk/hpl_mclk.o
 .debug_ranges  0x00000358       0xf8 hpl/nvmctrl/hpl_nvmctrl.o
 .debug_ranges  0x00000450       0x10 hpl/osc32kctrl/hpl_osc32kctrl.o
 .debug_ranges  0x00000460       0x18 hpl/oscctrl/hpl_oscctrl.o
 .debug_ranges  0x00000478      0x6c8 hpl/sercom/hpl_sercom.o
 .debug_ranges  0x00000b40       0xf8 main.o
 .debug_ranges  0x00000c38       0x10 stdio_redirect/gcc/read.o
 .debug_ranges  0x00000c48       0x10 stdio_redirect/gcc/write.o
 .debug_ranges  0x00000c58       0x28 stdio_redirect/stdio_io.o
 .debug_ranges  0x00000c80       0x18 stdio_start.o

.debug_macro    0x00000000    0x2219e
 .debug_macro   0x00000000      0x802 atmel_start.o
 .debug_macro   0x00000802      0x89e atmel_start.o
 .debug_macro   0x000010a0      0x16d atmel_start.o
 .debug_macro   0x0000120d       0x22 atmel_start.o
 .debug_macro   0x0000122f       0x87 atmel_start.o
 .debug_macro   0x000012b6       0x51 atmel_start.o
 .debug_macro   0x00001307       0xef atmel_start.o
 .debug_macro   0x000013f6       0x6a atmel_start.o
 .debug_macro   0x00001460      0x1df atmel_start.o
 .debug_macro   0x0000163f       0x22 atmel_start.o
 .debug_macro   0x00001661       0x85 atmel_start.o
 .debug_macro   0x000016e6       0x1c atmel_start.o
 .debug_macro   0x00001702       0x22 atmel_start.o
 .debug_macro   0x00001724       0xb5 atmel_start.o
 .debug_macro   0x000017d9      0x4da atmel_start.o
 .debug_macro   0x00001cb3      0x11f atmel_start.o
 .debug_macro   0x00001dd2      0x897 atmel_start.o
 .debug_macro   0x00002669      0x8ce atmel_start.o
 .debug_macro   0x00002f37     0x2d61 atmel_start.o
 .debug_macro   0x00005c98      0x23a atmel_start.o
 .debug_macro   0x00005ed2      0x282 atmel_start.o
 .debug_macro   0x00006154      0x130 atmel_start.o
 .debug_macro   0x00006284      0xc36 atmel_start.o
 .debug_macro   0x00006eba      0x5f5 atmel_start.o
 .debug_macro   0x000074af      0x67b atmel_start.o
 .debug_macro   0x00007b2a      0x824 atmel_start.o
 .debug_macro   0x0000834e      0x17e atmel_start.o
 .debug_macro   0x000084cc      0x306 atmel_start.o
 .debug_macro   0x000087d2      0x55f atmel_start.o
 .debug_macro   0x00008d31      0x48a atmel_start.o
 .debug_macro   0x000091bb      0x21c atmel_start.o
 .debug_macro   0x000093d7      0x72e atmel_start.o
 .debug_macro   0x00009b05      0x5ab atmel_start.o
 .debug_macro   0x0000a0b0      0x335 atmel_start.o
 .debug_macro   0x0000a3e5      0x751 atmel_start.o
 .debug_macro   0x0000ab36       0xdc atmel_start.o
 .debug_macro   0x0000ac12      0x340 atmel_start.o
 .debug_macro   0x0000af52       0x6a atmel_start.o
 .debug_macro   0x0000afbc     0x124b atmel_start.o
 .debug_macro   0x0000c207      0x5a5 atmel_start.o
 .debug_macro   0x0000c7ac      0xfc4 atmel_start.o
 .debug_macro   0x0000d770      0x622 atmel_start.o
 .debug_macro   0x0000dd92      0x930 atmel_start.o
 .debug_macro   0x0000e6c2     0x19be atmel_start.o
 .debug_macro   0x00010080      0x39c atmel_start.o
 .debug_macro   0x0001041c      0x36a atmel_start.o
 .debug_macro   0x00010786       0x94 atmel_start.o
 .debug_macro   0x0001081a       0xac atmel_start.o
 .debug_macro   0x000108c6       0xac atmel_start.o
 .debug_macro   0x00010972      0x149 atmel_start.o
 .debug_macro   0x00010abb      0x149 atmel_start.o
 .debug_macro   0x00010c04       0x46 atmel_start.o
 .debug_macro   0x00010c4a       0x58 atmel_start.o
 .debug_macro   0x00010ca2       0x3a atmel_start.o
 .debug_macro   0x00010cdc       0xd0 atmel_start.o
 .debug_macro   0x00010dac       0xb2 atmel_start.o
 .debug_macro   0x00010e5e       0x7c atmel_start.o
 .debug_macro   0x00010eda      0x643 atmel_start.o
 .debug_macro   0x0001151d       0x46 atmel_start.o
 .debug_macro   0x00011563      0x1e6 atmel_start.o
 .debug_macro   0x00011749      0x184 atmel_start.o
 .debug_macro   0x000118cd       0x58 atmel_start.o
 .debug_macro   0x00011925       0xa0 atmel_start.o
 .debug_macro   0x000119c5       0xd6 atmel_start.o
 .debug_macro   0x00011a9b       0x94 atmel_start.o
 .debug_macro   0x00011b2f       0x4c atmel_start.o
 .debug_macro   0x00011b7b       0x70 atmel_start.o
 .debug_macro   0x00011beb       0x22 atmel_start.o
 .debug_macro   0x00011c0d      0x1da atmel_start.o
 .debug_macro   0x00011de7       0x2e atmel_start.o
 .debug_macro   0x00011e15       0x16 atmel_start.o
 .debug_macro   0x00011e2b       0xd6 atmel_start.o
 .debug_macro   0x00011f01       0xa0 atmel_start.o
 .debug_macro   0x00011fa1      0x133 atmel_start.o
 .debug_macro   0x000120d4      0x133 atmel_start.o
 .debug_macro   0x00012207      0x133 atmel_start.o
 .debug_macro   0x0001233a      0x133 atmel_start.o
 .debug_macro   0x0001246d      0x133 atmel_start.o
 .debug_macro   0x000125a0      0x133 atmel_start.o
 .debug_macro   0x000126d3      0x133 atmel_start.o
 .debug_macro   0x00012806      0x133 atmel_start.o
 .debug_macro   0x00012939       0x52 atmel_start.o
 .debug_macro   0x0001298b       0xfa atmel_start.o
 .debug_macro   0x00012a85       0xfa atmel_start.o
 .debug_macro   0x00012b7f       0xfa atmel_start.o
 .debug_macro   0x00012c79       0xfa atmel_start.o
 .debug_macro   0x00012d73       0xfa atmel_start.o
 .debug_macro   0x00012e6d       0xfa atmel_start.o
 .debug_macro   0x00012f67       0xfa atmel_start.o
 .debug_macro   0x00013061       0xfa atmel_start.o
 .debug_macro   0x0001315b      0x124 atmel_start.o
 .debug_macro   0x0001327f       0xfa atmel_start.o
 .debug_macro   0x00013379       0xee atmel_start.o
 .debug_macro   0x00013467       0x76 atmel_start.o
 .debug_macro   0x000134dd       0x3a atmel_start.o
 .debug_macro   0x00013517      0x4db atmel_start.o
 .debug_macro   0x000139f2     0x329c atmel_start.o
 .debug_macro   0x00016c8e       0x89 atmel_start.o
 .debug_macro   0x00016d17       0x10 atmel_start.o
 .debug_macro   0x00016d27       0x10 atmel_start.o
 .debug_macro   0x00016d37       0x16 atmel_start.o
 .debug_macro   0x00016d4d       0x16 atmel_start.o
 .debug_macro   0x00016d63       0x16 atmel_start.o
 .debug_macro   0x00016d79       0x16 atmel_start.o
 .debug_macro   0x00016d8f       0x16 atmel_start.o
 .debug_macro   0x00016da5       0x16 atmel_start.o
 .debug_macro   0x00016dbb       0x16 atmel_start.o
 .debug_macro   0x00016dd1       0x16 atmel_start.o
 .debug_macro   0x00016de7       0x16 atmel_start.o
 .debug_macro   0x00016dfd       0x16 atmel_start.o
 .debug_macro   0x00016e13       0x16 atmel_start.o
 .debug_macro   0x00016e29       0x16 atmel_start.o
 .debug_macro   0x00016e3f       0x16 atmel_start.o
 .debug_macro   0x00016e55       0x16 atmel_start.o
 .debug_macro   0x00016e6b       0x16 atmel_start.o
 .debug_macro   0x00016e81       0x16 atmel_start.o
 .debug_macro   0x00016e97       0x16 atmel_start.o
 .debug_macro   0x00016ead       0x16 atmel_start.o
 .debug_macro   0x00016ec3       0x16 atmel_start.o
 .debug_macro   0x00016ed9       0x16 atmel_start.o
 .debug_macro   0x00016eef       0x16 atmel_start.o
 .debug_macro   0x00016f05      0x262 atmel_start.o
 .debug_macro   0x00017167       0x16 atmel_start.o
 .debug_macro   0x0001717d       0x94 atmel_start.o
 .debug_macro   0x00017211       0x16 atmel_start.o
 .debug_macro   0x00017227       0xbe atmel_start.o
 .debug_macro   0x000172e5      0x28c atmel_start.o
 .debug_macro   0x00017571       0x16 atmel_start.o
 .debug_macro   0x00017587       0x16 atmel_start.o
 .debug_macro   0x0001759d       0xca atmel_start.o
 .debug_macro   0x00017667       0x1c atmel_start.o
 .debug_macro   0x00017683       0x16 atmel_start.o
 .debug_macro   0x00017699      0x12a atmel_start.o
 .debug_macro   0x000177c3       0x52 atmel_start.o
 .debug_macro   0x00017815       0xc9 atmel_start.o
 .debug_macro   0x000178de       0x58 atmel_start.o
 .debug_macro   0x00017936       0x35 atmel_start.o
 .debug_macro   0x0001796b       0x9c atmel_start.o
 .debug_macro   0x00017a07       0x16 atmel_start.o
 .debug_macro   0x00017a1d       0x35 atmel_start.o
 .debug_macro   0x00017a52      0x34d atmel_start.o
 .debug_macro   0x00017d9f       0x10 atmel_start.o
 .debug_macro   0x00017daf       0x58 atmel_start.o
 .debug_macro   0x00017e07       0x1f atmel_start.o
 .debug_macro   0x00017e26       0x43 atmel_start.o
 .debug_macro   0x00017e69       0x20 atmel_start.o
 .debug_macro   0x00017e89      0x187 atmel_start.o
 .debug_macro   0x00018010       0x10 atmel_start.o
 .debug_macro   0x00018020       0x1c atmel_start.o
 .debug_macro   0x0001803c       0x52 atmel_start.o
 .debug_macro   0x0001808e       0x40 atmel_start.o
 .debug_macro   0x000180ce       0x10 atmel_start.o
 .debug_macro   0x000180de       0x40 atmel_start.o
 .debug_macro   0x0001811e       0xd7 atmel_start.o
 .debug_macro   0x000181f5       0x16 atmel_start.o
 .debug_macro   0x0001820b      0x18b atmel_start.o
 .debug_macro   0x00018396      0x3ec Device_Startup/startup_samc21.o
 .debug_macro   0x00018782       0x7f Device_Startup/startup_samc21.o
 .debug_macro   0x00018801      0x68b driver_init.o
 .debug_macro   0x00018e8c       0x34 driver_init.o
 .debug_macro   0x00018ec0      0x5b7 hal/src/hal_can_async.o
 .debug_macro   0x00019477       0x10 hal/src/hal_can_async.o
 .debug_macro   0x00019487      0x5a6 hal/src/hal_flash.o
 .debug_macro   0x00019a2d      0x586 hal/src/hal_io.o
 .debug_macro   0x00019fb3      0x5b1 hal/src/hal_usart_sync.o
 .debug_macro   0x0001a564      0x57b hal/utils/src/utils_assert.o
 .debug_macro   0x0001aadf      0x1d6 hal/utils/src/utils_syscalls.o
 .debug_macro   0x0001acb5       0x52 hal/utils/src/utils_syscalls.o
 .debug_macro   0x0001ad07       0x8d hal/utils/src/utils_syscalls.o
 .debug_macro   0x0001ad94       0x57 hal/utils/src/utils_syscalls.o
 .debug_macro   0x0001adeb       0x97 hal/utils/src/utils_syscalls.o
 .debug_macro   0x0001ae82      0x353 hal/utils/src/utils_syscalls.o
 .debug_macro   0x0001b1d5       0xf6 hal/utils/src/utils_syscalls.o
 .debug_macro   0x0001b2cb       0x4c hal/utils/src/utils_syscalls.o
 .debug_macro   0x0001b317       0x16 hal/utils/src/utils_syscalls.o
 .debug_macro   0x0001b32d       0x10 hal/utils/src/utils_syscalls.o
 .debug_macro   0x0001b33d       0x10 hal/utils/src/utils_syscalls.o
 .debug_macro   0x0001b34d       0x35 hal/utils/src/utils_syscalls.o
 .debug_macro   0x0001b382      0x122 hal/utils/src/utils_syscalls.o
 .debug_macro   0x0001b4a4      0x680 hpl/can/hpl_can.o
 .debug_macro   0x0001bb24      0x167 hpl/can/hpl_can.o
 .debug_macro   0x0001bc8b       0x9e hpl/can/hpl_can.o
 .debug_macro   0x0001bd29      0x600 hpl/core/hpl_init.o
 .debug_macro   0x0001c329       0x1c hpl/core/hpl_init.o
 .debug_macro   0x0001c345      0x75b hpl/core/hpl_init.o
 .debug_macro   0x0001caa0      0x599 hpl/divas/hpl_divas.o
 .debug_macro   0x0001d039      0x58a hpl/gclk/hpl_gclk.o
 .debug_macro   0x0001d5c3      0x1f4 hpl/gclk/hpl_gclk.o
 .debug_macro   0x0001d7b7      0x585 hpl/mclk/hpl_mclk.o
 .debug_macro   0x0001dd3c      0x6d3 hpl/nvmctrl/hpl_nvmctrl.o
 .debug_macro   0x0001e40f       0x1c hpl/nvmctrl/hpl_nvmctrl.o
 .debug_macro   0x0001e42b      0x580 hpl/osc32kctrl/hpl_osc32kctrl.o
 .debug_macro   0x0001e9ab       0xb8 hpl/osc32kctrl/hpl_osc32kctrl.o
 .debug_macro   0x0001ea63      0x580 hpl/oscctrl/hpl_oscctrl.o
 .debug_macro   0x0001efe3      0x130 hpl/oscctrl/hpl_oscctrl.o
 .debug_macro   0x0001f113      0x7d4 hpl/sercom/hpl_sercom.o
 .debug_macro   0x0001f8e7       0x70 hpl/sercom/hpl_sercom.o
 .debug_macro   0x0001f957       0xba hpl/sercom/hpl_sercom.o
 .debug_macro   0x0001fa11       0x10 hpl/sercom/hpl_sercom.o
 .debug_macro   0x0001fa21       0x1c hpl/sercom/hpl_sercom.o
 .debug_macro   0x0001fa3d       0x22 hpl/sercom/hpl_sercom.o
 .debug_macro   0x0001fa5f       0x10 hpl/sercom/hpl_sercom.o
 .debug_macro   0x0001fa6f      0x8ba main.o
 .debug_macro   0x00020329       0x16 main.o
 .debug_macro   0x0002033f      0x111 main.o
 .debug_macro   0x00020450      0x6e1 stdio_redirect/gcc/read.o
 .debug_macro   0x00020b31      0x6e1 stdio_redirect/gcc/write.o
 .debug_macro   0x00021212      0x6da stdio_redirect/stdio_io.o
 .debug_macro   0x000218ec       0xaf stdio_redirect/stdio_io.o
 .debug_macro   0x0002199b      0x803 stdio_start.o

.debug_line     0x00000000    0x13aef
 .debug_line    0x00000000      0xdeb atmel_start.o
 .debug_line    0x00000deb      0x7ff Device_Startup/startup_samc21.o
 .debug_line    0x000015ea      0xda1 driver_init.o
 .debug_line    0x0000238b      0xcbd hal/src/hal_can_async.o
 .debug_line    0x00003048      0xd91 hal/src/hal_flash.o
 .debug_line    0x00003dd9      0xb66 hal/src/hal_io.o
 .debug_line    0x0000493f      0xd31 hal/src/hal_usart_sync.o
 .debug_line    0x00005670      0xb18 hal/utils/src/utils_assert.o
 .debug_line    0x00006188      0x40b hal/utils/src/utils_syscalls.o
 .debug_line    0x00006593      0xfc5 hpl/can/hpl_can.o
 .debug_line    0x00007558      0xc05 hpl/core/hpl_init.o
 .debug_line    0x0000815d      0xc20 hpl/divas/hpl_divas.o
 .debug_line    0x00008d7d      0xb6a hpl/gclk/hpl_gclk.o
 .debug_line    0x000098e7      0xb40 hpl/mclk/hpl_mclk.o
 .debug_line    0x0000a427     0x122f hpl/nvmctrl/hpl_nvmctrl.o
 .debug_line    0x0000b656      0xb62 hpl/osc32kctrl/hpl_osc32kctrl.o
 .debug_line    0x0000c1b8      0xb8e hpl/oscctrl/hpl_oscctrl.o
 .debug_line    0x0000cd46     0x2aba hpl/sercom/hpl_sercom.o
 .debug_line    0x0000f800     0x1007 main.o
 .debug_line    0x00010807      0xc41 stdio_redirect/gcc/read.o
 .debug_line    0x00011448      0xc42 stdio_redirect/gcc/write.o
 .debug_line    0x0001208a      0xc65 stdio_redirect/stdio_io.o
 .debug_line    0x00012cef      0xe00 stdio_start.o

.debug_str      0x00000000    0xa354b
 .debug_str     0x00000000    0x95ded atmel_start.o
                              0x96a20 (size before relaxing)
 .debug_str     0x00095ded      0x3e3 Device_Startup/startup_samc21.o
                              0x8ce29 (size before relaxing)
 .debug_str     0x000961d0     0x1b3e driver_init.o
                              0x947ba (size before relaxing)
 .debug_str     0x00097d0e      0x250 hal/src/hal_can_async.o
                              0x91eb4 (size before relaxing)
 .debug_str     0x00097f5e      0x18b hal/src/hal_flash.o
                              0x91df0 (size before relaxing)
 .debug_str     0x000980e9       0x2c hal/src/hal_io.o
                              0x91665 (size before relaxing)
 .debug_str     0x00098115      0x4aa hal/src/hal_usart_sync.o
                              0x92105 (size before relaxing)
 .debug_str     0x000985bf       0x2a hal/utils/src/utils_assert.o
                              0x915c8 (size before relaxing)
 .debug_str     0x000985e9      0x77f hal/utils/src/utils_syscalls.o
                               0x731e (size before relaxing)
 .debug_str     0x00098d68     0x14bb hpl/can/hpl_can.o
                              0x96a8d (size before relaxing)
 .debug_str     0x0009a223     0x1933 hpl/core/hpl_init.o
                              0x93e8f (size before relaxing)
 .debug_str     0x0009bb56      0x2ba hpl/divas/hpl_divas.o
                              0x91839 (size before relaxing)
 .debug_str     0x0009be10      0x81c hpl/gclk/hpl_gclk.o
                              0x91efe (size before relaxing)
 .debug_str     0x0009c62c       0x47 hpl/mclk/hpl_mclk.o
                              0x919ae (size before relaxing)
 .debug_str     0x0009c673      0x912 hpl/nvmctrl/hpl_nvmctrl.o
                              0x95694 (size before relaxing)
 .debug_str     0x0009cf85      0x5e0 hpl/osc32kctrl/hpl_osc32kctrl.o
                              0x91b90 (size before relaxing)
 .debug_str     0x0009d565      0x906 hpl/oscctrl/hpl_oscctrl.o
                              0x91f23 (size before relaxing)
 .debug_str     0x0009de6b     0x47ce hpl/sercom/hpl_sercom.o
                              0x97294 (size before relaxing)
 .debug_str     0x000a2639      0xe34 main.o
                              0x97920 (size before relaxing)
 .debug_str     0x000a346d       0x2b stdio_redirect/gcc/read.o
                              0x95375 (size before relaxing)
 .debug_str     0x000a3498       0x2d stdio_redirect/gcc/write.o
                              0x95377 (size before relaxing)
 .debug_str     0x000a34c5       0x4b stdio_redirect/stdio_io.o
                              0x95410 (size before relaxing)
 .debug_str     0x000a3510       0x3b stdio_start.o
                              0x96a50 (size before relaxing)

.debug_frame    0x00000000     0x2508
 .debug_frame   0x00000000       0x28 atmel_start.o
 .debug_frame   0x00000028       0x38 Device_Startup/startup_samc21.o
 .debug_frame   0x00000060       0xc8 driver_init.o
 .debug_frame   0x00000128      0x18c hal/src/hal_can_async.o
 .debug_frame   0x000002b4      0x1b8 hal/src/hal_flash.o
 .debug_frame   0x0000046c       0x58 hal/src/hal_io.o
 .debug_frame   0x000004c4      0x1f8 hal/src/hal_usart_sync.o
 .debug_frame   0x000006bc       0x20 hal/utils/src/utils_assert.o
 .debug_frame   0x000006dc       0xa8 hal/utils/src/utils_syscalls.o
 .debug_frame   0x00000784      0x12c hpl/can/hpl_can.o
 .debug_frame   0x000008b0       0x28 hpl/core/hpl_init.o
 .debug_frame   0x000008d8       0x90 hpl/divas/hpl_divas.o
 .debug_frame   0x00000968       0x30 hpl/gclk/hpl_gclk.o
 .debug_frame   0x00000998       0x20 hpl/mclk/hpl_mclk.o
 .debug_frame   0x000009b8      0x2dc hpl/nvmctrl/hpl_nvmctrl.o
 .debug_frame   0x00000c94       0x20 hpl/osc32kctrl/hpl_osc32kctrl.o
 .debug_frame   0x00000cb4       0x30 hpl/oscctrl/hpl_oscctrl.o
 .debug_frame   0x00000ce4      0xea8 hpl/sercom/hpl_sercom.o
 .debug_frame   0x00001b8c      0x118 main.o
 .debug_frame   0x00001ca4       0x28 stdio_redirect/gcc/read.o
 .debug_frame   0x00001ccc       0x28 stdio_redirect/gcc/write.o
 .debug_frame   0x00001cf4       0x6c stdio_redirect/stdio_io.o
 .debug_frame   0x00001d60       0x40 stdio_start.o
 .debug_frame   0x00001da0       0x2c c:/program files (x86)/atmel/studio/7.0/toolchain/arm/arm-gnu-toolchain/bin/../lib/gcc/arm-none-eabi/6.3.1/../../../../arm-none-eabi/lib/thumb/v6-m\libc_nano.a(lib_a-init.o)
 .debug_frame   0x00001dcc       0x40 c:/program files (x86)/atmel/studio/7.0/toolchain/arm/arm-gnu-toolchain/bin/../lib/gcc/arm-none-eabi/6.3.1/../../../../arm-none-eabi/lib/thumb/v6-m\libc_nano.a(lib_a-itoa.o)
 .debug_frame   0x00001e0c       0x74 c:/program files (x86)/atmel/studio/7.0/toolchain/arm/arm-gnu-toolchain/bin/../lib/gcc/arm-none-eabi/6.3.1/../../../../arm-none-eabi/lib/thumb/v6-m\libc_nano.a(lib_a-locale.o)
 .debug_frame   0x00001e80       0x44 c:/program files (x86)/atmel/studio/7.0/toolchain/arm/arm-gnu-toolchain/bin/../lib/gcc/arm-none-eabi/6.3.1/../../../../arm-none-eabi/lib/thumb/v6-m\libc_nano.a(lib_a-mbtowc_r.o)
 .debug_frame   0x00001ec4       0x28 c:/program files (x86)/atmel/studio/7.0/toolchain/arm/arm-gnu-toolchain/bin/../lib/gcc/arm-none-eabi/6.3.1/../../../../arm-none-eabi/lib/thumb/v6-m\libc_nano.a(lib_a-memcpy-stub.o)
 .debug_frame   0x00001eec       0x20 c:/program files (x86)/atmel/studio/7.0/toolchain/arm/arm-gnu-toolchain/bin/../lib/gcc/arm-none-eabi/6.3.1/../../../../arm-none-eabi/lib/thumb/v6-m\libc_nano.a(lib_a-memset.o)
 .debug_frame   0x00001f0c       0x28 c:/program files (x86)/atmel/studio/7.0/toolchain/arm/arm-gnu-toolchain/bin/../lib/gcc/arm-none-eabi/6.3.1/../../../../arm-none-eabi/lib/thumb/v6-m\libc_nano.a(lib_a-setbuf.o)
 .debug_frame   0x00001f34       0x30 c:/program files (x86)/atmel/studio/7.0/toolchain/arm/arm-gnu-toolchain/bin/../lib/gcc/arm-none-eabi/6.3.1/../../../../arm-none-eabi/lib/thumb/v6-m\libc_nano.a(lib_a-setvbuf.o)
 .debug_frame   0x00001f64       0x28 c:/program files (x86)/atmel/studio/7.0/toolchain/arm/arm-gnu-toolchain/bin/../lib/gcc/arm-none-eabi/6.3.1/../../../../arm-none-eabi/lib/thumb/v6-m\libc_nano.a(lib_a-strcat.o)
 .debug_frame   0x00001f8c       0x48 c:/program files (x86)/atmel/studio/7.0/toolchain/arm/arm-gnu-toolchain/bin/../lib/gcc/arm-none-eabi/6.3.1/../../../../arm-none-eabi/lib/thumb/v6-m\libc_nano.a(lib_a-utoa.o)
 .debug_frame   0x00001fd4       0x38 c:/program files (x86)/atmel/studio/7.0/toolchain/arm/arm-gnu-toolchain/bin/../lib/gcc/arm-none-eabi/6.3.1/../../../../arm-none-eabi/lib/thumb/v6-m\libc_nano.a(lib_a-wctomb_r.o)
 .debug_frame   0x0000200c       0x68 c:/program files (x86)/atmel/studio/7.0/toolchain/arm/arm-gnu-toolchain/bin/../lib/gcc/arm-none-eabi/6.3.1/../../../../arm-none-eabi/lib/thumb/v6-m\libc_nano.a(lib_a-fflush.o)
 .debug_frame   0x00002074      0x140 c:/program files (x86)/atmel/studio/7.0/toolchain/arm/arm-gnu-toolchain/bin/../lib/gcc/arm-none-eabi/6.3.1/../../../../arm-none-eabi/lib/thumb/v6-m\libc_nano.a(lib_a-findfp.o)
 .debug_frame   0x000021b4       0x58 c:/program files (x86)/atmel/studio/7.0/toolchain/arm/arm-gnu-toolchain/bin/../lib/gcc/arm-none-eabi/6.3.1/../../../../arm-none-eabi/lib/thumb/v6-m\libc_nano.a(lib_a-fwalk.o)
 .debug_frame   0x0000220c       0x54 c:/program files (x86)/atmel/studio/7.0/toolchain/arm/arm-gnu-toolchain/bin/../lib/gcc/arm-none-eabi/6.3.1/../../../../arm-none-eabi/lib/thumb/v6-m\libc_nano.a(lib_a-makebuf.o)
 .debug_frame   0x00002260       0x40 c:/program files (x86)/atmel/studio/7.0/toolchain/arm/arm-gnu-toolchain/bin/../lib/gcc/arm-none-eabi/6.3.1/../../../../arm-none-eabi/lib/thumb/v6-m\libc_nano.a(lib_a-malloc.o)
 .debug_frame   0x000022a0       0x2c c:/program files (x86)/atmel/studio/7.0/toolchain/arm/arm-gnu-toolchain/bin/../lib/gcc/arm-none-eabi/6.3.1/../../../../arm-none-eabi/lib/thumb/v6-m\libc_nano.a(lib_a-nano-freer.o)
 .debug_frame   0x000022cc       0x2c c:/program files (x86)/atmel/studio/7.0/toolchain/arm/arm-gnu-toolchain/bin/../lib/gcc/arm-none-eabi/6.3.1/../../../../arm-none-eabi/lib/thumb/v6-m\libc_nano.a(lib_a-nano-mallocr.o)
 .debug_frame   0x000022f8       0x2c c:/program files (x86)/atmel/studio/7.0/toolchain/arm/arm-gnu-toolchain/bin/../lib/gcc/arm-none-eabi/6.3.1/../../../../arm-none-eabi/lib/thumb/v6-m\libc_nano.a(lib_a-sbrkr.o)
 .debug_frame   0x00002324       0x90 c:/program files (x86)/atmel/studio/7.0/toolchain/arm/arm-gnu-toolchain/bin/../lib/gcc/arm-none-eabi/6.3.1/../../../../arm-none-eabi/lib/thumb/v6-m\libc_nano.a(lib_a-stdio.o)
 .debug_frame   0x000023b4       0x2c c:/program files (x86)/atmel/studio/7.0/toolchain/arm/arm-gnu-toolchain/bin/../lib/gcc/arm-none-eabi/6.3.1/../../../../arm-none-eabi/lib/thumb/v6-m\libc_nano.a(lib_a-writer.o)
 .debug_frame   0x000023e0       0x2c c:/program files (x86)/atmel/studio/7.0/toolchain/arm/arm-gnu-toolchain/bin/../lib/gcc/arm-none-eabi/6.3.1/../../../../arm-none-eabi/lib/thumb/v6-m\libc_nano.a(lib_a-closer.o)
 .debug_frame   0x0000240c       0x2c c:/program files (x86)/atmel/studio/7.0/toolchain/arm/arm-gnu-toolchain/bin/../lib/gcc/arm-none-eabi/6.3.1/../../../../arm-none-eabi/lib/thumb/v6-m\libc_nano.a(lib_a-fstatr.o)
 .debug_frame   0x00002438       0x2c c:/program files (x86)/atmel/studio/7.0/toolchain/arm/arm-gnu-toolchain/bin/../lib/gcc/arm-none-eabi/6.3.1/../../../../arm-none-eabi/lib/thumb/v6-m\libc_nano.a(lib_a-lseekr.o)
 .debug_frame   0x00002464       0x30 c:/program files (x86)/atmel/studio/7.0/toolchain/arm/arm-gnu-toolchain/bin/../lib/gcc/arm-none-eabi/6.3.1/../../../../arm-none-eabi/lib/thumb/v6-m\libc_nano.a(lib_a-mlock.o)
 .debug_frame   0x00002494       0x2c c:/program files (x86)/atmel/studio/7.0/toolchain/arm/arm-gnu-toolchain/bin/../lib/gcc/arm-none-eabi/6.3.1/../../../../arm-none-eabi/lib/thumb/v6-m\libc_nano.a(lib_a-readr.o)
 .debug_frame   0x000024c0       0x48 c:/program files (x86)/atmel/studio/7.0/toolchain/arm/arm-gnu-toolchain/bin/../lib/gcc/arm-none-eabi/6.3.1/../../../../arm-none-eabi/lib/thumb/v6-m\libc_nano.a(lib_a-reent.o)
